Component: ARM Compiler 5.06 update 6 (build 750) Tool: armlink [4d35ed]

==============================================================================

Section Cross References

    main.o(i.TIM2_IRQHandler) refers to stm32f10x_tim.o(i.TIM_GetITStatus) for TIM_GetITStatus
    main.o(i.TIM2_IRQHandler) refers to stm32f10x_tim.o(i.TIM_ClearITPendingBit) for TIM_ClearITPendingBit
    main.o(i.TIM2_IRQHandler) refers to key.o(i.Key_Scan) for Key_Scan
    main.o(i.TIM2_IRQHandler) refers to solgui_menu.o(i.SOLGUI_InputKey) for SOLGUI_InputKey
    main.o(i.TIM2_IRQHandler) refers to solgui_menu.o(i.SOLGUI_Menu_PageStage) for SOLGUI_Menu_PageStage
    main.o(i.TIM2_IRQHandler) refers to solgui_common.o(i.SOLGUI_Refresh) for SOLGUI_Refresh
    main.o(i._UI_MENU) refers to solgui_widget.o(i.SOLGUI_Cursor) for SOLGUI_Cursor
    main.o(i._UI_MENU) refers to f2d.o(x$fpl$f2d) for __aeabi_f2d
    main.o(i._UI_MENU) refers to solgui_widget.o(i.SOLGUI_Widget_OptionText) for SOLGUI_Widget_OptionText
    main.o(i._UI_MENU) refers to main.o(.data) for .data
    main.o(i.main) refers to misc.o(i.NVIC_PriorityGroupConfig) for NVIC_PriorityGroupConfig
    main.o(i.main) refers to delay.o(i.delay_init) for delay_init
    main.o(i.main) refers to usart.o(i.uart_init) for uart_init
    main.o(i.main) refers to led.o(i.LED_Init) for LED_Init
    main.o(i.main) refers to adc.o(i.Adc_Init) for Adc_Init
    main.o(i.main) refers to key.o(i.KEY_Init) for KEY_Init
    main.o(i.main) refers to beep.o(i.BEEP_Init) for BEEP_Init
    main.o(i.main) refers to solgui_hardware.o(i.SOLGUI_Hardware_Init) for SOLGUI_Hardware_Init
    main.o(i.main) refers to solgui_common.o(i.SOLGUI_Init) for SOLGUI_Init
    main.o(i.main) refers to solgui_common.o(i.SOLGUI_Refresh) for SOLGUI_Refresh
    main.o(i.main) refers to timer.o(i.TIM2_Int_Init) for TIM2_Int_Init
    main.o(i.main) refers to hw_config.o(i.USB_Port_Set) for USB_Port_Set
    main.o(i.main) refers to hw_config.o(i.Set_USBClock) for Set_USBClock
    main.o(i.main) refers to hw_config.o(i.USB_Interrupts_Config) for USB_Interrupts_Config
    main.o(i.main) refers to usb_init.o(i.USB_Init) for USB_Init
    main.o(i.main) refers to beep.o(i.Beeptimes) for Beeptimes
    main.o(i.main) refers to f2d.o(x$fpl$f2d) for __aeabi_f2d
    main.o(i.main) refers to delay.o(i.delay_ms) for delay_ms
    main.o(i.main) refers to adc.o(i.Get_Adc_Average) for Get_Adc_Average
    main.o(i.main) refers to dflt_clz.o(x$fpl$dfltu) for __aeabi_ui2d
    main.o(i.main) refers to scalbn.o(x$fpl$scalbn) for __ARM_scalbn
    main.o(i.main) refers to dmul.o(x$fpl$dmul) for __aeabi_dmul
    main.o(i.main) refers to d2f.o(x$fpl$d2f) for __aeabi_d2f
    main.o(i.main) refers to hw_config.o(i.usb_printf) for usb_printf
    main.o(i.main) refers to main.o(.data) for .data
    main.o(.data) refers to main.o(.conststring) for .conststring
    main.o(.data) refers to main.o(i._UI_MENU) for _UI_MENU
    system_stm32f10x.o(i.SystemCoreClockUpdate) refers to system_stm32f10x.o(.data) for .data
    system_stm32f10x.o(i.SystemInit) refers to system_stm32f10x.o(i.SetSysClockTo72) for SetSysClockTo72
    delay.o(i.delay_init) refers to misc.o(i.SysTick_CLKSourceConfig) for SysTick_CLKSourceConfig
    delay.o(i.delay_init) refers to system_stm32f10x.o(.data) for SystemCoreClock
    delay.o(i.delay_init) refers to delay.o(.data) for .data
    delay.o(i.delay_ms) refers to delay.o(.data) for .data
    delay.o(i.delay_us) refers to delay.o(.data) for .data
    usart.o(i.USART1_IRQHandler) refers (Special) to use_no_semi_2.o(.text) for __use_no_semihosting
    usart.o(i.USART1_IRQHandler) refers to stm32f10x_usart.o(i.USART_GetITStatus) for USART_GetITStatus
    usart.o(i.USART1_IRQHandler) refers to stm32f10x_usart.o(i.USART_ReceiveData) for USART_ReceiveData
    usart.o(i.USART1_IRQHandler) refers to usart.o(.data) for .data
    usart.o(i.USART1_IRQHandler) refers to usart.o(.bss) for .bss
    usart.o(i._sys_exit) refers (Special) to use_no_semi_2.o(.text) for __use_no_semihosting
    usart.o(i.fputc) refers (Special) to use_no_semi_2.o(.text) for __use_no_semihosting
    usart.o(i.uart_init) refers (Special) to use_no_semi_2.o(.text) for __use_no_semihosting
    usart.o(i.uart_init) refers to stm32f10x_rcc.o(i.RCC_APB2PeriphClockCmd) for RCC_APB2PeriphClockCmd
    usart.o(i.uart_init) refers to misc.o(i.NVIC_Init) for NVIC_Init
    usart.o(i.uart_init) refers to stm32f10x_usart.o(i.USART_Init) for USART_Init
    usart.o(i.uart_init) refers to stm32f10x_usart.o(i.USART_ITConfig) for USART_ITConfig
    usart.o(i.uart_init) refers to stm32f10x_usart.o(i.USART_Cmd) for USART_Cmd
    usart.o(.bss) refers (Special) to use_no_semi_2.o(.text) for __use_no_semihosting
    usart.o(.data) refers (Special) to use_no_semi_2.o(.text) for __use_no_semihosting
    usart.o(.data) refers (Special) to use_no_semi_2.o(.text) for __use_no_semihosting
    startup_stm32f10x_hd.o(STACK) refers (Special) to heapauxi.o(.text) for __use_two_region_memory
[...]
    _printf_truncate_signed                  0x08000611   Thumb Code    18  _printf_truncate.o(.text)
    _printf_truncate_unsigned                0x08000623   Thumb Code    18  _printf_truncate.o(.text)
    _printf_str                              0x08000635   Thumb Code    82  _printf_str.o(.text)
    _printf_int_common                       0x08000687   Thumb Code   178  _printf_intcommon.o(.text)
    _printf_charcount                        0x08000739   Thumb Code    40  _printf_charcount.o(.text)
    _printf_char_common                      0x0800076b   Thumb Code    32  _printf_char_common.o(.text)
    _sputc                                   0x08000791   Thumb Code    10  _sputc.o(.text)
    _printf_char_file                        0x0800079d   Thumb Code    32  _printf_char_file.o(.text)
    _printf_wctomb                           0x080007c1   Thumb Code   182  _printf_wctomb.o(.text)
    _printf_longlong_dec                     0x0800087d   Thumb Code   108  _printf_longlong_dec.o(.text)
    _printf_longlong_oct                     0x080008f9   Thumb Code    66  _printf_oct_int_ll.o(.text)
    _printf_int_oct                          0x0800093b   Thumb Code    24  _printf_oct_int_ll.o(.text)
    _printf_ll_oct                           0x08000953   Thumb Code    12  _printf_oct_int_ll.o(.text)
    _printf_longlong_hex                     0x08000969   Thumb Code    86  _printf_hex_int_ll_ptr.o(.text)
    _printf_int_hex                          0x080009bf   Thumb Code    28  _printf_hex_int_ll_ptr.o(.text)
    _printf_ll_hex                           0x080009db   Thumb Code    12  _printf_hex_int_ll_ptr.o(.text)
    _printf_hex_ptr                          0x080009e7   Thumb Code    18  _printf_hex_int_ll_ptr.o(.text)
    __aeabi_memclr4                          0x080009fd   Thumb Code     0  rt_memclr_w.o(.text)
    __aeabi_memclr8                          0x080009fd   Thumb Code     0  rt_memclr_w.o(.text)
    __rt_memclr_w                            0x080009fd   Thumb Code    78  rt_memclr_w.o(.text)
    _memset_w                                0x08000a01   Thumb Code     0  rt_memclr_w.o(.text)
    _ll_udiv10                               0x08000a4b   Thumb Code   138  lludiv10.o(.text)
    __lib_sel_fp_printf                      0x08000ad5   Thumb Code     2  _printf_fp_dec.o(.text)
    _printf_fp_dec_real                      0x08000c87   Thumb Code   620  _printf_fp_dec.o(.text)
    _printf_fp_hex_real                      0x08000ef5   Thumb Code   756  _printf_fp_hex.o(.text)
    _printf_cs_common                        0x080011f1   Thumb Code    20  _printf_char.o(.text)
    _printf_char                             0x08001205   Thumb Code    16  _printf_char.o(.text)
    _printf_string                           0x08001215   Thumb Code     8  _printf_char.o(.text)
    _printf_lcs_common                       0x0800121d   Thumb Code    20  _printf_wchar.o(.text)
    _printf_wchar                            0x08001231   Thumb Code    16  _printf_wchar.o(.text)
    _printf_wstring                          0x08001241   Thumb Code     8  _printf_wchar.o(.text)
    ferror                                   0x08001249   Thumb Code     8  ferror.o(.text)
    _wcrtomb                                 0x08001251   Thumb Code    64  _wcrtomb.o(.text)
    __user_setup_stackheap                   0x08001291   Thumb Code    74  sys_stackheap_outer.o(.text)
    __rt_ctype_table                         0x080012dd   Thumb Code    16  rt_ctype_table.o(.text)
    __rt_locale                              0x080012ed   Thumb Code     8  rt_locale_intlibspace.o(.text)
    _printf_fp_infnan                        0x080012f5   Thumb Code   112  _printf_fp_infnan.o(.text)
    _btod_etento                             0x08001375   Thumb Code   224  bigflt0.o(.text)
    exit                                     0x08001459   Thumb Code    18  exit.o(.text)
    __user_libspace                          0x0800146d   Thumb Code     8  libspace.o(.text)
    __user_perproc_libspace                  0x0800146d   Thumb Code     0  libspace.o(.text)
    __user_perthread_libspace                0x0800146d   Thumb Code     0  libspace.o(.text)
    strcmp                                   0x08001475   Thumb Code   128  strcmpv7m.o(.text)
    _btod_d2e                                0x080014f5   Thumb Code    62  btod.o(CL$$btod_d2e)
    _d2e_denorm_low                          0x08001533   Thumb Code    70  btod.o(CL$$btod_d2e_denorm_low)
    _d2e_norm_op1                            0x08001579   Thumb Code    96  btod.o(CL$$btod_d2e_norm_op1)
    __btod_div_common                        0x080015d9   Thumb Code   696  btod.o(CL$$btod_div_common)
    _e2e                                     0x08001911   Thumb Code   220  btod.o(CL$$btod_e2e)
    _btod_ediv                               0x080019ed   Thumb Code    42  btod.o(CL$$btod_ediv)
    _btod_emul                               0x08001a17   Thumb Code    42  btod.o(CL$$btod_emul)
    __btod_mult_common                       0x08001a41   Thumb Code   580  btod.o(CL$$btod_mult_common)
    ADC_Cmd                                  0x08001c85   Thumb Code    20  stm32f10x_adc.o(i.ADC_Cmd)
    ADC_DeInit                               0x08001c99   Thumb Code    56  stm32f10x_adc.o(i.ADC_DeInit)
    ADC_GetCalibrationStatus                 0x08001cdd   Thumb Code    14  stm32f10x_adc.o(i.ADC_GetCalibrationStatus)
    ADC_GetConversionValue                   0x08001ceb   Thumb Code     6  stm32f10x_adc.o(i.ADC_GetConversionValue)
    ADC_GetFlagStatus                        0x08001cf1   Thumb Code    14  stm32f10x_adc.o(i.ADC_GetFlagStatus)
    ADC_GetResetCalibrationStatus            0x08001cff   Thumb Code    14  stm32f10x_adc.o(i.ADC_GetResetCalibrationStatus)
    ADC_Init                                 0x08001d0d   Thumb Code    62  stm32f10x_adc.o(i.ADC_Init)
    ADC_RegularChannelConfig                 0x08001d55   Thumb Code   116  stm32f10x_adc.o(i.ADC_RegularChannelConfig)
    ADC_ResetCalibration                     0x08001dc9   Thumb Code    10  stm32f10x_adc.o(i.ADC_ResetCalibration)
    ADC_SoftwareStartConvCmd                 0x08001dd3   Thumb Code    20  stm32f10x_adc.o(i.ADC_SoftwareStartConvCmd)
    ADC_StartCalibration                     0x08001de7   Thumb Code    10  stm32f10x_adc.o(i.ADC_StartCalibration)
    Adc_Init                                 0x08001df1   Thumb Code   128  adc.o(i.Adc_Init)
    BEEP_Init                                0x08001e79   Thumb Code    50  beep.o(i.BEEP_Init)
    Beeptimes                                0x08001eb1   Thumb Code    52  beep.o(i.Beeptimes)
    BusFault_Handler                         0x08001ee9   Thumb Code     2  stm32f10x_it.o(i.BusFault_Handler)
    ByteSwap                                 0x08001eeb   Thumb Code    10  usb_regs.o(i.ByteSwap)
    CTR_LP                                   0x08001ef5   Thumb Code   318  usb_int.o(i.CTR_LP)
    ClearDTOG_RX                             0x08002051   Thumb Code    36  usb_regs.o(i.ClearDTOG_RX)
    ClearDTOG_TX                             0x08002079   Thumb Code    36  usb_regs.o(i.ClearDTOG_TX)
    Clear_Status_Out                         0x080020a1   Thumb Code    28  usb_regs.o(i.Clear_Status_Out)
    DebugMon_Handler                         0x080023b5   Thumb Code     2  stm32f10x_it.o(i.DebugMon_Handler)
    EP1_IN_Callback                          0x080023b9   Thumb Code   116  usb_endp.o(i.EP1_IN_Callback)
    EP3_OUT_Callback                         0x08002431   Thumb Code    28  usb_endp.o(i.EP3_OUT_Callback)
    EXTI0_IRQHandler                         0x08002451   Thumb Code     6  exti.o(i.EXTI0_IRQHandler)
    EXTI2_IRQHandler                         0x08002457   Thumb Code     6  exti.o(i.EXTI2_IRQHandler)
    EXTI3_IRQHandler                         0x0800245d   Thumb Code     6  exti.o(i.EXTI3_IRQHandler)
    EXTI4_IRQHandler                         0x08002463   Thumb Code     6  exti.o(i.EXTI4_IRQHandler)
    EXTI_ClearITPendingBit                   0x08002469   Thumb Code     6  stm32f10x_exti.o(i.EXTI_ClearITPendingBit)
    EXTI_Init                                0x08002475   Thumb Code   108  stm32f10x_exti.o(i.EXTI_Init)
    Enter_LowPowerMode                       0x080024e5   Thumb Code    16  hw_config.o(i.Enter_LowPowerMode)
    FIFO_DeQueue                             0x08002515   Thumb Code    32  solgui_menu.o(i.FIFO_DeQueue)
    FIFO_EnQueue                             0x08002539   Thumb Code    24  solgui_menu.o(i.FIFO_EnQueue)
    FIFO_Init                                0x08002555   Thumb Code    14  solgui_menu.o(i.FIFO_Init)
    GPIO_Init                                0x08002569   Thumb Code   162  stm32f10x_gpio.o(i.GPIO_Init)
    GPIO_PinRemapConfig                      0x0800260d   Thumb Code    82  stm32f10x_gpio.o(i.GPIO_PinRemapConfig)
    GPIO_ReadInputDataBit                    0x08002665   Thumb Code    14  stm32f10x_gpio.o(i.GPIO_ReadInputDataBit)
    GPIO_ResetBits                           0x08002673   Thumb Code     4  stm32f10x_gpio.o(i.GPIO_ResetBits)
    GPIO_SetBits                             0x08002677   Thumb Code     4  stm32f10x_gpio.o(i.GPIO_SetBits)
    GetEPRxAddr                              0x0800267d   Thumb Code    22  usb_regs.o(i.GetEPRxAddr)
    GetEPRxCount                             0x0800269d   Thumb Code    24  usb_regs.o(i.GetEPRxCount)
    GetEPTxAddr                              0x080026bd   Thumb Code    20  usb_regs.o(i.GetEPTxAddr)
    Get_Adc                                  0x080026d9   Thumb Code    46  adc.o(i.Get_Adc)
    Get_Adc_Average                          0x0800270d   Thumb Code    40  adc.o(i.Get_Adc_Average)
    Get_SerialNum                            0x08002735   Thumb Code    44  hw_config.o(i.Get_SerialNum)
    HardFault_Handler                        0x08002769   Thumb Code     2  stm32f10x_it.o(i.HardFault_Handler)
    In0_Process                              0x0800276d   Thumb Code    80  usb_core.o(i.In0_Process)
    IntToUnicode                             0x080027c9   Thumb Code    56  hw_config.o(i.IntToUnicode)
    KEY_Init                                 0x08002801   Thumb Code    54  key.o(i.KEY_Init)
    Key_Scan                                 0x08002841   Thumb Code    96  key.o(i.Key_Scan)
    LED_Init                                 0x080028a9   Thumb Code    56  led.o(i.LED_Init)
    Leave_LowPowerMode                       0x080028e9   Thumb Code    26  hw_config.o(i.Leave_LowPowerMode)
    MemManage_Handler                        0x08002925   Thumb Code     2  stm32f10x_it.o(i.MemManage_Handler)
    NMI_Handler                              0x08002927   Thumb Code     2  stm32f10x_it.o(i.NMI_Handler)
    NOP_Process                              0x08002929   Thumb Code     2  usb_core.o(i.NOP_Process)
    NVIC_Init                                0x0800292d   Thumb Code    94  misc.o(i.NVIC_Init)
    NVIC_PriorityGroupConfig                 0x08002991   Thumb Code    10  misc.o(i.NVIC_PriorityGroupConfig)
    OLED_Clear                               0x08002a79   Thumb Code    60  oled.o(i.OLED_Clear)
    OLED_FillScreen                          0x08002ab5   Thumb Code    62  oled.o(i.OLED_FillScreen)
    OLED_Init                                0x08002af5   Thumb Code   328  oled.o(i.OLED_Init)
    OLED_Set_Pos                             0x08002c41   Thumb Code    44  oled.o(i.OLED_Set_Pos)
    OLED_WR_Byte                             0x08002c6d   Thumb Code    88  oled.o(i.OLED_WR_Byte)
    Out0_Process                             0x08002cc9   Thumb Code    62  usb_core.o(i.Out0_Process)
    PMAToUserBufferCopy                      0x08002d11   Thumb Code    26  usb_mem.o(i.PMAToUserBufferCopy)
    PendSV_Handler                           0x08002d31   Thumb Code     2  stm32f10x_it.o(i.PendSV_Handler)
    Post0_Process                            0x08002d35   Thumb Code    52  usb_core.o(i.Post0_Process)
    PowerOn                                  0x08002d79   Thumb Code    36  usb_pwr.o(i.PowerOn)
    RCC_ADCCLKConfig                         0x08002da5   Thumb Code    14  stm32f10x_rcc.o(i.RCC_ADCCLKConfig)
    RCC_APB1PeriphClockCmd                   0x08002db9   Thumb Code    18  stm32f10x_rcc.o(i.RCC_APB1PeriphClockCmd)
    RCC_APB2PeriphClockCmd                   0x08002dd1   Thumb Code    18  stm32f10x_rcc.o(i.RCC_APB2PeriphClockCmd)
    RCC_APB2PeriphResetCmd                   0x08002de9   Thumb Code    18  stm32f10x_rcc.o(i.RCC_APB2PeriphResetCmd)
    RCC_GetClocksFreq                        0x08002e01   Thumb Code   128  stm32f10x_rcc.o(i.RCC_GetClocksFreq)
    RCC_USBCLKConfig                         0x08002e91   Thumb Code     8  stm32f10x_rcc.o(i.RCC_USBCLKConfig)
    Resume                                   0x08002e9d   Thumb Code   140  usb_pwr.o(i.Resume)
    Resume_Init                              0x08002f31   Thumb Code    26  usb_pwr.o(i.Resume_Init)
    SOF_Callback                             0x08002f51   Thumb Code    30  usb_endp.o(i.SOF_Callback)
    SOLGUI_Clean                             0x08002f79   Thumb Code    10  solgui_common.o(i.SOLGUI_Clean)
    SOLGUI_Cursor                            0x08002f89   Thumb Code   404  solgui_widget.o(i.SOLGUI_Cursor)
    SOLGUI_DrawPoint                         0x0800312d   Thumb Code    54  solgui_common.o(i.SOLGUI_DrawPoint)
    SOLGUI_GBasic_Line                       0x08003169   Thumb Code   204  solgui_gbasic.o(i.SOLGUI_GBasic_Line)
    SOLGUI_GBasic_Rectangle                  0x08003235   Thumb Code   156  solgui_gbasic.o(i.SOLGUI_GBasic_Rectangle)
    SOLGUI_GetCurrentKey                     0x080032d1   Thumb Code     6  solgui_menu.o(i.SOLGUI_GetCurrentKey)
    SOLGUI_Hardware_FillScreen               0x080032dd   Thumb Code     4  solgui_hardware.o(i.SOLGUI_Hardware_FillScreen)
    SOLGUI_Hardware_Init                     0x080032e1   Thumb Code    14  solgui_hardware.o(i.SOLGUI_Hardware_Init)
    SOLGUI_Init                              0x080032f1   Thumb Code    28  solgui_common.o(i.SOLGUI_Init)
    SOLGUI_InputKey                          0x08003311   Thumb Code     4  solgui_menu.o(i.SOLGUI_InputKey)
    SOLGUI_Menu_PageStage                    0x08003315   Thumb Code    56  solgui_menu.o(i.SOLGUI_Menu_PageStage)
    SOLGUI_Menu_SetHomePage                  0x08003355   Thumb Code     8  solgui_menu.o(i.SOLGUI_Menu_SetHomePage)
    SOLGUI_Menu_Title                        0x08003361   Thumb Code   108  solgui_menu.o(i.SOLGUI_Menu_Title)
    SOLGUI_PutChar                           0x080033dd   Thumb Code   132  solgui_printf.o(i.SOLGUI_PutChar)
    SOLGUI_PutString                         0x08003461   Thumb Code    54  solgui_printf.o(i.SOLGUI_PutString)
    SOLGUI_Refresh                           0x08003499   Thumb Code    16  solgui_common.o(i.SOLGUI_Refresh)
    SOLGUI_SwitchFont                        0x080034ad   Thumb Code    34  solgui_printf.o(i.SOLGUI_SwitchFont)
    SOLGUI_Widget_OptionText                 0x080034d5   Thumb Code    56  solgui_widget.o(i.SOLGUI_Widget_OptionText)
    SOLGUI_printf                            0x08003511   Thumb Code    20  solgui_printf.o(i.SOLGUI_printf)
    SVC_Handler                              0x08003525   Thumb Code     2  stm32f10x_it.o(i.SVC_Handler)
    SetBTABLE                                0x08003529   Thumb Code    10  usb_regs.o(i.SetBTABLE)
    SetDeviceAddress                         0x08003539   Thumb Code    58  usb_core.o(i.SetDeviceAddress)
    SetEPRxAddr                              0x08003581   Thumb Code    24  usb_regs.o(i.SetEPRxAddr)
    SetEPRxCount                             0x080035a1   Thumb Code    54  usb_regs.o(i.SetEPRxCount)
    SetEPRxStatus                            0x080035e1   Thumb Code    44  usb_regs.o(i.SetEPRxStatus)
    SetEPRxValid                             0x08003611   Thumb Code    32  usb_regs.o(i.SetEPRxValid)
    SetEPTxAddr                              0x08003635   Thumb Code    22  usb_regs.o(i.SetEPTxAddr)
    SetEPTxCount                             0x08003655   Thumb Code    20  usb_regs.o(i.SetEPTxCount)
    SetEPTxStatus                            0x08003671   Thumb Code    44  usb_regs.o(i.SetEPTxStatus)
    SetEPTxValid                             0x080036a1   Thumb Code    32  usb_regs.o(i.SetEPTxValid)
    SetEPType                                0x080036c5   Thumb Code    24  usb_regs.o(i.SetEPType)
    Set_USBClock                             0x08003789   Thumb Code    20  hw_config.o(i.Set_USBClock)
    Setup0_Process                           0x0800379d   Thumb Code    92  usb_core.o(i.Setup0_Process)
    Standard_ClearFeature                    0x08003805   Thumb Code   232  usb_core.o(i.Standard_ClearFeature)
    Standard_GetConfiguration                0x08003901   Thumb Code    30  usb_core.o(i.Standard_GetConfiguration)
    Standard_GetDescriptorData               0x08003929   Thumb Code    24  usb_core.o(i.Standard_GetDescriptorData)
    Standard_GetInterface                    0x08003945   Thumb Code    30  usb_core.o(i.Standard_GetInterface)
    Standard_GetStatus                       0x0800396d   Thumb Code   130  usb_core.o(i.Standard_GetStatus)
    Standard_SetConfiguration                0x08003a01   Thumb Code    42  usb_core.o(i.Standard_SetConfiguration)
    Standard_SetDeviceFeature                0x08003a39   Thumb Code    26  usb_core.o(i.Standard_SetDeviceFeature)
    Standard_SetEndPointFeature              0x08003a5d   Thumb Code   118  usb_core.o(i.Standard_SetEndPointFeature)
    Standard_SetInterface                    0x08003ae5   Thumb Code    60  usb_core.o(i.Standard_SetInterface)
    Suspend                                  0x08003b2d   Thumb Code   114  usb_pwr.o(i.Suspend)
    SysTick_CLKSourceConfig                  0x08003bad   Thumb Code    24  misc.o(i.SysTick_CLKSourceConfig)
    SysTick_Handler                          0x08003bc5   Thumb Code     2  stm32f10x_it.o(i.SysTick_Handler)
    SystemInit                               0x08003bc9   Thumb Code    64  system_stm32f10x.o(i.SystemInit)
    TIM2_IRQHandler                          0x08003c19   Thumb Code    46  main.o(i.TIM2_IRQHandler)
    TIM2_Int_Init                            0x08003c47   Thumb Code    92  timer.o(i.TIM2_Int_Init)
    TIM_ClearITPendingBit                    0x08003ca3   Thumb Code     6  stm32f10x_tim.o(i.TIM_ClearITPendingBit)
    TIM_Cmd                                  0x08003ca9   Thumb Code    20  stm32f10x_tim.o(i.TIM_Cmd)
    TIM_GetITStatus                          0x08003cbd   Thumb Code    24  stm32f10x_tim.o(i.TIM_GetITStatus)
    TIM_ITConfig                             0x08003cd5   Thumb Code    16  stm32f10x_tim.o(i.TIM_ITConfig)
    TIM_TimeBaseInit                         0x08003ce5   Thumb Code   114  stm32f10x_tim.o(i.TIM_TimeBaseInit)
    USART1_IRQHandler                        0x08003d81   Thumb Code    88  usart.o(i.USART1_IRQHandler)
    USART_Cmd                                0x08003de5   Thumb Code    20  stm32f10x_usart.o(i.USART_Cmd)
    USART_Config                             0x08003df9   Thumb Code    56  hw_config.o(i.USART_Config)
    USART_GetITStatus                        0x08003ea5   Thumb Code    62  stm32f10x_usart.o(i.USART_GetITStatus)
    USART_ITConfig                           0x08003ee3   Thumb Code    48  stm32f10x_usart.o(i.USART_ITConfig)
    USART_Init                               0x08003f15   Thumb Code   166  stm32f10x_usart.o(i.USART_Init)
    USART_ReceiveData                        0x08003fc1   Thumb Code     8  stm32f10x_usart.o(i.USART_ReceiveData)
    USBWakeUp_IRQHandler                     0x08003fc9   Thumb Code     8  hw_config.o(i.USBWakeUp_IRQHandler)
    USB_Cable_Config                         0x08003fd1   Thumb Code    12  hw_config.o(i.USB_Cable_Config)
    USB_Init                                 0x0800400d   Thumb Code    22  usb_init.o(i.USB_Init)
    USB_Interrupts_Config                    0x08004035   Thumb Code    76  hw_config.o(i.USB_Interrupts_Config)
    USB_Istr                                 0x08004081   Thumb Code   310  usb_istr.o(i.USB_Istr)
    USB_LP_CAN1_RX0_IRQHandler               0x080041d1   Thumb Code     4  hw_config.o(i.USB_LP_CAN1_RX0_IRQHandler)
    USB_Port_Set                             0x080041d5   Thumb Code    64  hw_config.o(i.USB_Port_Set)
    USB_SIL_Init                             0x08004221   Thumb Code    24  usb_sil.o(i.USB_SIL_Init)
    USB_SIL_Read                             0x08004241   Thumb Code    36  usb_sil.o(i.USB_SIL_Read)
    USB_To_USART_Send_Data                   0x08004265   Thumb Code    78  hw_config.o(i.USB_To_USART_Send_Data)
    USB_USART_SendData                       0x080042bd   Thumb Code    36  hw_config.o(i.USB_USART_SendData)
    UsageFault_Handler                       0x080042e5   Thumb Code     2  stm32f10x_it.o(i.UsageFault_Handler)
    UserToPMABufferCopy                      0x080042e9   Thumb Code    38  usb_mem.o(i.UserToPMABufferCopy)
    Virtual_Com_Port_Data_Setup              0x08004315   Thumb Code    68  usb_prop.o(i.Virtual_Com_Port_Data_Setup)
    Virtual_Com_Port_GetConfigDescriptor     0x08004369   Thumb Code     6  usb_prop.o(i.Virtual_Com_Port_GetConfigDescriptor)
    Virtual_Com_Port_GetDeviceDescriptor     0x08004375   Thumb Code     6  usb_prop.o(i.Virtual_Com_Port_GetDeviceDescriptor)
    Virtual_Com_Port_GetLineCoding           0x08004381   Thumb Code    18  usb_prop.o(i.Virtual_Com_Port_GetLineCoding)
    Virtual_Com_Port_GetStringDescriptor     0x0800439d   Thumb Code    24  usb_prop.o(i.Virtual_Com_Port_GetStringDescriptor)
    Virtual_Com_Port_Get_Interface_Setting   0x080043bd   Thumb Code    14  usb_prop.o(i.Virtual_Com_Port_Get_Interface_Setting)
    Virtual_Com_Port_NoData_Setup            0x080043cd   Thumb Code    30  usb_prop.o(i.Virtual_Com_Port_NoData_Setup)
    Virtual_Com_Port_Reset                   0x080043f1   Thumb Code   208  usb_prop.o(i.Virtual_Com_Port_Reset)
    Virtual_Com_Port_SetConfiguration        0x080044d1   Thumb Code    16  usb_prop.o(i.Virtual_Com_Port_SetConfiguration)
    Virtual_Com_Port_SetDeviceAddress        0x080044e9   Thumb Code     8  usb_prop.o(i.Virtual_Com_Port_SetDeviceAddress)
    Virtual_Com_Port_SetLineCoding           0x080044f5   Thumb Code    18  usb_prop.o(i.Virtual_Com_Port_SetLineCoding)
    Virtual_Com_Port_Status_In               0x08004511   Thumb Code    20  usb_prop.o(i.Virtual_Com_Port_Status_In)
    Virtual_Com_Port_Status_Out              0x08004529   Thumb Code     2  usb_prop.o(i.Virtual_Com_Port_Status_Out)
    Virtual_Com_Port_init                    0x0800452d   Thumb Code    28  usb_prop.o(i.Virtual_Com_Port_init)
    _LineModes                               0x08004551   Thumb Code    44  solgui_gbasic.o(i._LineModes)
    _OptionsDisplay_Judge                    0x0800457d   Thumb Code    24  solgui_widget.o(i._OptionsDisplay_Judge)
    _OptionsDisplay_coorY                    0x08004599   Thumb Code    16  solgui_widget.o(i._OptionsDisplay_coorY)
    _UI_MENU                                 0x080045ad   Thumb Code    36  main.o(i._UI_MENU)
    __ARM_fpclassify                         0x080045dd   Thumb Code    40  fpclassify.o(i.__ARM_fpclassify)
    __SOLGUI_printf                          0x08004605   Thumb Code   910  solgui_printf.o(i.__SOLGUI_printf)
    _is_digit                                0x08004993   Thumb Code    14  __printf_wp.o(i._is_digit)
    _sys_exit                                0x080049a1   Thumb Code     2  usart.o(i._sys_exit)
    delay_init                               0x080049a5   Thumb Code    46  delay.o(i.delay_init)
    delay_ms                                 0x080049e1   Thumb Code    46  delay.o(i.delay_ms)
    fputc                                    0x08004a15   Thumb Code    18  usart.o(i.fputc)
    main                                     0x08004a2d   Thumb Code   186  main.o(i.main)
    uart_init                                0x08004b01   Thumb Code   104  usart.o(i.uart_init)
    usb_printf                               0x08004b6d   Thumb Code    48  hw_config.o(i.usb_printf)
    _get_lc_numeric                          0x08004ba1   Thumb Code    44  lc_numeric_c.o(locale$$code)
    _get_lc_ctype                            0x08004bcd   Thumb Code    44  lc_ctype_c.o(locale$$code)
    __aeabi_d2f                              0x08004bf9   Thumb Code     0  d2f.o(x$fpl$d2f)
    _d2f                                     0x08004bf9   Thumb Code    98  d2f.o(x$fpl$d2f)
    __aeabi_dadd                             0x08004c5d   Thumb Code     0  daddsub_clz.o(x$fpl$dadd)
    _dadd                                    0x08004c5d   Thumb Code   332  daddsub_clz.o(x$fpl$dadd)
    __fpl_dcheck_NaN1                        0x08004dad   Thumb Code    10  dcheck1.o(x$fpl$dcheck1)
    __fpl_dcmp_Inf                           0x08004dbd   Thumb Code    24  dcmpi.o(x$fpl$dcmpinf)
    __aeabi_ddiv                             0x08004dd5   Thumb Code     0  ddiv.o(x$fpl$ddiv)
    _ddiv                                    0x08004dd5   Thumb Code   552  ddiv.o(x$fpl$ddiv)
    __aeabi_d2iz                             0x08005085   Thumb Code     0  dfix.o(x$fpl$dfix)
    _dfix                                    0x08005085   Thumb Code    94  dfix.o(x$fpl$dfix)
    __aeabi_d2uiz                            0x080050e5   Thumb Code     0  dfixu.o(x$fpl$dfixu)
    _dfixu                                   0x080050e5   Thumb Code    90  dfixu.o(x$fpl$dfixu)
    __aeabi_i2d                              0x0800513f   Thumb Code     0  dflt_clz.o(x$fpl$dflt)
    _dflt                                    0x0800513f   Thumb Code    46  dflt_clz.o(x$fpl$dflt)
    __aeabi_ui2d                             0x0800516d   Thumb Code     0  dflt_clz.o(x$fpl$dfltu)
    _dfltu                                   0x0800516d   Thumb Code    38  dflt_clz.o(x$fpl$dfltu)
    __aeabi_cdcmple                          0x08005195   Thumb Code     0  dleqf.o(x$fpl$dleqf)
    _dcmple                                  0x08005195   Thumb Code   120  dleqf.o(x$fpl$dleqf)
    __fpl_dcmple_InfNaN                      0x080051f7   Thumb Code     0  dleqf.o(x$fpl$dleqf)
    __aeabi_dmul                             0x0800520d   Thumb Code     0  dmul.o(x$fpl$dmul)
    _dmul                                    0x0800520d   Thumb Code   332  dmul.o(x$fpl$dmul)
    __fpl_dnaninf                            0x08005361   Thumb Code   156  dnaninf.o(x$fpl$dnaninf)
    __fpl_dretinf                            0x080053fd   Thumb Code    12  dretinf.o(x$fpl$dretinf)
    __aeabi_drsub                            0x08005409   Thumb Code     0  daddsub_clz.o(x$fpl$drsb)
    _drsb                                    0x08005409   Thumb Code    22  daddsub_clz.o(x$fpl$drsb)
    __aeabi_dsub                             0x08005421   Thumb Code     0  daddsub_clz.o(x$fpl$dsub)
    _dsub                                    0x08005421   Thumb Code   464  daddsub_clz.o(x$fpl$dsub)
    __aeabi_f2d                              0x080055f5   Thumb Code     0  f2d.o(x$fpl$f2d)
    _f2d                                     0x080055f5   Thumb Code    86  f2d.o(x$fpl$f2d)
    __fpl_fnaninf                            0x0800564b   Thumb Code   140  fnaninf.o(x$fpl$fnaninf)
    __fpl_fretinf                            0x080056d7   Thumb Code    10  fretinf.o(x$fpl$fretinf)
    _printf_fp_dec                           0x080056e1   Thumb Code     4  printf1.o(x$fpl$printf1)
    _printf_fp_hex                           0x080056e5   Thumb Code     4  printf2.o(x$fpl$printf2)
    __fpl_return_NaN                         0x080056e9   Thumb Code   100  retnan.o(x$fpl$retnan)
    __ARM_scalbn                             0x0800574d   Thumb Code    92  scalbn.o(x$fpl$scalbn)
    __fpl_cmpreturn                          0x080057a9   Thumb Code    48  trapv.o(x$fpl$trapveneer)
    Virtual_Com_Port_DeviceDescriptor        0x080057d8   Data          18  usb_desc.o(.constdata)
    __I$use$fp                               0x080057d8   Number         0  usenofp.o(x$fpl$usenofp)
    Virtual_Com_Port_ConfigDescriptor        0x080057ea   Data          67  usb_desc.o(.constdata)
    Virtual_Com_Port_StringLangID            0x0800582d   Data           4  usb_desc.o(.constdata)
    Virtual_Com_Port_StringVendor            0x08005831   Data          38  usb_desc.o(.constdata)
    Virtual_Com_Port_StringProduct           0x08005857   Data          50  usb_desc.o(.constdata)
    SOL_ASCII_IME_lowerchar                  0x08005889   Data          27  solgui_widget.o(.constdata)
    SOL_ASCII_IME_upperchar                  0x080058a4   Data          27  solgui_widget.o(.constdata)
    SOL_ASCII_IME_Number                     0x080058bf   Data          29  solgui_widget.o(.constdata)
    SOL_ASCII_IME_symbol                     0x080058dc   Data          15  solgui_widget.o(.constdata)
    SOL_ASCII_IME_CRLchar                    0x080058eb   Data           3  solgui_widget.o(.constdata)
    _Font6x8                                 0x080058ee   Data         848  font6x8_ascii.o(.constdata)
    _Font8x10                                0x08005c3e   Data         950  font8x10_ascii.o(.constdata)
    Region$$Table$$Base                      0x08006124   Number         0  anon$$obj.o(Region$$Table)
    Region$$Table$$Limit                     0x08006144   Number         0  anon$$obj.o(Region$$Table)
    __ctype                                  0x0800616d   Data           0  lc_ctype_c.o(locale$$data)
    voltage                                  0x20000000   Data           4  main.o(.data)
    UI_MENU                                  0x20000004   Data          12  main.o(.data)
    SystemCoreClock                          0x20000010   Data           4  system_stm32f10x.o(.data)
    AHBPrescTable                            0x20000014   Data          16  system_stm32f10x.o(.data)
    USART_RX_STA                             0x20000028   Data           2  usart.o(.data)
    __stdout                                 0x2000002c   Data           4  usart.o(.data)
    Data_Mul_MaxPacketSize                   0x20000044   Data           1  usb_core.o(.data)
    StatusInfo                               0x20000046   Data           2  usb_core.o(.data)
    EPindex                                  0x20000048   Data           1  usb_init.o(.data)
    pInformation                             0x2000004c   Data           4  usb_init.o(.data)
    pProperty                                0x20000050   Data           4  usb_init.o(.data)
    pUser_Standard_Requests                  0x20000054   Data           4  usb_init.o(.data)
    wInterrupt_Mask                          0x20000058   Data           2  usb_init.o(.data)
    SaveRState                               0x2000005a   Data           2  usb_int.o(.data)
    SaveTState                               0x2000005c   Data           2  usb_int.o(.data)
    USB_USART_RX_STA                         0x2000005e   Data           2  hw_config.o(.data)
    Virtual_Com_Port_StringSerial            0x20000060   Data          26  usb_desc.o(.data)
    bIntPackSOF                              0x20000080   Data           1  usb_istr.o(.data)
    wIstr                                    0x20000082   Data           2  usb_istr.o(.data)
    esof_counter                             0x20000084   Data           4  usb_istr.o(.data)
    wCNTR                                    0x20000088   Data           4  usb_istr.o(.data)
    pEpInt_IN                                0x2000008c   Data          28  usb_istr.o(.data)
    pEpInt_OUT                               0x200000a8   Data          28  usb_istr.o(.data)
    Request                                  0x200000c4   Data           1  usb_prop.o(.data)
    linecoding                               0x200000c8   Data           8  usb_prop.o(.data)
    Device_Descriptor                        0x200000d0   Data           8  usb_prop.o(.data)
    Config_Descriptor                        0x200000d8   Data           8  usb_prop.o(.data)
    Device_Property                          0x200000e0   Data          48  usb_prop.o(.data)
    String_Descriptor                        0x20000110   Data          32  usb_prop.o(.data)
    Device_Table                             0x20000130   Data           2  usb_prop.o(.data)
    User_Standard_Requests                   0x20000134   Data          36  usb_prop.o(.data)
    bDeviceState                             0x20000158   Data           4  usb_pwr.o(.data)
    fSuspendEnabled                          0x2000015c   Data           1  usb_pwr.o(.data)
    ResumeS                                  0x20000160   Data           2  usb_pwr.o(.data)
    remotewakeupon                           0x20000164   Data           4  usb_pwr.o(.data)
    cur_key                                  0x20000168   Data           1  solgui_menu.o(.data)
    SOLGUI_CSR                               0x20000169   Data           1  solgui_menu.o(.data)
    current_page                             0x2000016c   Data           4  solgui_menu.o(.data)
    _key_cache                               0x20000170   Data           7  solgui_menu.o(.data)
    _fontInfo_6x8                            0x20000178   Data           8  solgui_printf.o(.data)
    _fontInfo_8x10                           0x20000180   Data           8  solgui_printf.o(.data)
    IME_CLUSTER_LC                           0x20000188   Data          16  solgui_widget.o(.data)
    IME_CLUSTER_UC                           0x20000198   Data          16  solgui_widget.o(.data)
    IME_CLUSTER_NU                           0x200001a8   Data          16  solgui_widget.o(.data)
    IME_CLUSTER_SY                           0x200001b8   Data          16  solgui_widget.o(.data)
    IME_CLUSTER_CR                           0x200001c8   Data          16  solgui_widget.o(.data)
    SOL_ASCII_IME_REG                        0x200001d8   Data          24  solgui_widget.o(.data)
    SOL_ASCII_IME                            0x200001f8   Data           4  solgui_widget.o(.data)
    cursor                                   0x200001fc   Data           4  solgui_widget.o(.data)
    USART_RX_BUF                             0x20000200   Data         200  usart.o(.bss)
    Device_Info                              0x200002c8   Data          28  usb_init.o(.bss)
    uu_txfifo                                0x200002e4   Data        1028  hw_config.o(.bss)
    USART_PRINTF_Buffer                      0x200006e8   Data         200  hw_config.o(.bss)
    USB_USART_RX_BUF                         0x200007b0   Data         200  hw_config.o(.bss)
    USB_Rx_Buffer                            0x20000878   Data          64  usb_endp.o(.bss)
    EP                                       0x200008b8   Data          32  usb_pwr.o(.bss)
    SOLGUI_GRAM                              0x200008d8   Data        1024  solgui_common.o(.bss)
    cursor_reg                               0x20000cd8   Data          12  solgui_widget.o(.bss)
    option_enable_list                       0x20000d0d   Data          16  solgui_widget.o(.bss)
    __libspace_start                         0x20000d20   Data          96  libspace.o(.bss)
    __temporary_stack_top$libspace           0x20000d80   Data           0  libspace.o(.bss)



==============================================================================

Memory Map of the image

  Image Entry point : 0x080002b9

  Load Region LR_1 (Base: 0x08000000, Size: 0x00006470, Max: 0xffffffff, ABSOLUTE, COMPRESSED[0x00006360])

    Execution Region ER_RO (Exec base: 0x08000000, Load base: 0x08000000, Size: 0x00006270, Max: 0xffffffff, ABSOLUTE)

    Exec Addr    Load Addr    Size         Type   Attr      Idx    E Section Name        Object

    0x08000000   0x08000000   0x00000130   Data   RO          506    RESET               startup_stm32f10x_hd.o
    0x08000130   0x08000130   0x00000008   Code   RO         5146  * !!!main             c_w.l(__main.o)
    0x08000138   0x08000138   0x00000034   Code   RO         5523    !!!scatter          c_w.l(__scatter.o)
    0x0800016c   0x0800016c   0x0000005a   Code   RO         5521    !!dczerorl2         c_w.l(__dczerorl2.o)
    0x080001c6   0x080001c6   0x00000002   PAD
    0x080001c8   0x080001c8   0x0000001c   Code   RO         5525    !!handler_zi        c_w.l(__scatter_zi.o)
    0x080001e4   0x080001e4   0x00000000   Code   RO         5135    .ARM.Collect$$_printf_percent$$00000000  c_w.l(_printf_percent.o)
    0x080001e4   0x080001e4   0x00000006   Code   RO         5259    .ARM.Collect$$_printf_percent$$00000001  c_w.l(_printf_n.o)
    0x080001ea   0x080001ea   0x00000006   Code   RO         5261    .ARM.Collect$$_printf_percent$$00000002  c_w.l(_printf_p.o)
    0x080001f0   0x080001f0   0x00000006   Code   RO         5265    .ARM.Collect$$_printf_percent$$00000003  c_w.l(_printf_f.o)
    0x080001f6   0x080001f6   0x00000006   Code   RO         5266    .ARM.Collect$$_printf_percent$$00000004  c_w.l(_printf_e.o)
    0x080001fc   0x080001fc   0x00000006   Code   RO         5267    .ARM.Collect$$_printf_percent$$00000005  c_w.l(_printf_g.o)
    0x08000202   0x08000202   0x00000006   Code   RO         5268    .ARM.Collect$$_printf_percent$$00000006  c_w.l(_printf_a.o)
    0x08000208   0x08000208   0x0000000a   Code   RO         5273    .ARM.Collect$$_printf_percent$$00000007  c_w.l(_printf_ll.o)
    0x08000212   0x08000212   0x00000006   Code   RO         5263    .ARM.Collect$$_printf_percent$$00000008  c_w.l(_printf_i.o)
    0x08000218   0x08000218   0x00000006   Code   RO         5134    .ARM.Collect$$_printf_percent$$00000009  c_w.l(_printf_d.o)
    0x0800021e   0x0800021e   0x00000006   Code   RO         5264    .ARM.Collect$$_printf_percent$$0000000A  c_w.l(_printf_u.o)
    0x08000224   0x08000224   0x00000006   Code   RO         5262    .ARM.Collect$$_printf_percent$$0000000B  c_w.l(_printf_o.o)
    0x0800022a   0x0800022a   0x00000006   Code   RO         5260    .ARM.Collect$$_printf_percent$$0000000C  c_w.l(_printf_x.o)
    0x08000230   0x08000230   0x00000006   Code   RO         5270    .ARM.Collect$$_printf_percent$$0000000D  c_w.l(_printf_lli.o)
    0x08000236   0x08000236   0x00000006   Code   RO         5271    .ARM.Collect$$_printf_percent$$0000000E  c_w.l(_printf_lld.o)
    0x0800023c   0x0800023c   0x00000006   Code   RO         5272    .ARM.Collect$$_printf_percent$$0000000F  c_w.l(_printf_llu.o)
    0x08000242   0x08000242   0x00000006   Code   RO         5277    .ARM.Collect$$_printf_percent$$00000010  c_w.l(_printf_llo.o)
    0x08000248   0x08000248   0x00000006   Code   RO         5278    .ARM.Collect$$_printf_percent$$00000011  c_w.l(_printf_llx.o)
    0x0800024e   0x0800024e   0x0000000a   Code   RO         5274    .ARM.Collect$$_printf_percent$$00000012  c_w.l(_printf_l.o)
    0x08000258   0x08000258   0x00000006   Code   RO         5257    .ARM.Collect$$_printf_percent$$00000013  c_w.l(_printf_c.o)
    0x0800025e   0x0800025e   0x00000006   Code   RO         5258    .ARM.Collect$$_printf_percent$$00000014  c_w.l(_printf_s.o)
    0x08000264   0x08000264   0x00000006   Code   RO         5275    .ARM.Collect$$_printf_percent$$00000015  c_w.l(_printf_lc.o)
    0x0800026a   0x0800026a   0x00000006   Code   RO         5276    .ARM.Collect$$_printf_percent$$00000016  c_w.l(_printf_ls.o)
    0x08000270   0x08000270   0x00000004   Code   RO         5269    .ARM.Collect$$_printf_percent$$00000017  c_w.l(_printf_percent_end.o)
    0x08000274   0x08000274   0x00000002   Code   RO         5384    .ARM.Collect$$libinit$$00000000  c_w.l(libinit.o)
    0x08000276   0x08000276   0x00000000   Code   RO         5402    .ARM.Collect$$libinit$$00000002  c_w.l(libinit2.o)
    0x08000276   0x08000276   0x00000000   Code   RO         5404    .ARM.Collect$$libinit$$00000004  c_w.l(libinit2.o)
    0x08000276   0x08000276   0x00000000   Code   RO         5407    .ARM.Collect$$libinit$$0000000A  c_w.l(libinit2.o)
    0x08000276   0x08000276   0x00000000   Code   RO         5409    .ARM.Collect$$libinit$$0000000C  c_w.l(libinit2.o)
    0x08000276   0x08000276   0x00000000   Code   RO         5411    .ARM.Collect$$libinit$$0000000E  c_w.l(libinit2.o)
    0x08000276   0x08000276   0x00000006   Code   RO         5412    .ARM.Collect$$libinit$$0000000F  c_w.l(libinit2.o)
    0x0800027c   0x0800027c   0x00000000   Code   RO         5414    .ARM.Collect$$libinit$$00000011  c_w.l(libinit2.o)
    0x0800027c   0x0800027c   0x0000000c   Code   RO         5415    .ARM.Collect$$libinit$$00000012  c_w.l(libinit2.o)
    0x08000288   0x08000288   0x00000000   Code   RO         5416    .ARM.Collect$$libinit$$00000013  c_w.l(libinit2.o)
    0x08000288   0x08000288   0x00000000   Code   RO         5418    .ARM.Collect$$libinit$$00000015  c_w.l(libinit2.o)
    0x08000288   0x08000288   0x0000000a   Code   RO         5419    .ARM.Collect$$libinit$$00000016  c_w.l(libinit2.o)
    0x08000292   0x08000292   0x00000000   Code   RO         5420    .ARM.Collect$$libinit$$00000017  c_w.l(libinit2.o)
    0x08000292   0x08000292   0x00000000   Code   RO         5422    .ARM.Collect$$libinit$$00000019  c_w.l(libinit2.o)
    0x08000292   0x08000292   0x00000000   Code   RO         5424    .ARM.Collect$$libinit$$0000001B  c_w.l(libinit2.o)
    0x08000292   0x08000292   0x00000000   Code   RO         5426    .ARM.Collect$$libinit$$0000001D  c_w.l(libinit2.o)
    0x08000292   0x08000292   0x00000000   Code   RO         5428    .ARM.Collect$$libinit$$0000001F  c_w.l(libinit2.o)
    0x08000292   0x08000292   0x00000000   Code   RO         5430    .ARM.Collect$$libinit$$00000021  c_w.l(libinit2.o)
    0x08000292   0x08000292   0x00000000   Code   RO         5432    .ARM.Collect$$libinit$$00000023  c_w.l(libinit2.o)
    0x08000292   0x08000292   0x00000000   Code   RO         5434    .ARM.Collect$$libinit$$00000025  c_w.l(libinit2.o)
    0x08000292   0x08000292   0x00000000   Code   RO         5438    .ARM.Collect$$libinit$$0000002C  c_w.l(libinit2.o)
    0x08000292   0x08000292   0x00000000   Code   RO         5440    .ARM.Collect$$libinit$$0000002E  c_w.l(libinit2.o)
    0x08000292   0x08000292   0x00000000   Code   RO         5442    .ARM.Collect$$libinit$$00000030  c_w.l(libinit2.o)
    0x08000292   0x08000292   0x00000000   Code   RO         5444    .ARM.Collect$$libinit$$00000032  c_w.l(libinit2.o)
    0x08000292   0x08000292   0x00000002   Code   RO         5445    .ARM.Collect$$libinit$$00000033  c_w.l(libinit2.o)
    0x08000294   0x08000294   0x00000002   Code   RO         5463    .ARM.Collect$$libshutdown$$00000000  c_w.l(libshutdown.o)
    0x08000296   0x08000296   0x00000000   Code   RO         5473    .ARM.Collect$$libshutdown$$00000002  c_w.l(libshutdown2.o)
    0x08000296   0x08000296   0x00000000   Code   RO         5475    .ARM.Collect$$libshutdown$$00000004  c_w.l(libshutdown2.o)
    0x08000296   0x08000296   0x00000000   Code   RO         5478    .ARM.Collect$$libshutdown$$00000007  c_w.l(libshutdown2.o)
    0x08000296   0x08000296   0x00000000   Code   RO         5481    .ARM.Collect$$libshutdown$$0000000A  c_w.l(libshutdown2.o)
    0x08000296   0x08000296   0x00000000   Code   RO         5483    .ARM.Collect$$libshutdown$$0000000C  c_w.l(libshutdown2.o)
    0x08000296   0x08000296   0x00000000   Code   RO         5486    .ARM.Collect$$libshutdown$$0000000F  c_w.l(libshutdown2.o)
    0x08000296   0x08000296   0x00000002   Code   RO         5487    .ARM.Collect$$libshutdown$$00000010  c_w.l(libshutdown2.o)
    0x08000298   0x08000298   0x00000000   Code   RO         5208    .ARM.Collect$$rtentry$$00000000  c_w.l(__rtentry.o)
    0x08000298   0x08000298   0x00000000   Code   RO         5303    .ARM.Collect$$rtentry$$00000002  c_w.l(__rtentry2.o)
    0x08000298   0x08000298   0x00000006   Code   RO         5315    .ARM.Collect$$rtentry$$00000004  c_w.l(__rtentry4.o)
    0x0800029e   0x0800029e   0x00000000   Code   RO         5305    .ARM.Collect$$rtentry$$00000009  c_w.l(__rtentry2.o)
    0x0800029e   0x0800029e   0x00000004   Code   RO         5306    .ARM.Collect$$rtentry$$0000000A  c_w.l(__rtentry2.o)
    0x080002a2   0x080002a2   0x00000000   Code   RO         5308    .ARM.Collect$$rtentry$$0000000C  c_w.l(__rtentry2.o)
    0x080002a2   0x080002a2   0x00000008   Code   RO         5309    .ARM.Collect$$rtentry$$0000000D  c_w.l(__rtentry2.o)
    0x080002aa   0x080002aa   0x00000002   Code   RO         5394    .ARM.Collect$$rtexit$$00000000  c_w.l(rtexit.o)
    0x080002ac   0x080002ac   0x00000000   Code   RO         5447    .ARM.Collect$$rtexit$$00000002  c_w.l(rtexit2.o)
    0x080002ac   0x080002ac   0x00000004   Code   RO         5448    .ARM.Collect$$rtexit$$00000003  c_w.l(rtexit2.o)
    0x080002b0   0x080002b0   0x00000006   Code   RO         5449    .ARM.Collect$$rtexit$$00000004  c_w.l(rtexit2.o)
    0x080002b6   0x080002b6   0x00000002   PAD
    0x080002b8   0x080002b8   0x00000040   Code   RO          507  * .text               startup_stm32f10x_hd.o
    0x080002f8   0x080002f8   0x00000002   Code   RO         5102    .text               c_w.l(use_no_semi_2.o)
    0x080002fa   0x080002fa   0x00000002   PAD
    0x080002fc   0x080002fc   0x00000024   Code   RO         5104    .text               c_w.l(vsprintf.o)
    0x08000320   0x08000320   0x00000018   Code   RO         5106    .text               c_w.l(__2printf.o)
    0x08000338   0x08000338   0x00000078   Code   RO         5112    .text               c_w.l(_printf_dec.o)
    0x080003b0   0x080003b0   0x00000188   Code   RO         5131    .text               c_w.l(__printf_flags_ss_wp.o)
    0x08000538   0x08000538   0x0000003e   Code   RO         5138    .text               c_w.l(strlen.o)
    0x08000576   0x08000576   0x00000044   Code   RO         5140    .text               c_w.l(rt_memclr.o)
    0x080005ba   0x080005ba   0x00000006   Code   RO         5144    .text               c_w.l(heapauxi.o)
    0x080005c0   0x080005c0   0x00000002   Code   RO         5206    .text               c_w.l(use_no_semi.o)
    0x080005c2   0x080005c2   0x0000004e   Code   RO         5209    .text               c_w.l(_printf_pad.o)
    0x08000610   0x08000610   0x00000024   Code   RO         5211    .text               c_w.l(_printf_truncate.o)
    0x08000634   0x08000634   0x00000052   Code   RO         5213    .text               c_w.l(_printf_str.o)
    0x08000686   0x08000686   0x000000b2   Code   RO         5215    .text               c_w.l(_printf_intcommon.o)
    0x08000738   0x08000738   0x00000028   Code   RO         5217    .text               c_w.l(_printf_charcount.o)
    0x08000760   0x08000760   0x00000030   Code   RO         5219    .text               c_w.l(_printf_char_common.o)
    0x08000790   0x08000790   0x0000000a   Code   RO         5221    .text               c_w.l(_sputc.o)
    0x0800079a   0x0800079a   0x00000002   PAD
    0x0800079c   0x0800079c   0x00000024   Code   RO         5223    .text               c_w.l(_printf_char_file.o)
    0x080007c0   0x080007c0   0x000000bc   Code   RO         5225    .text               c_w.l(_printf_wctomb.o)
    0x0800087c   0x0800087c   0x0000007c   Code   RO         5228    .text               c_w.l(_printf_longlong_dec.o)
    0x080008f8   0x080008f8   0x00000070   Code   RO         5234    .text               c_w.l(_printf_oct_int_ll.o)
    0x08000968   0x08000968   0x00000094   Code   RO         5254    .text               c_w.l(_printf_hex_int_ll_ptr.o)
    0x080009fc   0x080009fc   0x0000004e   Code   RO         5279    .text               c_w.l(rt_memclr_w.o)
    0x08000a4a   0x08000a4a   0x0000008a   Code   RO         5317    .text               c_w.l(lludiv10.o)
    0x08000ad4   0x08000ad4   0x0000041e   Code   RO         5319    .text               c_w.l(_printf_fp_dec.o)
    0x08000ef2   0x08000ef2   0x00000002   PAD
    0x08000ef4   0x08000ef4   0x000002fc   Code   RO         5321    .text               c_w.l(_printf_fp_hex.o)
    0x080011f0   0x080011f0   0x0000002c   Code   RO         5326    .text               c_w.l(_printf_char.o)
    0x0800121c   0x0800121c   0x0000002c   Code   RO         5328    .text               c_w.l(_printf_wchar.o)
    0x08001248   0x08001248   0x00000008   Code   RO         5330    .text               c_w.l(ferror.o)
    0x08001250   0x08001250   0x00000040   Code   RO         5334    .text               c_w.l(_wcrtomb.o)
    0x08001290   0x08001290   0x0000004a   Code   RO         5338    .text               c_w.l(sys_stackheap_outer.o)
    0x080012da   0x080012da   0x00000002   PAD
    0x080012dc   0x080012dc   0x00000010   Code   RO         5340    .text               c_w.l(rt_ctype_table.o)
    0x080012ec   0x080012ec   0x00000008   Code   RO         5345    .text               c_w.l(rt_locale_intlibspace.o)
    0x080012f4   0x080012f4   0x00000080   Code   RO         5347    .text               c_w.l(_printf_fp_infnan.o)
    0x08001374   0x08001374   0x000000e4   Code   RO         5349    .text               c_w.l(bigflt0.o)
    0x08001458   0x08001458   0x00000012   Code   RO         5377    .text               c_w.l(exit.o)
    0x0800146a   0x0800146a   0x00000002   PAD
    0x0800146c   0x0800146c   0x00000008   Code   RO         5391    .text               c_w.l(libspace.o)
    0x08001474   0x08001474   0x00000080   Code   RO         5399    .text               c_w.l(strcmpv7m.o)
    0x080014f4   0x080014f4   0x0000003e   Code   RO         5352    CL$$btod_d2e        c_w.l(btod.o)
    0x08001532   0x08001532   0x00000046   Code   RO         5354    CL$$btod_d2e_denorm_low  c_w.l(btod.o)
    0x08001578   0x08001578   0x00000060   Code   RO         5353    CL$$btod_d2e_norm_op1  c_w.l(btod.o)
    0x080015d8   0x080015d8   0x00000338   Code   RO         5362    CL$$btod_div_common  c_w.l(btod.o)
    0x08001910   0x08001910   0x000000dc   Code   RO         5359    CL$$btod_e2e        c_w.l(btod.o)
    0x080019ec   0x080019ec   0x0000002a   Code   RO         5356    CL$$btod_ediv       c_w.l(btod.o)
    0x08001a16   0x08001a16   0x0000002a   Code   RO         5355    CL$$btod_emul       c_w.l(btod.o)
    0x08001a40   0x08001a40   0x00000244   Code   RO         5361    CL$$btod_mult_common  c_w.l(btod.o)
    0x08001c84   0x08001c84   0x00000014   Code   RO          553    i.ADC_Cmd           stm32f10x_adc.o
    0x08001c98   0x08001c98   0x00000044   Code   RO          555    i.ADC_DeInit        stm32f10x_adc.o
    0x08001cdc   0x08001cdc   0x0000000e   Code   RO          561    i.ADC_GetCalibrationStatus  stm32f10x_adc.o
    0x08001cea   0x08001cea   0x00000006   Code   RO          562    i.ADC_GetConversionValue  stm32f10x_adc.o
    0x08001cf0   0x08001cf0   0x0000000e   Code   RO          564    i.ADC_GetFlagStatus  stm32f10x_adc.o
    0x08001cfe   0x08001cfe   0x0000000e   Code   RO          567    i.ADC_GetResetCalibrationStatus  stm32f10x_adc.o
    0x08001d0c   0x08001d0c   0x00000048   Code   RO          571    i.ADC_Init          stm32f10x_adc.o
    0x08001d54   0x08001d54   0x00000074   Code   RO          575    i.ADC_RegularChannelConfig  stm32f10x_adc.o
    0x08001dc8   0x08001dc8   0x0000000a   Code   RO          576    i.ADC_ResetCalibration  stm32f10x_adc.o
    0x08001dd2   0x08001dd2   0x00000014   Code   RO          578    i.ADC_SoftwareStartConvCmd  stm32f10x_adc.o
    0x08001de6   0x08001de6   0x0000000a   Code   RO          580    i.ADC_StartCalibration  stm32f10x_adc.o
    0x08001df0   0x08001df0   0x00000088   Code   RO         3664    i.Adc_Init          adc.o
    0x08001e78   0x08001e78   0x00000038   Code   RO         3460    i.BEEP_Init         beep.o
    0x08001eb0   0x08001eb0   0x00000038   Code   RO         3461    i.Beeptimes         beep.o
    0x08001ee8   0x08001ee8   0x00000002   Code   RO          269    i.BusFault_Handler  stm32f10x_it.o
    0x08001eea   0x08001eea   0x0000000a   Code   RO         3984    i.ByteSwap          usb_regs.o
    0x08001ef4   0x08001ef4   0x0000015c   Code   RO         3937    i.CTR_LP            usb_int.o
    0x08002050   0x08002050   0x00000028   Code   RO         3985    i.ClearDTOG_RX      usb_regs.o
    0x08002078   0x08002078   0x00000028   Code   RO         3986    i.ClearDTOG_TX      usb_regs.o
    0x080020a0   0x080020a0   0x00000020   Code   RO         3991    i.Clear_Status_Out  usb_regs.o
    0x080020c0   0x080020c0   0x000000b4   Code   RO         3788    i.DataStageIn       usb_core.o
    0x08002174   0x08002174   0x000000a4   Code   RO         3789    i.DataStageOut      usb_core.o
    0x08002218   0x08002218   0x0000019c   Code   RO         3790    i.Data_Setup0       usb_core.o
    0x080023b4   0x080023b4   0x00000002   Code   RO          270    i.DebugMon_Handler  stm32f10x_it.o
    0x080023b6   0x080023b6   0x00000002   PAD
    0x080023b8   0x080023b8   0x00000078   Code   RO         4500    i.EP1_IN_Callback   usb_endp.o
    0x08002430   0x08002430   0x00000020   Code   RO         4501    i.EP3_OUT_Callback  usb_endp.o
    0x08002450   0x08002450   0x00000006   Code   RO         3488    i.EXTI0_IRQHandler  exti.o
    0x08002456   0x08002456   0x00000006   Code   RO         3489    i.EXTI2_IRQHandler  exti.o
    0x0800245c   0x0800245c   0x00000006   Code   RO         3490    i.EXTI3_IRQHandler  exti.o
    0x08002462   0x08002462   0x00000006   Code   RO         3491    i.EXTI4_IRQHandler  exti.o
    0x08002468   0x08002468   0x0000000c   Code   RO         1309    i.EXTI_ClearITPendingBit  stm32f10x_exti.o
    0x08002474   0x08002474   0x00000070   Code   RO         1314    i.EXTI_Init         stm32f10x_exti.o
    0x080024e4   0x080024e4   0x00000030   Code   RO         4368    i.Enter_LowPowerMode  hw_config.o
    0x08002514   0x08002514   0x00000024   Code   RO         4789    i.FIFO_DeQueue      solgui_menu.o
    0x08002538   0x08002538   0x0000001c   Code   RO         4790    i.FIFO_EnQueue      solgui_menu.o
    0x08002554   0x08002554   0x00000014   Code   RO         4791    i.FIFO_Init         solgui_menu.o
    0x08002568   0x08002568   0x000000a2   Code   RO         1660    i.GPIO_Init         stm32f10x_gpio.o
    0x0800260a   0x0800260a   0x00000002   PAD
    0x0800260c   0x0800260c   0x00000058   Code   RO         1662    i.GPIO_PinRemapConfig  stm32f10x_gpio.o
    0x08002664   0x08002664   0x0000000e   Code   RO         1664    i.GPIO_ReadInputDataBit  stm32f10x_gpio.o
    0x08002672   0x08002672   0x00000004   Code   RO         1667    i.GPIO_ResetBits    stm32f10x_gpio.o
    0x08002676   0x08002676   0x00000004   Code   RO         1668    i.GPIO_SetBits      stm32f10x_gpio.o
    0x0800267a   0x0800267a   0x00000002   PAD
    0x0800267c   0x0800267c   0x00000020   Code   RO         4003    i.GetEPRxAddr       usb_regs.o
    0x0800269c   0x0800269c   0x00000020   Code   RO         4004    i.GetEPRxCount      usb_regs.o
    0x080026bc   0x080026bc   0x0000001c   Code   RO         4006    i.GetEPTxAddr       usb_regs.o
    0x080026d8   0x080026d8   0x00000034   Code   RO         3665    i.Get_Adc           adc.o
    0x0800270c   0x0800270c   0x00000028   Code   RO         3666    i.Get_Adc_Average   adc.o
    0x08002734   0x08002734   0x00000034   Code   RO         4369    i.Get_SerialNum     hw_config.o
    0x08002768   0x08002768   0x00000002   Code   RO          271    i.HardFault_Handler  stm32f10x_it.o
    0x0800276a   0x0800276a   0x00000002   PAD
    0x0800276c   0x0800276c   0x0000005c   Code   RO         3791    i.In0_Process       usb_core.o
    0x080027c8   0x080027c8   0x00000038   Code   RO         4370    i.IntToUnicode      hw_config.o
    0x08002800   0x08002800   0x00000040   Code   RO         3527    i.KEY_Init          key.o
    0x08002840   0x08002840   0x00000068   Code   RO         3528    i.Key_Scan          key.o
    0x080028a8   0x080028a8   0x00000040   Code   RO         3545    i.LED_Init          led.o
    0x080028e8   0x080028e8   0x0000003c   Code   RO         4371    i.Leave_LowPowerMode  hw_config.o
    0x08002924   0x08002924   0x00000002   Code   RO          272    i.MemManage_Handler  stm32f10x_it.o
    0x08002926   0x08002926   0x00000002   Code   RO          273    i.NMI_Handler       stm32f10x_it.o
    0x08002928   0x08002928   0x00000002   Code   RO         3792    i.NOP_Process       usb_core.o
    0x0800292a   0x0800292a   0x00000002   PAD
    0x0800292c   0x0800292c   0x00000064   Code   RO          511    i.NVIC_Init         misc.o
    0x08002990   0x08002990   0x00000014   Code   RO          512    i.NVIC_PriorityGroupConfig  misc.o
    0x080029a4   0x080029a4   0x000000d4   Code   RO         3793    i.NoData_Setup0     usb_core.o
    0x08002a78   0x08002a78   0x0000003c   Code   RO         3688    i.OLED_Clear        oled.o
    0x08002ab4   0x08002ab4   0x0000003e   Code   RO         3692    i.OLED_FillScreen   oled.o
    0x08002af2   0x08002af2   0x00000002   PAD
    0x08002af4   0x08002af4   0x0000014c   Code   RO         3693    i.OLED_Init         oled.o
    0x08002c40   0x08002c40   0x0000002c   Code   RO         3694    i.OLED_Set_Pos      oled.o
    0x08002c6c   0x08002c6c   0x0000005c   Code   RO         3700    i.OLED_WR_Byte      oled.o
    0x08002cc8   0x08002cc8   0x00000048   Code   RO         3794    i.Out0_Process      usb_core.o
    0x08002d10   0x08002d10   0x00000020   Code   RO         3966    i.PMAToUserBufferCopy  usb_mem.o
    0x08002d30   0x08002d30   0x00000002   Code   RO          274    i.PendSV_Handler    stm32f10x_it.o
    0x08002d32   0x08002d32   0x00000002   PAD
    0x08002d34   0x08002d34   0x00000044   Code   RO         3795    i.Post0_Process     usb_core.o
    0x08002d78   0x08002d78   0x0000002c   Code   RO         4652    i.PowerOn           usb_pwr.o
    0x08002da4   0x08002da4   0x00000014   Code   RO         2074    i.RCC_ADCCLKConfig  stm32f10x_rcc.o
    0x08002db8   0x08002db8   0x00000018   Code   RO         2076    i.RCC_APB1PeriphClockCmd  stm32f10x_rcc.o
    0x08002dd0   0x08002dd0   0x00000018   Code   RO         2078    i.RCC_APB2PeriphClockCmd  stm32f10x_rcc.o
    0x08002de8   0x08002de8   0x00000018   Code   RO         2079    i.RCC_APB2PeriphResetCmd  stm32f10x_rcc.o
    0x08002e00   0x08002e00   0x00000090   Code   RO         2086    i.RCC_GetClocksFreq  stm32f10x_rcc.o
    0x08002e90   0x08002e90   0x0000000c   Code   RO         2104    i.RCC_USBCLKConfig  stm32f10x_rcc.o
    0x08002e9c   0x08002e9c   0x00000094   Code   RO         4653    i.Resume            usb_pwr.o
    0x08002f30   0x08002f30   0x00000020   Code   RO         4654    i.Resume_Init       usb_pwr.o
    0x08002f50   0x08002f50   0x00000028   Code   RO         4502    i.SOF_Callback      usb_endp.o
    0x08002f78   0x08002f78   0x00000010   Code   RO         4696    i.SOLGUI_Clean      solgui_common.o
    0x08002f88   0x08002f88   0x000001a4   Code   RO         4934    i.SOLGUI_Cursor     solgui_widget.o
    0x0800312c   0x0800312c   0x0000003c   Code   RO         4697    i.SOLGUI_DrawPoint  solgui_common.o
    0x08003168   0x08003168   0x000000cc   Code   RO         4730    i.SOLGUI_GBasic_Line  solgui_gbasic.o
    0x08003234   0x08003234   0x0000009c   Code   RO         4732    i.SOLGUI_GBasic_Rectangle  solgui_gbasic.o
    0x080032d0   0x080032d0   0x0000000c   Code   RO         4792    i.SOLGUI_GetCurrentKey  solgui_menu.o
    0x080032dc   0x080032dc   0x00000004   Code   RO         4766    i.SOLGUI_Hardware_FillScreen  solgui_hardware.o
    0x080032e0   0x080032e0   0x0000000e   Code   RO         4767    i.SOLGUI_Hardware_Init  solgui_hardware.o
    0x080032ee   0x080032ee   0x00000002   PAD
    0x080032f0   0x080032f0   0x00000020   Code   RO         4698    i.SOLGUI_Init       solgui_common.o
    0x08003310   0x08003310   0x00000004   Code   RO         4793    i.SOLGUI_InputKey   solgui_menu.o
    0x08003314   0x08003314   0x00000040   Code   RO         4794    i.SOLGUI_Menu_PageStage  solgui_menu.o
    0x08003354   0x08003354   0x0000000c   Code   RO         4795    i.SOLGUI_Menu_SetHomePage  solgui_menu.o
    0x08003360   0x08003360   0x0000007c   Code   RO         4796    i.SOLGUI_Menu_Title  solgui_menu.o
    0x080033dc   0x080033dc   0x00000084   Code   RO         4879    i.SOLGUI_PutChar    solgui_printf.o
    0x08003460   0x08003460   0x00000036   Code   RO         4880    i.SOLGUI_PutString  solgui_printf.o
    0x08003496   0x08003496   0x00000002   PAD
    0x08003498   0x08003498   0x00000014   Code   RO         4699    i.SOLGUI_Refresh    solgui_common.o
    0x080034ac   0x080034ac   0x00000028   Code   RO         4881    i.SOLGUI_SwitchFont  solgui_printf.o
    0x080034d4   0x080034d4   0x0000003c   Code   RO         4940    i.SOLGUI_Widget_OptionText  solgui_widget.o
    0x08003510   0x08003510   0x00000014   Code   RO         4882    i.SOLGUI_printf     solgui_printf.o
    0x08003524   0x08003524   0x00000002   Code   RO          275    i.SVC_Handler       stm32f10x_it.o
    0x08003526   0x08003526   0x00000002   PAD
    0x08003528   0x08003528   0x00000010   Code   RO         4014    i.SetBTABLE         usb_regs.o
    0x08003538   0x08003538   0x00000048   Code   RO         3796    i.SetDeviceAddress  usb_core.o
    0x08003580   0x08003580   0x00000020   Code   RO         4028    i.SetEPRxAddr       usb_regs.o
    0x080035a0   0x080035a0   0x00000040   Code   RO         4029    i.SetEPRxCount      usb_regs.o
    0x080035e0   0x080035e0   0x00000030   Code   RO         4030    i.SetEPRxStatus     usb_regs.o
    0x08003610   0x08003610   0x00000024   Code   RO         4031    i.SetEPRxValid      usb_regs.o
    0x08003634   0x08003634   0x00000020   Code   RO         4032    i.SetEPTxAddr       usb_regs.o
    0x08003654   0x08003654   0x0000001c   Code   RO         4033    i.SetEPTxCount      usb_regs.o
    0x08003670   0x08003670   0x00000030   Code   RO         4034    i.SetEPTxStatus     usb_regs.o
    0x080036a0   0x080036a0   0x00000024   Code   RO         4035    i.SetEPTxValid      usb_regs.o
    0x080036c4   0x080036c4   0x0000001c   Code   RO         4036    i.SetEPType         usb_regs.o
    0x080036e0   0x080036e0   0x000000a8   Code   RO          358    i.SetSysClockTo72   system_stm32f10x.o
    0x08003788   0x08003788   0x00000014   Code   RO         4372    i.Set_USBClock      hw_config.o
    0x0800379c   0x0800379c   0x00000068   Code   RO         3797    i.Setup0_Process    usb_core.o
    0x08003804   0x08003804   0x000000fc   Code   RO         3798    i.Standard_ClearFeature  usb_core.o
    0x08003900   0x08003900   0x00000028   Code   RO         3799    i.Standard_GetConfiguration  usb_core.o
    0x08003928   0x08003928   0x0000001c   Code   RO         3800    i.Standard_GetDescriptorData  usb_core.o
    0x08003944   0x08003944   0x00000028   Code   RO         3801    i.Standard_GetInterface  usb_core.o
    0x0800396c   0x0800396c   0x00000094   Code   RO         3802    i.Standard_GetStatus  usb_core.o
    0x08003a00   0x08003a00   0x00000038   Code   RO         3803    i.Standard_SetConfiguration  usb_core.o
    0x08003a38   0x08003a38   0x00000024   Code   RO         3804    i.Standard_SetDeviceFeature  usb_core.o
    0x08003a5c   0x08003a5c   0x00000088   Code   RO         3805    i.Standard_SetEndPointFeature  usb_core.o
    0x08003ae4   0x08003ae4   0x00000048   Code   RO         3806    i.Standard_SetInterface  usb_core.o
    0x08003b2c   0x08003b2c   0x00000080   Code   RO         4655    i.Suspend           usb_pwr.o
    0x08003bac   0x08003bac   0x00000018   Code   RO          515    i.SysTick_CLKSourceConfig  misc.o
    0x08003bc4   0x08003bc4   0x00000002   Code   RO          276    i.SysTick_Handler   stm32f10x_it.o
    0x08003bc6   0x08003bc6   0x00000002   PAD
    0x08003bc8   0x08003bc8   0x00000050   Code   RO          360    i.SystemInit        system_stm32f10x.o
    0x08003c18   0x08003c18   0x0000002e   Code   RO            3    i.TIM2_IRQHandler   main.o
    0x08003c46   0x08003c46   0x0000005c   Code   RO         3599    i.TIM2_Int_Init     timer.o
    0x08003ca2   0x08003ca2   0x00000006   Code   RO         2702    i.TIM_ClearITPendingBit  stm32f10x_tim.o
    0x08003ca8   0x08003ca8   0x00000014   Code   RO         2707    i.TIM_Cmd           stm32f10x_tim.o
    0x08003cbc   0x08003cbc   0x00000018   Code   RO         2728    i.TIM_GetITStatus   stm32f10x_tim.o
    0x08003cd4   0x08003cd4   0x00000010   Code   RO         2732    i.TIM_ITConfig      stm32f10x_tim.o
    0x08003ce4   0x08003ce4   0x0000009c   Code   RO         2778    i.TIM_TimeBaseInit  stm32f10x_tim.o
    0x08003d80   0x08003d80   0x00000064   Code   RO          452    i.USART1_IRQHandler  usart.o
    0x08003de4   0x08003de4   0x00000014   Code   RO         3230    i.USART_Cmd         stm32f10x_usart.o
    0x08003df8   0x08003df8   0x000000ac   Code   RO         4373    i.USART_Config      hw_config.o
    0x08003ea4   0x08003ea4   0x0000003e   Code   RO         3234    i.USART_GetITStatus  stm32f10x_usart.o
    0x08003ee2   0x08003ee2   0x00000030   Code   RO         3236    i.USART_ITConfig    stm32f10x_usart.o
    0x08003f12   0x08003f12   0x00000002   PAD
    0x08003f14   0x08003f14   0x000000ac   Code   RO         3237    i.USART_Init        stm32f10x_usart.o
    0x08003fc0   0x08003fc0   0x00000008   Code   RO         3244    i.USART_ReceiveData  stm32f10x_usart.o
    0x08003fc8   0x08003fc8   0x00000008   Code   RO         4374    i.USBWakeUp_IRQHandler  hw_config.o
    0x08003fd0   0x08003fd0   0x0000003c   Code   RO         4375    i.USB_Cable_Config  hw_config.o
    0x0800400c   0x0800400c   0x00000028   Code   RO         3910    i.USB_Init          usb_init.o
    0x08004034   0x08004034   0x0000004c   Code   RO         4376    i.USB_Interrupts_Config  hw_config.o
    0x08004080   0x08004080   0x00000150   Code   RO         4528    i.USB_Istr          usb_istr.o
    0x080041d0   0x080041d0   0x00000004   Code   RO         4377    i.USB_LP_CAN1_RX0_IRQHandler  hw_config.o
    0x080041d4   0x080041d4   0x0000004c   Code   RO         4378    i.USB_Port_Set      hw_config.o
    0x08004220   0x08004220   0x00000020   Code   RO         4344    i.USB_SIL_Init      usb_sil.o
    0x08004240   0x08004240   0x00000024   Code   RO         4345    i.USB_SIL_Read      usb_sil.o
    0x08004264   0x08004264   0x00000058   Code   RO         4379    i.USB_To_USART_Send_Data  hw_config.o
    0x080042bc   0x080042bc   0x00000028   Code   RO         4380    i.USB_USART_SendData  hw_config.o
    0x080042e4   0x080042e4   0x00000002   Code   RO          277    i.UsageFault_Handler  stm32f10x_it.o
    0x080042e6   0x080042e6   0x00000002   PAD
    0x080042e8   0x080042e8   0x0000002c   Code   RO         3967    i.UserToPMABufferCopy  usb_mem.o
    0x08004314   0x08004314   0x00000054   Code   RO         4548    i.Virtual_Com_Port_Data_Setup  usb_prop.o
    0x08004368   0x08004368   0x0000000c   Code   RO         4549    i.Virtual_Com_Port_GetConfigDescriptor  usb_prop.o
    0x08004374   0x08004374   0x0000000c   Code   RO         4550    i.Virtual_Com_Port_GetDeviceDescriptor  usb_prop.o
    0x08004380   0x08004380   0x0000001c   Code   RO         4551    i.Virtual_Com_Port_GetLineCoding  usb_prop.o
    0x0800439c   0x0800439c   0x00000020   Code   RO         4552    i.Virtual_Com_Port_GetStringDescriptor  usb_prop.o
    0x080043bc   0x080043bc   0x0000000e   Code   RO         4553    i.Virtual_Com_Port_Get_Interface_Setting  usb_prop.o
    0x080043ca   0x080043ca   0x00000002   PAD
    0x080043cc   0x080043cc   0x00000024   Code   RO         4554    i.Virtual_Com_Port_NoData_Setup  usb_prop.o
    0x080043f0   0x080043f0   0x000000e0   Code   RO         4555    i.Virtual_Com_Port_Reset  usb_prop.o
    0x080044d0   0x080044d0   0x00000018   Code   RO         4556    i.Virtual_Com_Port_SetConfiguration  usb_prop.o
    0x080044e8   0x080044e8   0x0000000c   Code   RO         4557    i.Virtual_Com_Port_SetDeviceAddress  usb_prop.o
    0x080044f4   0x080044f4   0x0000001c   Code   RO         4558    i.Virtual_Com_Port_SetLineCoding  usb_prop.o
    0x08004510   0x08004510   0x00000018   Code   RO         4559    i.Virtual_Com_Port_Status_In  usb_prop.o
    0x08004528   0x08004528   0x00000002   Code   RO         4560    i.Virtual_Com_Port_Status_Out  usb_prop.o
    0x0800452a   0x0800452a   0x00000002   PAD
    0x0800452c   0x0800452c   0x00000024   Code   RO         4561    i.Virtual_Com_Port_init  usb_prop.o
    0x08004550   0x08004550   0x0000002c   Code   RO         4733    i._LineModes        solgui_gbasic.o
    0x0800457c   0x0800457c   0x0000001c   Code   RO         4947    i._OptionsDisplay_Judge  solgui_widget.o
    0x08004598   0x08004598   0x00000014   Code   RO         4948    i._OptionsDisplay_coorY  solgui_widget.o
    0x080045ac   0x080045ac   0x00000030   Code   RO            4    i._UI_MENU          main.o
    0x080045dc   0x080045dc   0x00000028   Code   RO         5389    i.__ARM_fpclassify  m_ws.l(fpclassify.o)
    0x08004604   0x08004604   0x0000038e   Code   RO         4883    i.__SOLGUI_printf   solgui_printf.o
    0x08004992   0x08004992   0x0000000e   Code   RO         5124    i._is_digit         c_w.l(__printf_wp.o)
    0x080049a0   0x080049a0   0x00000002   Code   RO          453    i._sys_exit         usart.o
    0x080049a2   0x080049a2   0x00000002   PAD
    0x080049a4   0x080049a4   0x0000003c   Code   RO          397    i.delay_init        delay.o
    0x080049e0   0x080049e0   0x00000034   Code   RO          398    i.delay_ms          delay.o
    0x08004a14   0x08004a14   0x00000018   Code   RO          454    i.fputc             usart.o
    0x08004a2c   0x08004a2c   0x000000d4   Code   RO            5    i.main              main.o
    0x08004b00   0x08004b00   0x0000006c   Code   RO          455    i.uart_init         usart.o
    0x08004b6c   0x08004b6c   0x00000034   Code   RO         4381    i.usb_printf        hw_config.o
    0x08004ba0   0x08004ba0   0x0000002c   Code   RO         5375    locale$$code        c_w.l(lc_numeric_c.o)
    0x08004bcc   0x08004bcc   0x0000002c   Code   RO         5397    locale$$code        c_w.l(lc_ctype_c.o)
    0x08004bf8   0x08004bf8   0x00000062   Code   RO         5148    x$fpl$d2f           fz_ws.l(d2f.o)
    0x08004c5a   0x08004c5a   0x00000002   PAD
    0x08004c5c   0x08004c5c   0x00000150   Code   RO         5150    x$fpl$dadd          fz_ws.l(daddsub_clz.o)
    0x08004dac   0x08004dac   0x00000010   Code   RO         5281    x$fpl$dcheck1       fz_ws.l(dcheck1.o)
    0x08004dbc   0x08004dbc   0x00000018   Code   RO         5283    x$fpl$dcmpinf       fz_ws.l(dcmpi.o)
    0x08004dd4   0x08004dd4   0x000002b0   Code   RO         5157    x$fpl$ddiv          fz_ws.l(ddiv.o)
    0x08005084   0x08005084   0x0000005e   Code   RO         5160    x$fpl$dfix          fz_ws.l(dfix.o)
    0x080050e2   0x080050e2   0x00000002   PAD
    0x080050e4   0x080050e4   0x0000005a   Code   RO         5164    x$fpl$dfixu         fz_ws.l(dfixu.o)
    0x0800513e   0x0800513e   0x0000002e   Code   RO         5169    x$fpl$dflt          fz_ws.l(dflt_clz.o)
    0x0800516c   0x0800516c   0x00000026   Code   RO         5168    x$fpl$dfltu         fz_ws.l(dflt_clz.o)
    0x08005192   0x08005192   0x00000002   PAD
    0x08005194   0x08005194   0x00000078   Code   RO         5174    x$fpl$dleqf         fz_ws.l(dleqf.o)
    0x0800520c   0x0800520c   0x00000154   Code   RO         5176    x$fpl$dmul          fz_ws.l(dmul.o)
    0x08005360   0x08005360   0x0000009c   Code   RO         5285    x$fpl$dnaninf       fz_ws.l(dnaninf.o)
    0x080053fc   0x080053fc   0x0000000c   Code   RO         5287    x$fpl$dretinf       fz_ws.l(dretinf.o)
    0x08005408   0x08005408   0x00000016   Code   RO         5151    x$fpl$drsb          fz_ws.l(daddsub_clz.o)
    0x0800541e   0x0800541e   0x00000002   PAD
    0x08005420   0x08005420   0x000001d4   Code   RO         5152    x$fpl$dsub          fz_ws.l(daddsub_clz.o)
    0x080055f4   0x080055f4   0x00000056   Code   RO         5180    x$fpl$f2d           fz_ws.l(f2d.o)
    0x0800564a   0x0800564a   0x0000008c   Code   RO         5289    x$fpl$fnaninf       fz_ws.l(fnaninf.o)
    0x080056d6   0x080056d6   0x0000000a   Code   RO         5291    x$fpl$fretinf       fz_ws.l(fretinf.o)
    0x080056e0   0x080056e0   0x00000004   Code   RO         5293    x$fpl$printf1       fz_ws.l(printf1.o)
    0x080056e4   0x080056e4   0x00000004   Code   RO         5295    x$fpl$printf2       fz_ws.l(printf2.o)
    0x080056e8   0x080056e8   0x00000064   Code   RO         5336    x$fpl$retnan        fz_ws.l(retnan.o)
    0x0800574c   0x0800574c   0x0000005c   Code   RO         5204    x$fpl$scalbn        fz_ws.l(scalbn.o)
    0x080057a8   0x080057a8   0x00000030   Code   RO         5387    x$fpl$trapveneer    fz_ws.l(trapv.o)
    0x080057d8   0x080057d8   0x00000000   Code   RO         5301    x$fpl$usenofp       fz_ws.l(usenofp.o)
    0x080057d8   0x080057d8   0x00000012   Data   RO         4483    .constdata          usb_desc.o
    0x080057ea   0x080057ea   0x00000043   Data   RO         4484    .constdata          usb_desc.o
    0x0800582d   0x0800582d   0x00000004   Data   RO         4485    .constdata          usb_desc.o
    0x08005831   0x08005831   0x00000026   Data   RO         4486    .constdata          usb_desc.o
    0x08005857   0x08005857   0x00000032   Data   RO         4487    .constdata          usb_desc.o
    0x08005889   0x08005889   0x0000001b   Data   RO         4953    .constdata          solgui_widget.o
    0x080058a4   0x080058a4   0x0000001b   Data   RO         4954    .constdata          solgui_widget.o
    0x080058bf   0x080058bf   0x0000001d   Data   RO         4955    .constdata          solgui_widget.o
    0x080058dc   0x080058dc   0x0000000f   Data   RO         4956    .constdata          solgui_widget.o
    0x080058eb   0x080058eb   0x00000003   Data   RO         4957    .constdata          solgui_widget.o
    0x080058ee   0x080058ee   0x00000350   Data   RO         5070    .constdata          font6x8_ascii.o
    0x08005c3e   0x08005c3e   0x000003b6   Data   RO         5088    .constdata          font8x10_ascii.o
    0x08005ff4   0x08005ff4   0x00000011   Data   RO         5132    .constdata          c_w.l(__printf_flags_ss_wp.o)
    0x08006005   0x08006005   0x00000003   PAD
    0x08006008   0x08006008   0x00000008   Data   RO         5226    .constdata          c_w.l(_printf_wctomb.o)
    0x08006010   0x08006010   0x00000028   Data   RO         5255    .constdata          c_w.l(_printf_hex_int_ll_ptr.o)
    0x08006038   0x08006038   0x00000026   Data   RO         5322    .constdata          c_w.l(_printf_fp_hex.o)
    0x0800605e   0x0800605e   0x00000002   PAD
    0x08006060   0x08006060   0x00000094   Data   RO         5350    .constdata          c_w.l(bigflt0.o)
    0x080060f4   0x080060f4   0x00000005   Data   RO            8    .conststring        main.o
    0x080060f9   0x080060f9   0x00000003   PAD
    0x080060fc   0x080060fc   0x00000006   Data   RO         4958    .conststring        solgui_widget.o
    0x08006102   0x08006102   0x00000002   PAD
    0x08006104   0x08006104   0x00000006   Data   RO         4959    .conststring        solgui_widget.o
    0x0800610a   0x0800610a   0x00000002   PAD
    0x0800610c   0x0800610c   0x00000007   Data   RO         4960    .conststring        solgui_widget.o
    0x08006113   0x08006113   0x00000001   PAD
    0x08006114   0x08006114   0x00000007   Data   RO         4961    .conststring        solgui_widget.o
    0x0800611b   0x0800611b   0x00000001   PAD
    0x0800611c   0x0800611c   0x00000005   Data   RO         4962    .conststring        solgui_widget.o
    0x08006121   0x08006121   0x00000003   PAD
    0x08006124   0x08006124   0x00000020   Data   RO         5519    Region$$Table       anon$$obj.o
    0x08006144   0x08006144   0x0000001c   Data   RO         5374    locale$$data        c_w.l(lc_numeric_c.o)
    0x08006160   0x08006160   0x00000110   Data   RO         5396    locale$$data        c_w.l(lc_ctype_c.o)


    Execution Region ER_RW (Exec base: 0x20000000, Load base: 0x08006270, Size: 0x00000200, Max: 0xffffffff, ABSOLUTE, COMPRESSED[0x000000f0])

    Exec Addr    Load Addr    Size         Type   Attr      Idx    E Section Name        Object

    0x20000000   COMPRESSED   0x00000010   Data   RW            9    .data               main.o
    0x20000010   COMPRESSED   0x00000014   Data   RW          361    .data               system_stm32f10x.o
    0x20000024   COMPRESSED   0x00000004   Data   RW          400    .data               delay.o
    0x20000028   COMPRESSED   0x00000002   Data   RW          457    .data               usart.o
    0x2000002a   COMPRESSED   0x00000002   PAD
    0x2000002c   COMPRESSED   0x00000004   Data   RW          458    .data               usart.o
    0x20000030   COMPRESSED   0x00000014   Data   RW         2106    .data               stm32f10x_rcc.o
    0x20000044   COMPRESSED   0x00000004   Data   RW         3807    .data               usb_core.o
    0x20000048   COMPRESSED   0x00000001   Data   RW         3912    .data               usb_init.o
    0x20000049   COMPRESSED   0x00000003   PAD
    0x2000004c   COMPRESSED   0x0000000c   Data   RW         3913    .data               usb_init.o
    0x20000058   COMPRESSED   0x00000002   Data   RW         3915    .data               usb_init.o
    0x2000005a   COMPRESSED   0x00000004   Data   RW         3938    .data               usb_int.o
    0x2000005e   COMPRESSED   0x00000002   Data   RW         4383    .data               hw_config.o
    0x20000060   COMPRESSED   0x0000001a   Data   RW         4488    .data               usb_desc.o
    0x2000007a   COMPRESSED   0x00000002   PAD
    0x2000007c   COMPRESSED   0x00000004   Data   RW         4504    .data               usb_endp.o
    0x20000080   COMPRESSED   0x0000000c   Data   RW         4529    .data               usb_istr.o
    0x2000008c   COMPRESSED   0x0000001c   Data   RW         4530    .data               usb_istr.o
    0x200000a8   COMPRESSED   0x0000001c   Data   RW         4531    .data               usb_istr.o
    0x200000c4   COMPRESSED   0x0000006c   Data   RW         4562    .data               usb_prop.o
    0x20000130   COMPRESSED   0x00000002   Data   RW         4563    .data               usb_prop.o
    0x20000132   COMPRESSED   0x00000002   PAD
    0x20000134   COMPRESSED   0x00000024   Data   RW         4564    .data               usb_prop.o
    0x20000158   COMPRESSED   0x00000004   Data   RW         4657    .data               usb_pwr.o
    0x2000015c   COMPRESSED   0x00000001   Data   RW         4658    .data               usb_pwr.o
    0x2000015d   COMPRESSED   0x00000003   PAD
    0x20000160   COMPRESSED   0x00000008   Data   RW         4659    .data               usb_pwr.o
    0x20000168   COMPRESSED   0x0000000f   Data   RW         4801    .data               solgui_menu.o
    0x20000177   COMPRESSED   0x00000001   PAD
    0x20000178   COMPRESSED   0x00000010   Data   RW         4884    .data               solgui_printf.o
    0x20000188   COMPRESSED   0x00000010   Data   RW         4963    .data               solgui_widget.o
    0x20000198   COMPRESSED   0x00000010   Data   RW         4964    .data               solgui_widget.o
    0x200001a8   COMPRESSED   0x00000010   Data   RW         4965    .data               solgui_widget.o
    0x200001b8   COMPRESSED   0x00000010   Data   RW         4966    .data               solgui_widget.o
    0x200001c8   COMPRESSED   0x00000010   Data   RW         4967    .data               solgui_widget.o
    0x200001d8   COMPRESSED   0x00000018   Data   RW         4968    .data               solgui_widget.o
    0x200001f0   COMPRESSED   0x00000010   Data   RW         4969    .data               solgui_widget.o


    Execution Region ER_ZI (Exec base: 0x20000200, Load base: 0x08006360, Size: 0x00001180, Max: 0xffffffff, ABSOLUTE)

    Exec Addr    Load Addr    Size         Type   Attr      Idx    E Section Name        Object

    0x20000200        -       0x000000c8   Zero   RW          456    .bss                usart.o
    0x200002c8        -       0x0000001c   Zero   RW         3911    .bss                usb_init.o
    0x200002e4        -       0x00000594   Zero   RW         4382    .bss                hw_config.o
    0x20000878        -       0x00000040   Zero   RW         4503    .bss                usb_endp.o
    0x200008b8        -       0x00000020   Zero   RW         4656    .bss                usb_pwr.o
    0x200008d8        -       0x00000400   Zero   RW         4700    .bss                solgui_common.o
    0x20000cd8        -       0x0000000c   Zero   RW         4951    .bss                solgui_widget.o
    0x20000ce4        -       0x00000039   Zero   RW         4952    .bss                solgui_widget.o
    0x20000d1d   0x08006360   0x00000003   PAD
    0x20000d20        -       0x00000060   Zero   RW         5392    .bss                c_w.l(libspace.o)
    0x20000d80        -       0x00000200   Zero   RW          505    HEAP                startup_stm32f10x_hd.o
    0x20000f80        -       0x00000400   Zero   RW          504    STACK               startup_stm32f10x_hd.o


==============================================================================

Image component sizes


      Code (inc. data)   RO Data    RW Data    ZI Data      Debug   Object Name

       228         14          0          0          0       1739   adc.o
       112         10          0          0          0       1060   beep.o
         0          0          0          0          0        654   control.o
       112         20          0          4          0       1164   delay.o
        24          0          0          0          0       1692   exti.o
         0          0        848          0          0        619   font6x8_ascii.o
         0          0        950          0          0        644   font8x10_ascii.o
       812        268          0          2       1428       9795   hw_config.o
       168         18          0          0          0       1030   key.o
        64          8          0          0          0        491   led.o
       306         38          5         16          0     270528   main.o
       144         16          0          0          0       1993   misc.o
       590          8          0          0          0       2933   oled.o
       128         20          0          0       1024       2815   solgui_common.o
       404          0          0          0          0       2592   solgui_gbasic.o
        18          0          0          0          0        992   solgui_hardware.o
       300         48          0         15          0       4844   solgui_menu.o
      1156          6          0         16          0       6593   solgui_printf.o
       528         28        132        120         69       8344   solgui_widget.o
        64         26        304          0       1536        788   startup_stm32f10x_hd.o
       364         22          0          0          0       8518   stm32f10x_adc.o
       124         10          0          0          0       1485   stm32f10x_exti.o
       272          6          0          0          0       4286   stm32f10x_gpio.o
        18          0          0          0          0       3586   stm32f10x_it.o
       248         44          0         20          0       6025   stm32f10x_rcc.o
       222         42          0          0          0       4393   stm32f10x_tim.o
       310          6          0          0          0       4966   stm32f10x_usart.o
         0          0          0          0          0         32   sys.o
       248         24          0         20          0       1681   system_stm32f10x.o
        92          0          0          0          0        652   timer.o
       234         22          0          6        200       4012   usart.o
      2186        284          0          4          0      15351   usb_core.o
         0          0        177         26          0       1059   usb_desc.o
       192         18          0          4         64       2256   usb_endp.o
        40         18          0         15         28       4114   usb_init.o
       348         30          0          4          0       1704   usb_int.o
       336         26          0         68          0       1587   usb_istr.o
        76         12          0          0          0       1820   usb_mem.o
       568        102          0        146          0      11301   usb_prop.o
       352         42          0         13         32       3600   usb_pwr.o
       582        100          0          0          0       9753   usb_regs.o
        68          8          0          0          0       1494   usb_sil.o

    ----------------------------------------------------------------------
     12070       1344       2460        512       4384     414985   Object Totals
         0          0         32          0          0          0   (incl. Generated)
        32          0         12         13          3          0   (incl. Padding)

    ----------------------------------------------------------------------

      Code (inc. data)   RO Data    RW Data    ZI Data      Debug   Library Member Name

        24          4          0          0          0         84   __2printf.o
        90          0          0          0          0          0   __dczerorl2.o
         8          0          0          0          0         68   __main.o
       392          4         17          0          0         92   __printf_flags_ss_wp.o
        14          0          0          0          0         68   __printf_wp.o
         0          0          0          0          0          0   __rtentry.o
        12          0          0          0          0          0   __rtentry2.o
         6          0          0          0          0          0   __rtentry4.o
        52          8          0          0          0          0   __scatter.o
        28          0          0          0          0          0   __scatter_zi.o
         6          0          0          0          0          0   _printf_a.o
         6          0          0          0          0          0   _printf_c.o
        44          0          0          0          0        108   _printf_char.o
        48          6          0          0          0         96   _printf_char_common.o
        36          4          0          0          0         80   _printf_char_file.o
        40          0          0          0          0         68   _printf_charcount.o
         6          0          0          0          0          0   _printf_d.o
       120         16          0          0          0         92   _printf_dec.o
         6          0          0          0          0          0   _printf_e.o
         6          0          0          0          0          0   _printf_f.o
      1054          0          0          0          0        216   _printf_fp_dec.o
       764          8         38          0          0        100   _printf_fp_hex.o
       128         16          0          0          0         84   _printf_fp_infnan.o
         6          0          0          0          0          0   _printf_g.o
       148          4         40          0          0        160   _printf_hex_int_ll_ptr.o
         6          0          0          0          0          0   _printf_i.o
       178          0          0          0          0         88   _printf_intcommon.o
        10          0          0          0          0          0   _printf_l.o
         6          0          0          0          0          0   _printf_lc.o
        10          0          0          0          0          0   _printf_ll.o
         6          0          0          0          0          0   _printf_lld.o
         6          0          0          0          0          0   _printf_lli.o
         6          0          0          0          0          0   _printf_llo.o
         6          0          0          0          0          0   _printf_llu.o
         6          0          0          0          0          0   _printf_llx.o
       124         16          0          0          0         92   _printf_longlong_dec.o
         6          0          0          0          0          0   _printf_ls.o
         6          0          0          0          0          0   _printf_n.o
         6          0          0          0          0          0   _printf_o.o
       112         10          0          0          0        124   _printf_oct_int_ll.o
         6          0          0          0          0          0   _printf_p.o
        78          0          0          0          0        108   _printf_pad.o
         0          0          0          0          0          0   _printf_percent.o
         4          0          0          0          0          0   _printf_percent_end.o
         6          0          0          0          0          0   _printf_s.o
        82          0          0          0          0         80   _printf_str.o
        36          0          0          0          0         84   _printf_truncate.o
         6          0          0          0          0          0   _printf_u.o
        44          0          0          0          0        108   _printf_wchar.o
       188          6          8          0          0         92   _printf_wctomb.o
         6          0          0          0          0          0   _printf_x.o
        10          0          0          0          0         68   _sputc.o
        64          0          0          0          0         92   _wcrtomb.o
       228          4        148          0          0         96   bigflt0.o
      1936        128          0          0          0        672   btod.o
        18          0          0          0          0         80   exit.o
         8          0          0          0          0         68   ferror.o
         6          0          0          0          0        152   heapauxi.o
        44         10        272          0          0         76   lc_ctype_c.o
        44         10         28          0          0         76   lc_numeric_c.o
         2          0          0          0          0          0   libinit.o
        30          0          0          0          0          0   libinit2.o
         2          0          0          0          0          0   libshutdown.o
         2          0          0          0          0          0   libshutdown2.o
         8          4          0          0         96         68   libspace.o
       138          0          0          0          0         80   lludiv10.o
        16          4          0          0          0         76   rt_ctype_table.o
         8          4          0          0          0         68   rt_locale_intlibspace.o
        68          0          0          0          0         68   rt_memclr.o
        78          0          0          0          0         80   rt_memclr_w.o
         2          0          0          0          0          0   rtexit.o
        10          0          0          0          0          0   rtexit2.o
       128          0          0          0          0         68   strcmpv7m.o
        62          0          0          0          0         76   strlen.o
        74          0          0          0          0         80   sys_stackheap_outer.o
         2          0          0          0          0         68   use_no_semi.o
         2          0          0          0          0         68   use_no_semi_2.o
        36          4          0          0          0         76   vsprintf.o
        98          4          0          0          0         92   d2f.o
       826         16          0          0          0        348   daddsub_clz.o
        16          4          0          0          0         68   dcheck1.o
        24          0          0          0          0         68   dcmpi.o
       688        140          0          0          0        208   ddiv.o
        94          4          0          0          0         92   dfix.o
        90          4          0          0          0         92   dfixu.o
        84          0          0          0          0        136   dflt_clz.o
       120          4          0          0          0         92   dleqf.o
       340         12          0          0          0        104   dmul.o
       156          4          0          0          0         92   dnaninf.o
        12          0          0          0          0         68   dretinf.o
        86          4          0          0          0         84   f2d.o
       140          4          0          0          0         84   fnaninf.o
        10          0          0          0          0         68   fretinf.o
         4          0          0          0          0         68   printf1.o
         4          0          0          0          0         68   printf2.o
       100          0          0          0          0         68   retnan.o
        92          0          0          0          0         68   scalbn.o
        48          0          0          0          0         68   trapv.o
         0          0          0          0          0          0   usenofp.o
        40          0          0          0          0         68   fpclassify.o

    ----------------------------------------------------------------------
     10114        470        556          0         96       6452   Library Totals
        22          0          5          0          0          0   (incl. Padding)

    ----------------------------------------------------------------------

      Code (inc. data)   RO Data    RW Data    ZI Data      Debug   Library Name

      7020        270        551          0         96       4348   c_w.l
      3032        200          0          0          0       2036   fz_ws.l
        40          0          0          0          0         68   m_ws.l

    ----------------------------------------------------------------------
     10114        470        556          0         96       6452   Library Totals

    ----------------------------------------------------------------------

==============================================================================


      Code (inc. data)   RO Data    RW Data    ZI Data      Debug   

     22184       1814       3016        512       4480     408849   Grand Totals
     22184       1814       3016        240       4480     408849   ELF Image Totals (compressed)
     22184       1814       3016        240          0          0   ROM Totals

==============================================================================

    Total RO  Size (Code + RO Data)                25200 (  24.61kB)
    Total RW  Size (RW Data + ZI Data)              4992 (   4.88kB)
    Total ROM Size (Code + RO Data + RW Data)      25440 (  24.84kB)

==============================================================================

