Component: ARM Compiler 5.06 update 6 (build 750) Tool: armlink [4d35ed]

==============================================================================

Section Cross References

    main.o(i.TIM2_IRQHandler) refers to stm32f10x_tim.o(i.TIM_GetITStatus) for TIM_GetITStatus
    main.o(i.TIM2_IRQHandler) refers to stm32f10x_tim.o(i.TIM_ClearITPendingBit) for TIM_ClearITPendingBit
    main.o(i.TIM2_IRQHandler) refers to key.o(i.Key_Scan) for Key_Scan
    main.o(i.TIM2_IRQHandler) refers to solgui_menu.o(i.SOLGUI_InputKey) for SOLGUI_InputKey
    main.o(i.TIM2_IRQHandler) refers to solgui_menu.o(i.SOLGUI_Menu_PageStage) for SOLGUI_Menu_PageStage
    main.o(i.TIM2_IRQHandler) refers to solgui_common.o(i.SOLGUI_Refresh) for SOLGUI_Refresh
    main.o(i._UI_MENU) refers to solgui_widget.o(i.SOLGUI_Cursor) for SOLGUI_Cursor
    main.o(i._UI_MENU) refers to f2d.o(x$fpl$f2d) for __aeabi_f2d
    main.o(i._UI_MENU) refers to solgui_widget.o(i.SOLGUI_Widget_OptionText) for SOLGUI_Widget_OptionText
    main.o(i._UI_MENU) refers to round.o(i.round) for round
    main.o(i._UI_MENU) refers to solgui_widget.o(i.SOLGUI_Widget_Spin) for SOLGUI_Widget_Spin
    main.o(i._UI_MENU) refers to main.o(.data) for .data
    main.o(i.main) refers to misc.o(i.NVIC_PriorityGroupConfig) for NVIC_PriorityGroupConfig
    main.o(i.main) refers to delay.o(i.delay_init) for delay_init
    main.o(i.main) refers to usart.o(i.uart_init) for uart_init
    main.o(i.main) refers to led.o(i.LED_Init) for LED_Init
    main.o(i.main) refers to adc.o(i.Adc_Init) for Adc_Init
    main.o(i.main) refers to key.o(i.KEY_Init) for KEY_Init
    main.o(i.main) refers to beep.o(i.BEEP_Init) for BEEP_Init
    main.o(i.main) refers to solgui_hardware.o(i.SOLGUI_Hardware_Init) for SOLGUI_Hardware_Init
    main.o(i.main) refers to solgui_common.o(i.SOLGUI_Init) for SOLGUI_Init
    main.o(i.main) refers to solgui_common.o(i.SOLGUI_Refresh) for SOLGUI_Refresh
    main.o(i.main) refers to timer.o(i.TIM2_Int_Init) for TIM2_Int_Init
    main.o(i.main) refers to max44009.o(i.MAX44009_Init) for MAX44009_Init
    main.o(i.main) refers to hw_config.o(i.USB_Port_Set) for USB_Port_Set
    main.o(i.main) refers to hw_config.o(i.Set_USBClock) for Set_USBClock
    main.o(i.main) refers to hw_config.o(i.USB_Interrupts_Config) for USB_Interrupts_Config
    main.o(i.main) refers to usb_init.o(i.USB_Init) for USB_Init
    main.o(i.main) refers to adc.o(i.Get_Adc_Average) for Get_Adc_Average
    main.o(i.main) refers to dflt_clz.o(x$fpl$dfltu) for __aeabi_ui2d
    main.o(i.main) refers to scalbn.o(x$fpl$scalbn) for __ARM_scalbn
    main.o(i.main) refers to dmul.o(x$fpl$dmul) for __aeabi_dmul
    main.o(i.main) refers to d2f.o(x$fpl$d2f) for __aeabi_d2f
    main.o(i.main) refers to max44009.o(i.MAX44009_ReadLux) for MAX44009_ReadLux
    main.o(i.main) refers to fmul.o(x$fpl$fmul) for __aeabi_fmul
    main.o(i.main) refers to f2d.o(x$fpl$f2d) for __aeabi_f2d
    main.o(i.main) refers to pow.o(i.pow) for pow
    main.o(i.main) refers to ddiv.o(x$fpl$ddiv) for __aeabi_ddiv
    main.o(i.main) refers to fdiv.o(x$fpl$fdiv) for __aeabi_fdiv
    main.o(i.main) refers to ffix.o(x$fpl$ffix) for __aeabi_f2iz
    main.o(i.main) refers to log.o(i.log) for log
    main.o(i.main) refers to daddsub_clz.o(x$fpl$dadd) for __aeabi_dadd
    main.o(i.main) refers to hw_config.o(i.usb_printf) for usb_printf
    main.o(i.main) refers to delay.o(i.delay_ms) for delay_ms
    main.o(i.main) refers to main.o(.data) for .data
    main.o(.data) refers to main.o(.conststring) for .conststring
    main.o(.data) refers to main.o(i._UI_MENU) for _UI_MENU
    system_stm32f10x.o(i.SystemCoreClockUpdate) refers to system_stm32f10x.o(.data) for .data
    system_stm32f10x.o(i.SystemInit) refers to system_stm32f10x.o(i.SetSysClockTo72) for SetSysClockTo72
    delay.o(i.delay_init) refers to misc.o(i.SysTick_CLKSourceConfig) for SysTick_CLKSourceConfig
    delay.o(i.delay_init) refers to system_stm32f10x.o(.data) for SystemCoreClock
    delay.o(i.delay_init) refers to delay.o(.data) for .data
    delay.o(i.delay_ms) refers to delay.o(.data) for .data
    delay.o(i.delay_us) refers to delay.o(.data) for .data
    usart.o(i.USART1_IRQHandler) refers (Special) to use_no_semi_2.o(.text) for __use_no_semihosting
    usart.o(i.USART1_IRQHandler) refers to stm32f10x_usart.o(i.USART_GetITStatus) for USART_GetITStatus
    usart.o(i.USART1_IRQHandler) refers to stm32f10x_usart.o(i.USART_ReceiveData) for USART_ReceiveData
    usart.o(i.USART1_IRQHandler) refers to usart.o(.data) for .data
    usart.o(i.USART1_IRQHandler) refers to usart.o(.bss) for .bss
    usart.o(i._sys_exit) refers (Special) to use_no_semi_2.o(.text) for __use_no_semihosting
    usart.o(i.fputc) refers (Special) to use_no_semi_2.o(.text) for __use_no_semihosting
    usart.o(i.uart_init) refers (Special) to use_no_semi_2.o(.text) for __use_no_semihosting
    usart.o(i.uart_init) refers to stm32f10x_rcc.o(i.RCC_APB2PeriphClockCmd) for RCC_APB2PeriphClockCmd
[...]
    NVIC_Init                                0x08002c65   Thumb Code    94  misc.o(i.NVIC_Init)
    NVIC_PriorityGroupConfig                 0x08002cc9   Thumb Code    10  misc.o(i.NVIC_PriorityGroupConfig)
    OLED_Clear                               0x08002db1   Thumb Code    60  oled.o(i.OLED_Clear)
    OLED_FillScreen                          0x08002ded   Thumb Code    62  oled.o(i.OLED_FillScreen)
    OLED_Init                                0x08002e2d   Thumb Code   328  oled.o(i.OLED_Init)
    OLED_Set_Pos                             0x08002f79   Thumb Code    44  oled.o(i.OLED_Set_Pos)
    OLED_WR_Byte                             0x08002fa5   Thumb Code    88  oled.o(i.OLED_WR_Byte)
    Out0_Process                             0x08003001   Thumb Code    62  usb_core.o(i.Out0_Process)
    PMAToUserBufferCopy                      0x08003049   Thumb Code    26  usb_mem.o(i.PMAToUserBufferCopy)
    PendSV_Handler                           0x08003069   Thumb Code     2  stm32f10x_it.o(i.PendSV_Handler)
    Post0_Process                            0x0800306d   Thumb Code    52  usb_core.o(i.Post0_Process)
    PowerOn                                  0x080030b1   Thumb Code    36  usb_pwr.o(i.PowerOn)
    RCC_ADCCLKConfig                         0x080030dd   Thumb Code    14  stm32f10x_rcc.o(i.RCC_ADCCLKConfig)
    RCC_APB1PeriphClockCmd                   0x080030f1   Thumb Code    18  stm32f10x_rcc.o(i.RCC_APB1PeriphClockCmd)
    RCC_APB2PeriphClockCmd                   0x08003109   Thumb Code    18  stm32f10x_rcc.o(i.RCC_APB2PeriphClockCmd)
    RCC_APB2PeriphResetCmd                   0x08003121   Thumb Code    18  stm32f10x_rcc.o(i.RCC_APB2PeriphResetCmd)
    RCC_GetClocksFreq                        0x08003139   Thumb Code   128  stm32f10x_rcc.o(i.RCC_GetClocksFreq)
    RCC_USBCLKConfig                         0x080031c9   Thumb Code     8  stm32f10x_rcc.o(i.RCC_USBCLKConfig)
    Resume                                   0x080031d5   Thumb Code   140  usb_pwr.o(i.Resume)
    Resume_Init                              0x08003269   Thumb Code    26  usb_pwr.o(i.Resume_Init)
    SOF_Callback                             0x08003289   Thumb Code    30  usb_endp.o(i.SOF_Callback)
    SOLGUI_Clean                             0x080032b1   Thumb Code    10  solgui_common.o(i.SOLGUI_Clean)
    SOLGUI_Cursor                            0x080032c1   Thumb Code   404  solgui_widget.o(i.SOLGUI_Cursor)
    SOLGUI_DrawPoint                         0x08003465   Thumb Code    54  solgui_common.o(i.SOLGUI_DrawPoint)
    SOLGUI_GBasic_Line                       0x080034a1   Thumb Code   204  solgui_gbasic.o(i.SOLGUI_GBasic_Line)
    SOLGUI_GBasic_Rectangle                  0x0800356d   Thumb Code   156  solgui_gbasic.o(i.SOLGUI_GBasic_Rectangle)
    SOLGUI_GetCurrentKey                     0x08003609   Thumb Code     6  solgui_menu.o(i.SOLGUI_GetCurrentKey)
    SOLGUI_Hardware_FillScreen               0x08003615   Thumb Code     4  solgui_hardware.o(i.SOLGUI_Hardware_FillScreen)
    SOLGUI_Hardware_Init                     0x08003619   Thumb Code    14  solgui_hardware.o(i.SOLGUI_Hardware_Init)
    SOLGUI_Init                              0x08003629   Thumb Code    28  solgui_common.o(i.SOLGUI_Init)
    SOLGUI_InputKey                          0x08003649   Thumb Code     4  solgui_menu.o(i.SOLGUI_InputKey)
    SOLGUI_Menu_PageStage                    0x0800364d   Thumb Code    56  solgui_menu.o(i.SOLGUI_Menu_PageStage)
    SOLGUI_Menu_SetHomePage                  0x0800368d   Thumb Code     8  solgui_menu.o(i.SOLGUI_Menu_SetHomePage)
    SOLGUI_Menu_Title                        0x08003699   Thumb Code   108  solgui_menu.o(i.SOLGUI_Menu_Title)
    SOLGUI_PutChar                           0x08003715   Thumb Code   132  solgui_printf.o(i.SOLGUI_PutChar)
    SOLGUI_PutString                         0x08003799   Thumb Code    54  solgui_printf.o(i.SOLGUI_PutString)
    SOLGUI_Refresh                           0x080037d1   Thumb Code    16  solgui_common.o(i.SOLGUI_Refresh)
    SOLGUI_SwitchFont                        0x080037e5   Thumb Code    34  solgui_printf.o(i.SOLGUI_SwitchFont)
    SOLGUI_Widget_OptionText                 0x0800380d   Thumb Code    56  solgui_widget.o(i.SOLGUI_Widget_OptionText)
    SOLGUI_Widget_Spin                       0x08003849   Thumb Code  1056  solgui_widget.o(i.SOLGUI_Widget_Spin)
    SOLGUI_printf                            0x08003c69   Thumb Code    20  solgui_printf.o(i.SOLGUI_printf)
    SVC_Handler                              0x08003c7d   Thumb Code     2  stm32f10x_it.o(i.SVC_Handler)
    SetBTABLE                                0x08003c81   Thumb Code    10  usb_regs.o(i.SetBTABLE)
    SetDeviceAddress                         0x08003c91   Thumb Code    58  usb_core.o(i.SetDeviceAddress)
    SetEPRxAddr                              0x08003cd9   Thumb Code    24  usb_regs.o(i.SetEPRxAddr)
    SetEPRxCount                             0x08003cf9   Thumb Code    54  usb_regs.o(i.SetEPRxCount)
    SetEPRxStatus                            0x08003d39   Thumb Code    44  usb_regs.o(i.SetEPRxStatus)
    SetEPRxValid                             0x08003d69   Thumb Code    32  usb_regs.o(i.SetEPRxValid)
    SetEPTxAddr                              0x08003d8d   Thumb Code    22  usb_regs.o(i.SetEPTxAddr)
    SetEPTxCount                             0x08003dad   Thumb Code    20  usb_regs.o(i.SetEPTxCount)
    SetEPTxStatus                            0x08003dc9   Thumb Code    44  usb_regs.o(i.SetEPTxStatus)
    SetEPTxValid                             0x08003df9   Thumb Code    32  usb_regs.o(i.SetEPTxValid)
    SetEPType                                0x08003e1d   Thumb Code    24  usb_regs.o(i.SetEPType)
    Set_USBClock                             0x08003ee1   Thumb Code    20  hw_config.o(i.Set_USBClock)
    Setup0_Process                           0x08003ef5   Thumb Code    92  usb_core.o(i.Setup0_Process)
    Standard_ClearFeature                    0x08003f5d   Thumb Code   232  usb_core.o(i.Standard_ClearFeature)
    Standard_GetConfiguration                0x08004059   Thumb Code    30  usb_core.o(i.Standard_GetConfiguration)
    Standard_GetDescriptorData               0x08004081   Thumb Code    24  usb_core.o(i.Standard_GetDescriptorData)
    Standard_GetInterface                    0x0800409d   Thumb Code    30  usb_core.o(i.Standard_GetInterface)
    Standard_GetStatus                       0x080040c5   Thumb Code   130  usb_core.o(i.Standard_GetStatus)
    Standard_SetConfiguration                0x08004159   Thumb Code    42  usb_core.o(i.Standard_SetConfiguration)
    Standard_SetDeviceFeature                0x08004191   Thumb Code    26  usb_core.o(i.Standard_SetDeviceFeature)
    Standard_SetEndPointFeature              0x080041b5   Thumb Code   118  usb_core.o(i.Standard_SetEndPointFeature)
    Standard_SetInterface                    0x0800423d   Thumb Code    60  usb_core.o(i.Standard_SetInterface)
    Suspend                                  0x08004285   Thumb Code   114  usb_pwr.o(i.Suspend)
    SysTick_CLKSourceConfig                  0x08004305   Thumb Code    24  misc.o(i.SysTick_CLKSourceConfig)
    SysTick_Handler                          0x0800431d   Thumb Code     2  stm32f10x_it.o(i.SysTick_Handler)
    SystemInit                               0x08004321   Thumb Code    64  system_stm32f10x.o(i.SystemInit)
    TIM2_IRQHandler                          0x08004371   Thumb Code    46  main.o(i.TIM2_IRQHandler)
    TIM2_Int_Init                            0x0800439f   Thumb Code    92  timer.o(i.TIM2_Int_Init)
    TIM_ClearITPendingBit                    0x080043fb   Thumb Code     6  stm32f10x_tim.o(i.TIM_ClearITPendingBit)
    TIM_Cmd                                  0x08004401   Thumb Code    20  stm32f10x_tim.o(i.TIM_Cmd)
    TIM_GetITStatus                          0x08004415   Thumb Code    24  stm32f10x_tim.o(i.TIM_GetITStatus)
    TIM_ITConfig                             0x0800442d   Thumb Code    16  stm32f10x_tim.o(i.TIM_ITConfig)
    TIM_TimeBaseInit                         0x0800443d   Thumb Code   114  stm32f10x_tim.o(i.TIM_TimeBaseInit)
    USART1_IRQHandler                        0x080044d9   Thumb Code    88  usart.o(i.USART1_IRQHandler)
    USART_Cmd                                0x0800453d   Thumb Code    20  stm32f10x_usart.o(i.USART_Cmd)
    USART_Config                             0x08004551   Thumb Code    56  hw_config.o(i.USART_Config)
    USART_GetITStatus                        0x080045fd   Thumb Code    62  stm32f10x_usart.o(i.USART_GetITStatus)
    USART_ITConfig                           0x0800463b   Thumb Code    48  stm32f10x_usart.o(i.USART_ITConfig)
    USART_Init                               0x0800466d   Thumb Code   166  stm32f10x_usart.o(i.USART_Init)
    USART_ReceiveData                        0x08004719   Thumb Code     8  stm32f10x_usart.o(i.USART_ReceiveData)
    USBWakeUp_IRQHandler                     0x08004721   Thumb Code     8  hw_config.o(i.USBWakeUp_IRQHandler)
    USB_Cable_Config                         0x08004729   Thumb Code    12  hw_config.o(i.USB_Cable_Config)
    USB_Init                                 0x08004765   Thumb Code    22  usb_init.o(i.USB_Init)
    USB_Interrupts_Config                    0x0800478d   Thumb Code    76  hw_config.o(i.USB_Interrupts_Config)
    USB_Istr                                 0x080047d9   Thumb Code   310  usb_istr.o(i.USB_Istr)
    USB_LP_CAN1_RX0_IRQHandler               0x08004929   Thumb Code     4  hw_config.o(i.USB_LP_CAN1_RX0_IRQHandler)
    USB_Port_Set                             0x0800492d   Thumb Code    64  hw_config.o(i.USB_Port_Set)
    USB_SIL_Init                             0x08004979   Thumb Code    24  usb_sil.o(i.USB_SIL_Init)
    USB_SIL_Read                             0x08004999   Thumb Code    36  usb_sil.o(i.USB_SIL_Read)
    USB_To_USART_Send_Data                   0x080049bd   Thumb Code    78  hw_config.o(i.USB_To_USART_Send_Data)
    USB_USART_SendData                       0x08004a15   Thumb Code    36  hw_config.o(i.USB_USART_SendData)
    UsageFault_Handler                       0x08004a3d   Thumb Code     2  stm32f10x_it.o(i.UsageFault_Handler)
    UserToPMABufferCopy                      0x08004a41   Thumb Code    38  usb_mem.o(i.UserToPMABufferCopy)
    Virtual_Com_Port_Data_Setup              0x08004a6d   Thumb Code    68  usb_prop.o(i.Virtual_Com_Port_Data_Setup)
    Virtual_Com_Port_GetConfigDescriptor     0x08004ac1   Thumb Code     6  usb_prop.o(i.Virtual_Com_Port_GetConfigDescriptor)
    Virtual_Com_Port_GetDeviceDescriptor     0x08004acd   Thumb Code     6  usb_prop.o(i.Virtual_Com_Port_GetDeviceDescriptor)
    Virtual_Com_Port_GetLineCoding           0x08004ad9   Thumb Code    18  usb_prop.o(i.Virtual_Com_Port_GetLineCoding)
    Virtual_Com_Port_GetStringDescriptor     0x08004af5   Thumb Code    24  usb_prop.o(i.Virtual_Com_Port_GetStringDescriptor)
    Virtual_Com_Port_Get_Interface_Setting   0x08004b15   Thumb Code    14  usb_prop.o(i.Virtual_Com_Port_Get_Interface_Setting)
    Virtual_Com_Port_NoData_Setup            0x08004b25   Thumb Code    30  usb_prop.o(i.Virtual_Com_Port_NoData_Setup)
    Virtual_Com_Port_Reset                   0x08004b49   Thumb Code   208  usb_prop.o(i.Virtual_Com_Port_Reset)
    Virtual_Com_Port_SetConfiguration        0x08004c29   Thumb Code    16  usb_prop.o(i.Virtual_Com_Port_SetConfiguration)
    Virtual_Com_Port_SetDeviceAddress        0x08004c41   Thumb Code     8  usb_prop.o(i.Virtual_Com_Port_SetDeviceAddress)
    Virtual_Com_Port_SetLineCoding           0x08004c4d   Thumb Code    18  usb_prop.o(i.Virtual_Com_Port_SetLineCoding)
    Virtual_Com_Port_Status_In               0x08004c69   Thumb Code    20  usb_prop.o(i.Virtual_Com_Port_Status_In)
    Virtual_Com_Port_Status_Out              0x08004c81   Thumb Code     2  usb_prop.o(i.Virtual_Com_Port_Status_Out)
    Virtual_Com_Port_init                    0x08004c85   Thumb Code    28  usb_prop.o(i.Virtual_Com_Port_init)
    _LineModes                               0x08004ca9   Thumb Code    44  solgui_gbasic.o(i._LineModes)
    _OptionsDisplay_Judge                    0x08004cd5   Thumb Code    24  solgui_widget.o(i._OptionsDisplay_Judge)
    _OptionsDisplay_coorY                    0x08004cf1   Thumb Code    16  solgui_widget.o(i._OptionsDisplay_coorY)
    _Pow_10                                  0x08004d05   Thumb Code    62  solgui_widget.o(i._Pow_10)
    _UI_MENU                                 0x08004d55   Thumb Code   234  main.o(i._UI_MENU)
    __ARM_fpclassify                         0x08004eb1   Thumb Code    40  fpclassify.o(i.__ARM_fpclassify)
    __SOLGUI_printf                          0x08004ed9   Thumb Code   910  solgui_printf.o(i.__SOLGUI_printf)
    __kernel_poly                            0x08005267   Thumb Code   170  poly.o(i.__kernel_poly)
    __mathlib_dbl_divzero                    0x08005311   Thumb Code    12  dunder.o(i.__mathlib_dbl_divzero)
    __mathlib_dbl_infnan                     0x08005321   Thumb Code     6  dunder.o(i.__mathlib_dbl_infnan)
    __mathlib_dbl_infnan2                    0x08005327   Thumb Code     4  dunder.o(i.__mathlib_dbl_infnan2)
    __mathlib_dbl_invalid                    0x0800532b   Thumb Code    12  dunder.o(i.__mathlib_dbl_invalid)
    __mathlib_dbl_overflow                   0x08005337   Thumb Code    14  dunder.o(i.__mathlib_dbl_overflow)
    __mathlib_dbl_underflow                  0x08005345   Thumb Code    10  dunder.o(i.__mathlib_dbl_underflow)
    _is_digit                                0x08005355   Thumb Code    14  __printf_wp.o(i._is_digit)
    _sys_exit                                0x08005363   Thumb Code     2  usart.o(i._sys_exit)
    delay_init                               0x08005365   Thumb Code    46  delay.o(i.delay_init)
    delay_ms                                 0x080053a1   Thumb Code    46  delay.o(i.delay_ms)
    delay_us                                 0x080053d5   Thumb Code    46  delay.o(i.delay_us)
    fputc                                    0x08005409   Thumb Code    18  usart.o(i.fputc)
    log                                      0x08005421   Thumb Code   808  log.o(i.log)
    main                                     0x0800577d   Thumb Code   592  main.o(i.main)
    pow                                      0x08005a29   Thumb Code  2512  pow.o(i.pow)
    round                                    0x08006401   Thumb Code   136  round.o(i.round)
    sqrt                                     0x08006495   Thumb Code    76  sqrt.o(i.sqrt)
    uart_init                                0x080064e1   Thumb Code   104  usart.o(i.uart_init)
    usb_printf                               0x0800654d   Thumb Code    48  hw_config.o(i.usb_printf)
    _get_lc_numeric                          0x08006581   Thumb Code    44  lc_numeric_c.o(locale$$code)
    _get_lc_ctype                            0x080065ad   Thumb Code    44  lc_ctype_c.o(locale$$code)
    __aeabi_d2f                              0x080065d9   Thumb Code     0  d2f.o(x$fpl$d2f)
    _d2f                                     0x080065d9   Thumb Code    98  d2f.o(x$fpl$d2f)
    __aeabi_dadd                             0x0800663d   Thumb Code     0  daddsub_clz.o(x$fpl$dadd)
    _dadd                                    0x0800663d   Thumb Code   332  daddsub_clz.o(x$fpl$dadd)
    __fpl_dcheck_NaN1                        0x0800678d   Thumb Code    10  dcheck1.o(x$fpl$dcheck1)
    __fpl_dcmp_Inf                           0x0800679d   Thumb Code    24  dcmpi.o(x$fpl$dcmpinf)
    __aeabi_ddiv                             0x080067b5   Thumb Code     0  ddiv.o(x$fpl$ddiv)
    _ddiv                                    0x080067b5   Thumb Code   552  ddiv.o(x$fpl$ddiv)
    __aeabi_cdcmpeq                          0x08006a65   Thumb Code     0  deqf.o(x$fpl$deqf)
    _dcmpeq                                  0x08006a65   Thumb Code   120  deqf.o(x$fpl$deqf)
    __aeabi_d2iz                             0x08006add   Thumb Code     0  dfix.o(x$fpl$dfix)
    _dfix                                    0x08006add   Thumb Code    94  dfix.o(x$fpl$dfix)
    __aeabi_d2uiz                            0x08006b3d   Thumb Code     0  dfixu.o(x$fpl$dfixu)
    _dfixu                                   0x08006b3d   Thumb Code    90  dfixu.o(x$fpl$dfixu)
    __aeabi_i2d                              0x08006b97   Thumb Code     0  dflt_clz.o(x$fpl$dflt)
    _dflt                                    0x08006b97   Thumb Code    46  dflt_clz.o(x$fpl$dflt)
    __aeabi_ui2d                             0x08006bc5   Thumb Code     0  dflt_clz.o(x$fpl$dfltu)
    _dfltu                                   0x08006bc5   Thumb Code    38  dflt_clz.o(x$fpl$dfltu)
    __aeabi_cdcmple                          0x08006bed   Thumb Code     0  dleqf.o(x$fpl$dleqf)
    _dcmple                                  0x08006bed   Thumb Code   120  dleqf.o(x$fpl$dleqf)
    __fpl_dcmple_InfNaN                      0x08006c4f   Thumb Code     0  dleqf.o(x$fpl$dleqf)
    __aeabi_dmul                             0x08006c65   Thumb Code     0  dmul.o(x$fpl$dmul)
    _dmul                                    0x08006c65   Thumb Code   332  dmul.o(x$fpl$dmul)
    __fpl_dnaninf                            0x08006db9   Thumb Code   156  dnaninf.o(x$fpl$dnaninf)
    __fpl_dretinf                            0x08006e55   Thumb Code    12  dretinf.o(x$fpl$dretinf)
    __aeabi_cdrcmple                         0x08006e61   Thumb Code     0  drleqf.o(x$fpl$drleqf)
    _drcmple                                 0x08006e61   Thumb Code   108  drleqf.o(x$fpl$drleqf)
    _drnd                                    0x08006ecd   Thumb Code   180  drnd.o(x$fpl$drnd)
    __aeabi_drsub                            0x08006f81   Thumb Code     0  daddsub_clz.o(x$fpl$drsb)
    _drsb                                    0x08006f81   Thumb Code    22  daddsub_clz.o(x$fpl$drsb)
    _dsqrt                                   0x08006f99   Thumb Code   456  dsqrt_noumaal.o(x$fpl$dsqrt)
    __aeabi_dsub                             0x08007165   Thumb Code     0  daddsub_clz.o(x$fpl$dsub)
    _dsub                                    0x08007165   Thumb Code   464  daddsub_clz.o(x$fpl$dsub)
    __aeabi_f2d                              0x08007339   Thumb Code     0  f2d.o(x$fpl$f2d)
    _f2d                                     0x08007339   Thumb Code    86  f2d.o(x$fpl$f2d)
    __aeabi_fadd                             0x08007391   Thumb Code     0  faddsub_clz.o(x$fpl$fadd)
    _fadd                                    0x08007391   Thumb Code   196  faddsub_clz.o(x$fpl$fadd)
    __aeabi_fdiv                             0x08007455   Thumb Code     0  fdiv.o(x$fpl$fdiv)
    _fdiv                                    0x08007455   Thumb Code   384  fdiv.o(x$fpl$fdiv)
    __aeabi_f2iz                             0x080075d9   Thumb Code     0  ffix.o(x$fpl$ffix)
    _ffix                                    0x080075d9   Thumb Code    54  ffix.o(x$fpl$ffix)
    __aeabi_i2f                              0x08007611   Thumb Code     0  fflt_clz.o(x$fpl$fflt)
    _fflt                                    0x08007611   Thumb Code    48  fflt_clz.o(x$fpl$fflt)
    __aeabi_ui2f                             0x08007641   Thumb Code     0  fflt_clz.o(x$fpl$ffltu)
    _ffltu                                   0x08007641   Thumb Code    38  fflt_clz.o(x$fpl$ffltu)
    __aeabi_fmul                             0x08007669   Thumb Code     0  fmul.o(x$fpl$fmul)
    _fmul                                    0x08007669   Thumb Code   258  fmul.o(x$fpl$fmul)
    __fpl_fnaninf                            0x0800776b   Thumb Code   140  fnaninf.o(x$fpl$fnaninf)
    __fpl_fretinf                            0x080077f7   Thumb Code    10  fretinf.o(x$fpl$fretinf)
    __aeabi_frsub                            0x08007801   Thumb Code     0  faddsub_clz.o(x$fpl$frsb)
    _frsb                                    0x08007801   Thumb Code    20  faddsub_clz.o(x$fpl$frsb)
    __aeabi_fsub                             0x08007815   Thumb Code     0  faddsub_clz.o(x$fpl$fsub)
    _fsub                                    0x08007815   Thumb Code   234  faddsub_clz.o(x$fpl$fsub)
    _printf_fp_dec                           0x080078ff   Thumb Code     4  printf1.o(x$fpl$printf1)
    _printf_fp_hex                           0x08007903   Thumb Code     4  printf2.o(x$fpl$printf2)
    __fpl_return_NaN                         0x08007907   Thumb Code   100  retnan.o(x$fpl$retnan)
    __ARM_scalbn                             0x0800796b   Thumb Code    92  scalbn.o(x$fpl$scalbn)
    __fpl_cmpreturn                          0x080079c7   Thumb Code    48  trapv.o(x$fpl$trapveneer)
    Virtual_Com_Port_DeviceDescriptor        0x080079f6   Data          18  usb_desc.o(.constdata)
    __I$use$fp                               0x080079f6   Number         0  usenofp.o(x$fpl$usenofp)
    Virtual_Com_Port_ConfigDescriptor        0x08007a08   Data          67  usb_desc.o(.constdata)
    Virtual_Com_Port_StringLangID            0x08007a4b   Data           4  usb_desc.o(.constdata)
    Virtual_Com_Port_StringVendor            0x08007a4f   Data          38  usb_desc.o(.constdata)
    Virtual_Com_Port_StringProduct           0x08007a75   Data          50  usb_desc.o(.constdata)
    SOL_ASCII_IME_lowerchar                  0x08007aa7   Data          27  solgui_widget.o(.constdata)
    SOL_ASCII_IME_upperchar                  0x08007ac2   Data          27  solgui_widget.o(.constdata)
    SOL_ASCII_IME_Number                     0x08007add   Data          29  solgui_widget.o(.constdata)
    SOL_ASCII_IME_symbol                     0x08007afa   Data          15  solgui_widget.o(.constdata)
    SOL_ASCII_IME_CRLchar                    0x08007b09   Data           3  solgui_widget.o(.constdata)
    _Font6x8                                 0x08007b0c   Data         848  font6x8_ascii.o(.constdata)
    _Font8x10                                0x08007e5c   Data         950  font8x10_ascii.o(.constdata)
    __mathlib_zero                           0x08008318   Data           8  qnan.o(.constdata)
    Region$$Table$$Base                      0x0800840c   Number         0  anon$$obj.o(Region$$Table)
    Region$$Table$$Limit                     0x0800842c   Number         0  anon$$obj.o(Region$$Table)
    __ctype                                  0x08008455   Data           0  lc_ctype_c.o(locale$$data)
    voltage                                  0x20000000   Data           4  main.o(.data)
    Apertute_num                             0x20000004   Data           4  main.o(.data)
    iso_num                                  0x20000008   Data           4  main.o(.data)
    lux                                      0x2000000c   Data           4  main.o(.data)
    exposuretime                             0x20000010   Data           4  main.o(.data)
    ev                                       0x20000014   Data           4  main.o(.data)
    tmin                                     0x20000018   Data           4  main.o(.data)
    tsec                                     0x2000001c   Data           4  main.o(.data)
    tfr                                      0x20000020   Data           4  main.o(.data)
    tmode                                    0x20000024   Data           4  main.o(.data)
    Apertute                                 0x20000028   Data          56  main.o(.data)
    iso                                      0x20000060   Data          56  main.o(.data)
    UI_MENU                                  0x20000098   Data          12  main.o(.data)
    SystemCoreClock                          0x200000a4   Data           4  system_stm32f10x.o(.data)
    AHBPrescTable                            0x200000a8   Data          16  system_stm32f10x.o(.data)
    USART_RX_STA                             0x200000bc   Data           2  usart.o(.data)
    __stdout                                 0x200000c0   Data           4  usart.o(.data)
    Data_Mul_MaxPacketSize                   0x200000d8   Data           1  usb_core.o(.data)
    StatusInfo                               0x200000da   Data           2  usb_core.o(.data)
    EPindex                                  0x200000dc   Data           1  usb_init.o(.data)
    pInformation                             0x200000e0   Data           4  usb_init.o(.data)
    pProperty                                0x200000e4   Data           4  usb_init.o(.data)
    pUser_Standard_Requests                  0x200000e8   Data           4  usb_init.o(.data)
    wInterrupt_Mask                          0x200000ec   Data           2  usb_init.o(.data)
    SaveRState                               0x200000ee   Data           2  usb_int.o(.data)
    SaveTState                               0x200000f0   Data           2  usb_int.o(.data)
    USB_USART_RX_STA                         0x200000f2   Data           2  hw_config.o(.data)
    Virtual_Com_Port_StringSerial            0x200000f4   Data          26  usb_desc.o(.data)
    bIntPackSOF                              0x20000114   Data           1  usb_istr.o(.data)
    wIstr                                    0x20000116   Data           2  usb_istr.o(.data)
    esof_counter                             0x20000118   Data           4  usb_istr.o(.data)
    wCNTR                                    0x2000011c   Data           4  usb_istr.o(.data)
    pEpInt_IN                                0x20000120   Data          28  usb_istr.o(.data)
    pEpInt_OUT                               0x2000013c   Data          28  usb_istr.o(.data)
    Request                                  0x20000158   Data           1  usb_prop.o(.data)
    linecoding                               0x2000015c   Data           8  usb_prop.o(.data)
    Device_Descriptor                        0x20000164   Data           8  usb_prop.o(.data)
    Config_Descriptor                        0x2000016c   Data           8  usb_prop.o(.data)
    Device_Property                          0x20000174   Data          48  usb_prop.o(.data)
    String_Descriptor                        0x200001a4   Data          32  usb_prop.o(.data)
    Device_Table                             0x200001c4   Data           2  usb_prop.o(.data)
    User_Standard_Requests                   0x200001c8   Data          36  usb_prop.o(.data)
    bDeviceState                             0x200001ec   Data           4  usb_pwr.o(.data)
    fSuspendEnabled                          0x200001f0   Data           1  usb_pwr.o(.data)
    ResumeS                                  0x200001f4   Data           2  usb_pwr.o(.data)
    remotewakeupon                           0x200001f8   Data           4  usb_pwr.o(.data)
    cur_key                                  0x200001fc   Data           1  solgui_menu.o(.data)
    SOLGUI_CSR                               0x200001fd   Data           1  solgui_menu.o(.data)
    current_page                             0x20000200   Data           4  solgui_menu.o(.data)
    _key_cache                               0x20000204   Data           7  solgui_menu.o(.data)
    _fontInfo_6x8                            0x2000020c   Data           8  solgui_printf.o(.data)
    _fontInfo_8x10                           0x20000214   Data           8  solgui_printf.o(.data)
    IME_CLUSTER_LC                           0x2000021c   Data          16  solgui_widget.o(.data)
    IME_CLUSTER_UC                           0x2000022c   Data          16  solgui_widget.o(.data)
    IME_CLUSTER_NU                           0x2000023c   Data          16  solgui_widget.o(.data)
    IME_CLUSTER_SY                           0x2000024c   Data          16  solgui_widget.o(.data)
    IME_CLUSTER_CR                           0x2000025c   Data          16  solgui_widget.o(.data)
    SOL_ASCII_IME_REG                        0x2000026c   Data          24  solgui_widget.o(.data)
    SOL_ASCII_IME                            0x2000028c   Data           4  solgui_widget.o(.data)
    cursor                                   0x20000290   Data           4  solgui_widget.o(.data)
    USART_RX_BUF                             0x20000294   Data         200  usart.o(.bss)
    Device_Info                              0x2000035c   Data          28  usb_init.o(.bss)
    uu_txfifo                                0x20000378   Data        1028  hw_config.o(.bss)
    USART_PRINTF_Buffer                      0x2000077c   Data         200  hw_config.o(.bss)
    USB_USART_RX_BUF                         0x20000844   Data         200  hw_config.o(.bss)
    USB_Rx_Buffer                            0x2000090c   Data          64  usb_endp.o(.bss)
    EP                                       0x2000094c   Data          32  usb_pwr.o(.bss)
    SOLGUI_GRAM                              0x2000096c   Data        1024  solgui_common.o(.bss)
    cursor_reg                               0x20000d6c   Data          12  solgui_widget.o(.bss)
    option_enable_list                       0x20000da1   Data          16  solgui_widget.o(.bss)
    __libspace_start                         0x20000db4   Data          96  libspace.o(.bss)
    __temporary_stack_top$libspace           0x20000e14   Data           0  libspace.o(.bss)



==============================================================================

Memory Map of the image

  Image Entry point : 0x080002b9

  Load Region LR_1 (Base: 0x08000000, Size: 0x000087ec, Max: 0xffffffff, ABSOLUTE, COMPRESSED[0x000086a4])

    Execution Region ER_RO (Exec base: 0x08000000, Load base: 0x08000000, Size: 0x00008558, Max: 0xffffffff, ABSOLUTE)

    Exec Addr    Load Addr    Size         Type   Attr      Idx    E Section Name        Object

    0x08000000   0x08000000   0x00000130   Data   RO          509    RESET               startup_stm32f10x_hd.o
    0x08000130   0x08000130   0x00000008   Code   RO         5263  * !!!main             c_w.l(__main.o)
    0x08000138   0x08000138   0x00000034   Code   RO         5704    !!!scatter          c_w.l(__scatter.o)
    0x0800016c   0x0800016c   0x0000005a   Code   RO         5702    !!dczerorl2         c_w.l(__dczerorl2.o)
    0x080001c6   0x080001c6   0x00000002   PAD
    0x080001c8   0x080001c8   0x0000001c   Code   RO         5706    !!handler_zi        c_w.l(__scatter_zi.o)
    0x080001e4   0x080001e4   0x00000000   Code   RO         5252    .ARM.Collect$$_printf_percent$$00000000  c_w.l(_printf_percent.o)
    0x080001e4   0x080001e4   0x00000006   Code   RO         5404    .ARM.Collect$$_printf_percent$$00000001  c_w.l(_printf_n.o)
    0x080001ea   0x080001ea   0x00000006   Code   RO         5406    .ARM.Collect$$_printf_percent$$00000002  c_w.l(_printf_p.o)
    0x080001f0   0x080001f0   0x00000006   Code   RO         5410    .ARM.Collect$$_printf_percent$$00000003  c_w.l(_printf_f.o)
    0x080001f6   0x080001f6   0x00000006   Code   RO         5411    .ARM.Collect$$_printf_percent$$00000004  c_w.l(_printf_e.o)
    0x080001fc   0x080001fc   0x00000006   Code   RO         5412    .ARM.Collect$$_printf_percent$$00000005  c_w.l(_printf_g.o)
    0x08000202   0x08000202   0x00000006   Code   RO         5413    .ARM.Collect$$_printf_percent$$00000006  c_w.l(_printf_a.o)
    0x08000208   0x08000208   0x0000000a   Code   RO         5418    .ARM.Collect$$_printf_percent$$00000007  c_w.l(_printf_ll.o)
    0x08000212   0x08000212   0x00000006   Code   RO         5408    .ARM.Collect$$_printf_percent$$00000008  c_w.l(_printf_i.o)
    0x08000218   0x08000218   0x00000006   Code   RO         5251    .ARM.Collect$$_printf_percent$$00000009  c_w.l(_printf_d.o)
    0x0800021e   0x0800021e   0x00000006   Code   RO         5409    .ARM.Collect$$_printf_percent$$0000000A  c_w.l(_printf_u.o)
    0x08000224   0x08000224   0x00000006   Code   RO         5407    .ARM.Collect$$_printf_percent$$0000000B  c_w.l(_printf_o.o)
    0x0800022a   0x0800022a   0x00000006   Code   RO         5405    .ARM.Collect$$_printf_percent$$0000000C  c_w.l(_printf_x.o)
    0x08000230   0x08000230   0x00000006   Code   RO         5415    .ARM.Collect$$_printf_percent$$0000000D  c_w.l(_printf_lli.o)
    0x08000236   0x08000236   0x00000006   Code   RO         5416    .ARM.Collect$$_printf_percent$$0000000E  c_w.l(_printf_lld.o)
    0x0800023c   0x0800023c   0x00000006   Code   RO         5417    .ARM.Collect$$_printf_percent$$0000000F  c_w.l(_printf_llu.o)
    0x08000242   0x08000242   0x00000006   Code   RO         5422    .ARM.Collect$$_printf_percent$$00000010  c_w.l(_printf_llo.o)
    0x08000248   0x08000248   0x00000006   Code   RO         5423    .ARM.Collect$$_printf_percent$$00000011  c_w.l(_printf_llx.o)
    0x0800024e   0x0800024e   0x0000000a   Code   RO         5419    .ARM.Collect$$_printf_percent$$00000012  c_w.l(_printf_l.o)
    0x08000258   0x08000258   0x00000006   Code   RO         5402    .ARM.Collect$$_printf_percent$$00000013  c_w.l(_printf_c.o)
    0x0800025e   0x0800025e   0x00000006   Code   RO         5403    .ARM.Collect$$_printf_percent$$00000014  c_w.l(_printf_s.o)
    0x08000264   0x08000264   0x00000006   Code   RO         5420    .ARM.Collect$$_printf_percent$$00000015  c_w.l(_printf_lc.o)
    0x0800026a   0x0800026a   0x00000006   Code   RO         5421    .ARM.Collect$$_printf_percent$$00000016  c_w.l(_printf_ls.o)
    0x08000270   0x08000270   0x00000004   Code   RO         5414    .ARM.Collect$$_printf_percent$$00000017  c_w.l(_printf_percent_end.o)
    0x08000274   0x08000274   0x00000002   Code   RO         5570    .ARM.Collect$$libinit$$00000000  c_w.l(libinit.o)
    0x08000276   0x08000276   0x00000000   Code   RO         5583    .ARM.Collect$$libinit$$00000002  c_w.l(libinit2.o)
    0x08000276   0x08000276   0x00000000   Code   RO         5585    .ARM.Collect$$libinit$$00000004  c_w.l(libinit2.o)
    0x08000276   0x08000276   0x00000000   Code   RO         5588    .ARM.Collect$$libinit$$0000000A  c_w.l(libinit2.o)
    0x08000276   0x08000276   0x00000000   Code   RO         5590    .ARM.Collect$$libinit$$0000000C  c_w.l(libinit2.o)
    0x08000276   0x08000276   0x00000000   Code   RO         5592    .ARM.Collect$$libinit$$0000000E  c_w.l(libinit2.o)
    0x08000276   0x08000276   0x00000006   Code   RO         5593    .ARM.Collect$$libinit$$0000000F  c_w.l(libinit2.o)
    0x0800027c   0x0800027c   0x00000000   Code   RO         5595    .ARM.Collect$$libinit$$00000011  c_w.l(libinit2.o)
    0x0800027c   0x0800027c   0x0000000c   Code   RO         5596    .ARM.Collect$$libinit$$00000012  c_w.l(libinit2.o)
    0x08000288   0x08000288   0x00000000   Code   RO         5597    .ARM.Collect$$libinit$$00000013  c_w.l(libinit2.o)
    0x08000288   0x08000288   0x00000000   Code   RO         5599    .ARM.Collect$$libinit$$00000015  c_w.l(libinit2.o)
    0x08000288   0x08000288   0x0000000a   Code   RO         5600    .ARM.Collect$$libinit$$00000016  c_w.l(libinit2.o)
    0x08000292   0x08000292   0x00000000   Code   RO         5601    .ARM.Collect$$libinit$$00000017  c_w.l(libinit2.o)
    0x08000292   0x08000292   0x00000000   Code   RO         5603    .ARM.Collect$$libinit$$00000019  c_w.l(libinit2.o)
    0x08000292   0x08000292   0x00000000   Code   RO         5605    .ARM.Collect$$libinit$$0000001B  c_w.l(libinit2.o)
    0x08000292   0x08000292   0x00000000   Code   RO         5607    .ARM.Collect$$libinit$$0000001D  c_w.l(libinit2.o)
    0x08000292   0x08000292   0x00000000   Code   RO         5609    .ARM.Collect$$libinit$$0000001F  c_w.l(libinit2.o)
    0x08000292   0x08000292   0x00000000   Code   RO         5611    .ARM.Collect$$libinit$$00000021  c_w.l(libinit2.o)
    0x08000292   0x08000292   0x00000000   Code   RO         5613    .ARM.Collect$$libinit$$00000023  c_w.l(libinit2.o)
    0x08000292   0x08000292   0x00000000   Code   RO         5615    .ARM.Collect$$libinit$$00000025  c_w.l(libinit2.o)
    0x08000292   0x08000292   0x00000000   Code   RO         5619    .ARM.Collect$$libinit$$0000002C  c_w.l(libinit2.o)
    0x08000292   0x08000292   0x00000000   Code   RO         5621    .ARM.Collect$$libinit$$0000002E  c_w.l(libinit2.o)
    0x08000292   0x08000292   0x00000000   Code   RO         5623    .ARM.Collect$$libinit$$00000030  c_w.l(libinit2.o)
    0x08000292   0x08000292   0x00000000   Code   RO         5625    .ARM.Collect$$libinit$$00000032  c_w.l(libinit2.o)
    0x08000292   0x08000292   0x00000002   Code   RO         5626    .ARM.Collect$$libinit$$00000033  c_w.l(libinit2.o)
    0x08000294   0x08000294   0x00000002   Code   RO         5644    .ARM.Collect$$libshutdown$$00000000  c_w.l(libshutdown.o)
    0x08000296   0x08000296   0x00000000   Code   RO         5654    .ARM.Collect$$libshutdown$$00000002  c_w.l(libshutdown2.o)
    0x08000296   0x08000296   0x00000000   Code   RO         5656    .ARM.Collect$$libshutdown$$00000004  c_w.l(libshutdown2.o)
    0x08000296   0x08000296   0x00000000   Code   RO         5659    .ARM.Collect$$libshutdown$$00000007  c_w.l(libshutdown2.o)
    0x08000296   0x08000296   0x00000000   Code   RO         5662    .ARM.Collect$$libshutdown$$0000000A  c_w.l(libshutdown2.o)
    0x08000296   0x08000296   0x00000000   Code   RO         5664    .ARM.Collect$$libshutdown$$0000000C  c_w.l(libshutdown2.o)
    0x08000296   0x08000296   0x00000000   Code   RO         5667    .ARM.Collect$$libshutdown$$0000000F  c_w.l(libshutdown2.o)
    0x08000296   0x08000296   0x00000002   Code   RO         5668    .ARM.Collect$$libshutdown$$00000010  c_w.l(libshutdown2.o)
    0x08000298   0x08000298   0x00000000   Code   RO         5351    .ARM.Collect$$rtentry$$00000000  c_w.l(__rtentry.o)
    0x08000298   0x08000298   0x00000000   Code   RO         5479    .ARM.Collect$$rtentry$$00000002  c_w.l(__rtentry2.o)
    0x08000298   0x08000298   0x00000006   Code   RO         5491    .ARM.Collect$$rtentry$$00000004  c_w.l(__rtentry4.o)
    0x0800029e   0x0800029e   0x00000000   Code   RO         5481    .ARM.Collect$$rtentry$$00000009  c_w.l(__rtentry2.o)
    0x0800029e   0x0800029e   0x00000004   Code   RO         5482    .ARM.Collect$$rtentry$$0000000A  c_w.l(__rtentry2.o)
    0x080002a2   0x080002a2   0x00000000   Code   RO         5484    .ARM.Collect$$rtentry$$0000000C  c_w.l(__rtentry2.o)
    0x080002a2   0x080002a2   0x00000008   Code   RO         5485    .ARM.Collect$$rtentry$$0000000D  c_w.l(__rtentry2.o)
    0x080002aa   0x080002aa   0x00000002   Code   RO         5575    .ARM.Collect$$rtexit$$00000000  c_w.l(rtexit.o)
    0x080002ac   0x080002ac   0x00000000   Code   RO         5628    .ARM.Collect$$rtexit$$00000002  c_w.l(rtexit2.o)
    0x080002ac   0x080002ac   0x00000004   Code   RO         5629    .ARM.Collect$$rtexit$$00000003  c_w.l(rtexit2.o)
    0x080002b0   0x080002b0   0x00000006   Code   RO         5630    .ARM.Collect$$rtexit$$00000004  c_w.l(rtexit2.o)
    0x080002b6   0x080002b6   0x00000002   PAD
    0x080002b8   0x080002b8   0x00000040   Code   RO          510  * .text               startup_stm32f10x_hd.o
    0x080002f8   0x080002f8   0x00000002   Code   RO         5219    .text               c_w.l(use_no_semi_2.o)
    0x080002fa   0x080002fa   0x00000002   PAD
    0x080002fc   0x080002fc   0x00000024   Code   RO         5221    .text               c_w.l(vsprintf.o)
    0x08000320   0x08000320   0x00000018   Code   RO         5223    .text               c_w.l(__2printf.o)
    0x08000338   0x08000338   0x00000078   Code   RO         5229    .text               c_w.l(_printf_dec.o)
    0x080003b0   0x080003b0   0x00000188   Code   RO         5248    .text               c_w.l(__printf_flags_ss_wp.o)
    0x08000538   0x08000538   0x0000003e   Code   RO         5255    .text               c_w.l(strlen.o)
    0x08000576   0x08000576   0x00000044   Code   RO         5257    .text               c_w.l(rt_memclr.o)
    0x080005ba   0x080005ba   0x00000006   Code   RO         5261    .text               c_w.l(heapauxi.o)
    0x080005c0   0x080005c0   0x00000002   Code   RO         5349    .text               c_w.l(use_no_semi.o)
    0x080005c2   0x080005c2   0x00000016   Code   RO         5352    .text               c_w.l(_rserrno.o)
    0x080005d8   0x080005d8   0x0000004e   Code   RO         5354    .text               c_w.l(_printf_pad.o)
    0x08000626   0x08000626   0x00000024   Code   RO         5356    .text               c_w.l(_printf_truncate.o)
    0x0800064a   0x0800064a   0x00000052   Code   RO         5358    .text               c_w.l(_printf_str.o)
    0x0800069c   0x0800069c   0x000000b2   Code   RO         5360    .text               c_w.l(_printf_intcommon.o)
    0x0800074e   0x0800074e   0x00000028   Code   RO         5362    .text               c_w.l(_printf_charcount.o)
    0x08000776   0x08000776   0x00000002   PAD
    0x08000778   0x08000778   0x00000030   Code   RO         5364    .text               c_w.l(_printf_char_common.o)
    0x080007a8   0x080007a8   0x0000000a   Code   RO         5366    .text               c_w.l(_sputc.o)
    0x080007b2   0x080007b2   0x00000002   PAD
    0x080007b4   0x080007b4   0x00000024   Code   RO         5368    .text               c_w.l(_printf_char_file.o)
    0x080007d8   0x080007d8   0x000000bc   Code   RO         5370    .text               c_w.l(_printf_wctomb.o)
    0x08000894   0x08000894   0x0000007c   Code   RO         5373    .text               c_w.l(_printf_longlong_dec.o)
    0x08000910   0x08000910   0x00000070   Code   RO         5379    .text               c_w.l(_printf_oct_int_ll.o)
    0x08000980   0x08000980   0x00000094   Code   RO         5399    .text               c_w.l(_printf_hex_int_ll_ptr.o)
    0x08000a14   0x08000a14   0x0000004e   Code   RO         5424    .text               c_w.l(rt_memclr_w.o)
    0x08000a62   0x08000a62   0x00000002   PAD
    0x08000a64   0x08000a64   0x00000008   Code   RO         5496    .text               c_w.l(rt_errno_addr_intlibspace.o)
    0x08000a6c   0x08000a6c   0x0000008a   Code   RO         5498    .text               c_w.l(lludiv10.o)
    0x08000af6   0x08000af6   0x0000041e   Code   RO         5500    .text               c_w.l(_printf_fp_dec.o)
    0x08000f14   0x08000f14   0x000002fc   Code   RO         5502    .text               c_w.l(_printf_fp_hex.o)
    0x08001210   0x08001210   0x0000002c   Code   RO         5507    .text               c_w.l(_printf_char.o)
    0x0800123c   0x0800123c   0x0000002c   Code   RO         5509    .text               c_w.l(_printf_wchar.o)
    0x08001268   0x08001268   0x00000008   Code   RO         5511    .text               c_w.l(ferror.o)
    0x08001270   0x08001270   0x00000040   Code   RO         5515    .text               c_w.l(_wcrtomb.o)
    0x080012b0   0x080012b0   0x00000008   Code   RO         5521    .text               c_w.l(libspace.o)
    0x080012b8   0x080012b8   0x0000004a   Code   RO         5524    .text               c_w.l(sys_stackheap_outer.o)
    0x08001302   0x08001302   0x00000002   PAD
    0x08001304   0x08001304   0x00000010   Code   RO         5526    .text               c_w.l(rt_ctype_table.o)
    0x08001314   0x08001314   0x00000008   Code   RO         5531    .text               c_w.l(rt_locale_intlibspace.o)
    0x0800131c   0x0800131c   0x00000080   Code   RO         5533    .text               c_w.l(_printf_fp_infnan.o)
    0x0800139c   0x0800139c   0x000000e4   Code   RO         5535    .text               c_w.l(bigflt0.o)
    0x08001480   0x08001480   0x00000012   Code   RO         5563    .text               c_w.l(exit.o)
    0x08001492   0x08001492   0x00000002   PAD
    0x08001494   0x08001494   0x00000080   Code   RO         5580    .text               c_w.l(strcmpv7m.o)
    0x08001514   0x08001514   0x0000003e   Code   RO         5538    CL$$btod_d2e        c_w.l(btod.o)
    0x08001552   0x08001552   0x00000046   Code   RO         5540    CL$$btod_d2e_denorm_low  c_w.l(btod.o)
    0x08001598   0x08001598   0x00000060   Code   RO         5539    CL$$btod_d2e_norm_op1  c_w.l(btod.o)
    0x080015f8   0x080015f8   0x00000338   Code   RO         5548    CL$$btod_div_common  c_w.l(btod.o)
    0x08001930   0x08001930   0x000000dc   Code   RO         5545    CL$$btod_e2e        c_w.l(btod.o)
    0x08001a0c   0x08001a0c   0x0000002a   Code   RO         5542    CL$$btod_ediv       c_w.l(btod.o)
    0x08001a36   0x08001a36   0x0000002a   Code   RO         5541    CL$$btod_emul       c_w.l(btod.o)
    0x08001a60   0x08001a60   0x00000244   Code   RO         5547    CL$$btod_mult_common  c_w.l(btod.o)
    0x08001ca4   0x08001ca4   0x00000014   Code   RO          556    i.ADC_Cmd           stm32f10x_adc.o
    0x08001cb8   0x08001cb8   0x00000044   Code   RO          558    i.ADC_DeInit        stm32f10x_adc.o
    0x08001cfc   0x08001cfc   0x0000000e   Code   RO          564    i.ADC_GetCalibrationStatus  stm32f10x_adc.o
    0x08001d0a   0x08001d0a   0x00000006   Code   RO          565    i.ADC_GetConversionValue  stm32f10x_adc.o
    0x08001d10   0x08001d10   0x0000000e   Code   RO          567    i.ADC_GetFlagStatus  stm32f10x_adc.o
    0x08001d1e   0x08001d1e   0x0000000e   Code   RO          570    i.ADC_GetResetCalibrationStatus  stm32f10x_adc.o
    0x08001d2c   0x08001d2c   0x00000048   Code   RO          574    i.ADC_Init          stm32f10x_adc.o
    0x08001d74   0x08001d74   0x00000074   Code   RO          578    i.ADC_RegularChannelConfig  stm32f10x_adc.o
    0x08001de8   0x08001de8   0x0000000a   Code   RO          579    i.ADC_ResetCalibration  stm32f10x_adc.o
    0x08001df2   0x08001df2   0x00000014   Code   RO          581    i.ADC_SoftwareStartConvCmd  stm32f10x_adc.o
    0x08001e06   0x08001e06   0x0000000a   Code   RO          583    i.ADC_StartCalibration  stm32f10x_adc.o
    0x08001e10   0x08001e10   0x00000088   Code   RO         3667    i.Adc_Init          adc.o
    0x08001e98   0x08001e98   0x00000038   Code   RO         3463    i.BEEP_Init         beep.o
    0x08001ed0   0x08001ed0   0x00000002   Code   RO          272    i.BusFault_Handler  stm32f10x_it.o
    0x08001ed2   0x08001ed2   0x0000000a   Code   RO         4101    i.ByteSwap          usb_regs.o
    0x08001edc   0x08001edc   0x0000015c   Code   RO         4054    i.CTR_LP            usb_int.o
    0x08002038   0x08002038   0x00000028   Code   RO         4102    i.ClearDTOG_RX      usb_regs.o
    0x08002060   0x08002060   0x00000028   Code   RO         4103    i.ClearDTOG_TX      usb_regs.o
    0x08002088   0x08002088   0x00000020   Code   RO         4108    i.Clear_Status_Out  usb_regs.o
    0x080020a8   0x080020a8   0x000000b4   Code   RO         3905    i.DataStageIn       usb_core.o
    0x0800215c   0x0800215c   0x000000a4   Code   RO         3906    i.DataStageOut      usb_core.o
    0x08002200   0x08002200   0x0000019c   Code   RO         3907    i.Data_Setup0       usb_core.o
    0x0800239c   0x0800239c   0x00000002   Code   RO          273    i.DebugMon_Handler  stm32f10x_it.o
    0x0800239e   0x0800239e   0x00000002   PAD
    0x080023a0   0x080023a0   0x00000078   Code   RO         4617    i.EP1_IN_Callback   usb_endp.o
    0x08002418   0x08002418   0x00000020   Code   RO         4618    i.EP3_OUT_Callback  usb_endp.o
    0x08002438   0x08002438   0x00000006   Code   RO         3491    i.EXTI0_IRQHandler  exti.o
    0x0800243e   0x0800243e   0x00000006   Code   RO         3492    i.EXTI2_IRQHandler  exti.o
    0x08002444   0x08002444   0x00000006   Code   RO         3493    i.EXTI3_IRQHandler  exti.o
    0x0800244a   0x0800244a   0x00000006   Code   RO         3494    i.EXTI4_IRQHandler  exti.o
    0x08002450   0x08002450   0x0000000c   Code   RO         1312    i.EXTI_ClearITPendingBit  stm32f10x_exti.o
    0x0800245c   0x0800245c   0x00000070   Code   RO         1317    i.EXTI_Init         stm32f10x_exti.o
    0x080024cc   0x080024cc   0x00000030   Code   RO         4485    i.Enter_LowPowerMode  hw_config.o
    0x080024fc   0x080024fc   0x00000024   Code   RO         4906    i.FIFO_DeQueue      solgui_menu.o
    0x08002520   0x08002520   0x0000001c   Code   RO         4907    i.FIFO_EnQueue      solgui_menu.o
    0x0800253c   0x0800253c   0x00000014   Code   RO         4908    i.FIFO_Init         solgui_menu.o
    0x08002550   0x08002550   0x000000a2   Code   RO         1663    i.GPIO_Init         stm32f10x_gpio.o
    0x080025f2   0x080025f2   0x00000002   PAD
    0x080025f4   0x080025f4   0x00000058   Code   RO         1665    i.GPIO_PinRemapConfig  stm32f10x_gpio.o
    0x0800264c   0x0800264c   0x0000000e   Code   RO         1667    i.GPIO_ReadInputDataBit  stm32f10x_gpio.o
    0x0800265a   0x0800265a   0x00000004   Code   RO         1670    i.GPIO_ResetBits    stm32f10x_gpio.o
    0x0800265e   0x0800265e   0x00000004   Code   RO         1671    i.GPIO_SetBits      stm32f10x_gpio.o
    0x08002662   0x08002662   0x00000002   PAD
    0x08002664   0x08002664   0x00000020   Code   RO         4120    i.GetEPRxAddr       usb_regs.o
    0x08002684   0x08002684   0x00000020   Code   RO         4121    i.GetEPRxCount      usb_regs.o
    0x080026a4   0x080026a4   0x0000001c   Code   RO         4123    i.GetEPTxAddr       usb_regs.o
    0x080026c0   0x080026c0   0x00000034   Code   RO         3668    i.Get_Adc           adc.o
    0x080026f4   0x080026f4   0x00000028   Code   RO         3669    i.Get_Adc_Average   adc.o
    0x0800271c   0x0800271c   0x00000034   Code   RO         4486    i.Get_SerialNum     hw_config.o
    0x08002750   0x08002750   0x00000002   Code   RO          274    i.HardFault_Handler  stm32f10x_it.o
    0x08002752   0x08002752   0x00000002   PAD
    0x08002754   0x08002754   0x00000040   Code   RO         3851    i.IIC_Ack           myiic.o
    0x08002794   0x08002794   0x00000038   Code   RO         3852    i.IIC_Init          myiic.o
    0x080027cc   0x080027cc   0x00000040   Code   RO         3853    i.IIC_NAck          myiic.o
    0x0800280c   0x0800280c   0x0000006c   Code   RO         3854    i.IIC_Read_Byte     myiic.o
    0x08002878   0x08002878   0x00000060   Code   RO         3855    i.IIC_Send_Byte     myiic.o
    0x080028d8   0x080028d8   0x00000040   Code   RO         3856    i.IIC_Start         myiic.o
    0x08002918   0x08002918   0x00000040   Code   RO         3857    i.IIC_Stop          myiic.o
    0x08002958   0x08002958   0x00000058   Code   RO         3858    i.IIC_Wait_Ack      myiic.o
    0x080029b0   0x080029b0   0x0000005c   Code   RO         3908    i.In0_Process       usb_core.o
    0x08002a0c   0x08002a0c   0x00000038   Code   RO         4487    i.IntToUnicode      hw_config.o
    0x08002a44   0x08002a44   0x00000040   Code   RO         3530    i.KEY_Init          key.o
    0x08002a84   0x08002a84   0x00000068   Code   RO         3531    i.Key_Scan          key.o
    0x08002aec   0x08002aec   0x00000040   Code   RO         3548    i.LED_Init          led.o
    0x08002b2c   0x08002b2c   0x0000003c   Code   RO         4488    i.Leave_LowPowerMode  hw_config.o
    0x08002b68   0x08002b68   0x0000003a   Code   RO         3791    i.MAX44009_Init     max44009.o
    0x08002ba2   0x08002ba2   0x00000002   PAD
    0x08002ba4   0x08002ba4   0x00000050   Code   RO         3794    i.MAX44009_ReadLux  max44009.o
    0x08002bf4   0x08002bf4   0x0000003a   Code   RO         3795    i.MAX44009_ReadOneByte  max44009.o
    0x08002c2e   0x08002c2e   0x00000030   Code   RO         3798    i.MAX44009_WriteOneByte  max44009.o
    0x08002c5e   0x08002c5e   0x00000002   Code   RO          275    i.MemManage_Handler  stm32f10x_it.o
    0x08002c60   0x08002c60   0x00000002   Code   RO          276    i.NMI_Handler       stm32f10x_it.o
    0x08002c62   0x08002c62   0x00000002   Code   RO         3909    i.NOP_Process       usb_core.o
    0x08002c64   0x08002c64   0x00000064   Code   RO          514    i.NVIC_Init         misc.o
    0x08002cc8   0x08002cc8   0x00000014   Code   RO          515    i.NVIC_PriorityGroupConfig  misc.o
    0x08002cdc   0x08002cdc   0x000000d4   Code   RO         3910    i.NoData_Setup0     usb_core.o
    0x08002db0   0x08002db0   0x0000003c   Code   RO         3691    i.OLED_Clear        oled.o
    0x08002dec   0x08002dec   0x0000003e   Code   RO         3695    i.OLED_FillScreen   oled.o
    0x08002e2a   0x08002e2a   0x00000002   PAD
    0x08002e2c   0x08002e2c   0x0000014c   Code   RO         3696    i.OLED_Init         oled.o
    0x08002f78   0x08002f78   0x0000002c   Code   RO         3697    i.OLED_Set_Pos      oled.o
    0x08002fa4   0x08002fa4   0x0000005c   Code   RO         3703    i.OLED_WR_Byte      oled.o
    0x08003000   0x08003000   0x00000048   Code   RO         3911    i.Out0_Process      usb_core.o
    0x08003048   0x08003048   0x00000020   Code   RO         4083    i.PMAToUserBufferCopy  usb_mem.o
    0x08003068   0x08003068   0x00000002   Code   RO          277    i.PendSV_Handler    stm32f10x_it.o
    0x0800306a   0x0800306a   0x00000002   PAD
    0x0800306c   0x0800306c   0x00000044   Code   RO         3912    i.Post0_Process     usb_core.o
    0x080030b0   0x080030b0   0x0000002c   Code   RO         4769    i.PowerOn           usb_pwr.o
    0x080030dc   0x080030dc   0x00000014   Code   RO         2077    i.RCC_ADCCLKConfig  stm32f10x_rcc.o
    0x080030f0   0x080030f0   0x00000018   Code   RO         2079    i.RCC_APB1PeriphClockCmd  stm32f10x_rcc.o
    0x08003108   0x08003108   0x00000018   Code   RO         2081    i.RCC_APB2PeriphClockCmd  stm32f10x_rcc.o
    0x08003120   0x08003120   0x00000018   Code   RO         2082    i.RCC_APB2PeriphResetCmd  stm32f10x_rcc.o
    0x08003138   0x08003138   0x00000090   Code   RO         2089    i.RCC_GetClocksFreq  stm32f10x_rcc.o
    0x080031c8   0x080031c8   0x0000000c   Code   RO         2107    i.RCC_USBCLKConfig  stm32f10x_rcc.o
    0x080031d4   0x080031d4   0x00000094   Code   RO         4770    i.Resume            usb_pwr.o
    0x08003268   0x08003268   0x00000020   Code   RO         4771    i.Resume_Init       usb_pwr.o
    0x08003288   0x08003288   0x00000028   Code   RO         4619    i.SOF_Callback      usb_endp.o
    0x080032b0   0x080032b0   0x00000010   Code   RO         4813    i.SOLGUI_Clean      solgui_common.o
    0x080032c0   0x080032c0   0x000001a4   Code   RO         5051    i.SOLGUI_Cursor     solgui_widget.o
    0x08003464   0x08003464   0x0000003c   Code   RO         4814    i.SOLGUI_DrawPoint  solgui_common.o
    0x080034a0   0x080034a0   0x000000cc   Code   RO         4847    i.SOLGUI_GBasic_Line  solgui_gbasic.o
    0x0800356c   0x0800356c   0x0000009c   Code   RO         4849    i.SOLGUI_GBasic_Rectangle  solgui_gbasic.o
    0x08003608   0x08003608   0x0000000c   Code   RO         4909    i.SOLGUI_GetCurrentKey  solgui_menu.o
    0x08003614   0x08003614   0x00000004   Code   RO         4883    i.SOLGUI_Hardware_FillScreen  solgui_hardware.o
    0x08003618   0x08003618   0x0000000e   Code   RO         4884    i.SOLGUI_Hardware_Init  solgui_hardware.o
    0x08003626   0x08003626   0x00000002   PAD
    0x08003628   0x08003628   0x00000020   Code   RO         4815    i.SOLGUI_Init       solgui_common.o
    0x08003648   0x08003648   0x00000004   Code   RO         4910    i.SOLGUI_InputKey   solgui_menu.o
    0x0800364c   0x0800364c   0x00000040   Code   RO         4911    i.SOLGUI_Menu_PageStage  solgui_menu.o
    0x0800368c   0x0800368c   0x0000000c   Code   RO         4912    i.SOLGUI_Menu_SetHomePage  solgui_menu.o
    0x08003698   0x08003698   0x0000007c   Code   RO         4913    i.SOLGUI_Menu_Title  solgui_menu.o
    0x08003714   0x08003714   0x00000084   Code   RO         4996    i.SOLGUI_PutChar    solgui_printf.o
    0x08003798   0x08003798   0x00000036   Code   RO         4997    i.SOLGUI_PutString  solgui_printf.o
    0x080037ce   0x080037ce   0x00000002   PAD
    0x080037d0   0x080037d0   0x00000014   Code   RO         4816    i.SOLGUI_Refresh    solgui_common.o
    0x080037e4   0x080037e4   0x00000028   Code   RO         4998    i.SOLGUI_SwitchFont  solgui_printf.o
    0x0800380c   0x0800380c   0x0000003c   Code   RO         5057    i.SOLGUI_Widget_OptionText  solgui_widget.o
    0x08003848   0x08003848   0x00000420   Code   RO         5061    i.SOLGUI_Widget_Spin  solgui_widget.o
    0x08003c68   0x08003c68   0x00000014   Code   RO         4999    i.SOLGUI_printf     solgui_printf.o
    0x08003c7c   0x08003c7c   0x00000002   Code   RO          278    i.SVC_Handler       stm32f10x_it.o
    0x08003c7e   0x08003c7e   0x00000002   PAD
    0x08003c80   0x08003c80   0x00000010   Code   RO         4131    i.SetBTABLE         usb_regs.o
    0x08003c90   0x08003c90   0x00000048   Code   RO         3913    i.SetDeviceAddress  usb_core.o
    0x08003cd8   0x08003cd8   0x00000020   Code   RO         4145    i.SetEPRxAddr       usb_regs.o
    0x08003cf8   0x08003cf8   0x00000040   Code   RO         4146    i.SetEPRxCount      usb_regs.o
    0x08003d38   0x08003d38   0x00000030   Code   RO         4147    i.SetEPRxStatus     usb_regs.o
    0x08003d68   0x08003d68   0x00000024   Code   RO         4148    i.SetEPRxValid      usb_regs.o
    0x08003d8c   0x08003d8c   0x00000020   Code   RO         4149    i.SetEPTxAddr       usb_regs.o
    0x08003dac   0x08003dac   0x0000001c   Code   RO         4150    i.SetEPTxCount      usb_regs.o
    0x08003dc8   0x08003dc8   0x00000030   Code   RO         4151    i.SetEPTxStatus     usb_regs.o
    0x08003df8   0x08003df8   0x00000024   Code   RO         4152    i.SetEPTxValid      usb_regs.o
    0x08003e1c   0x08003e1c   0x0000001c   Code   RO         4153    i.SetEPType         usb_regs.o
    0x08003e38   0x08003e38   0x000000a8   Code   RO          361    i.SetSysClockTo72   system_stm32f10x.o
    0x08003ee0   0x08003ee0   0x00000014   Code   RO         4489    i.Set_USBClock      hw_config.o
    0x08003ef4   0x08003ef4   0x00000068   Code   RO         3914    i.Setup0_Process    usb_core.o
    0x08003f5c   0x08003f5c   0x000000fc   Code   RO         3915    i.Standard_ClearFeature  usb_core.o
    0x08004058   0x08004058   0x00000028   Code   RO         3916    i.Standard_GetConfiguration  usb_core.o
    0x08004080   0x08004080   0x0000001c   Code   RO         3917    i.Standard_GetDescriptorData  usb_core.o
    0x0800409c   0x0800409c   0x00000028   Code   RO         3918    i.Standard_GetInterface  usb_core.o
    0x080040c4   0x080040c4   0x00000094   Code   RO         3919    i.Standard_GetStatus  usb_core.o
    0x08004158   0x08004158   0x00000038   Code   RO         3920    i.Standard_SetConfiguration  usb_core.o
    0x08004190   0x08004190   0x00000024   Code   RO         3921    i.Standard_SetDeviceFeature  usb_core.o
    0x080041b4   0x080041b4   0x00000088   Code   RO         3922    i.Standard_SetEndPointFeature  usb_core.o
    0x0800423c   0x0800423c   0x00000048   Code   RO         3923    i.Standard_SetInterface  usb_core.o
    0x08004284   0x08004284   0x00000080   Code   RO         4772    i.Suspend           usb_pwr.o
    0x08004304   0x08004304   0x00000018   Code   RO          518    i.SysTick_CLKSourceConfig  misc.o
    0x0800431c   0x0800431c   0x00000002   Code   RO          279    i.SysTick_Handler   stm32f10x_it.o
    0x0800431e   0x0800431e   0x00000002   PAD
    0x08004320   0x08004320   0x00000050   Code   RO          363    i.SystemInit        system_stm32f10x.o
    0x08004370   0x08004370   0x0000002e   Code   RO            3    i.TIM2_IRQHandler   main.o
    0x0800439e   0x0800439e   0x0000005c   Code   RO         3602    i.TIM2_Int_Init     timer.o
    0x080043fa   0x080043fa   0x00000006   Code   RO         2705    i.TIM_ClearITPendingBit  stm32f10x_tim.o
    0x08004400   0x08004400   0x00000014   Code   RO         2710    i.TIM_Cmd           stm32f10x_tim.o
    0x08004414   0x08004414   0x00000018   Code   RO         2731    i.TIM_GetITStatus   stm32f10x_tim.o
    0x0800442c   0x0800442c   0x00000010   Code   RO         2735    i.TIM_ITConfig      stm32f10x_tim.o
    0x0800443c   0x0800443c   0x0000009c   Code   RO         2781    i.TIM_TimeBaseInit  stm32f10x_tim.o
    0x080044d8   0x080044d8   0x00000064   Code   RO          455    i.USART1_IRQHandler  usart.o
    0x0800453c   0x0800453c   0x00000014   Code   RO         3233    i.USART_Cmd         stm32f10x_usart.o
    0x08004550   0x08004550   0x000000ac   Code   RO         4490    i.USART_Config      hw_config.o
    0x080045fc   0x080045fc   0x0000003e   Code   RO         3237    i.USART_GetITStatus  stm32f10x_usart.o
    0x0800463a   0x0800463a   0x00000030   Code   RO         3239    i.USART_ITConfig    stm32f10x_usart.o
    0x0800466a   0x0800466a   0x00000002   PAD
    0x0800466c   0x0800466c   0x000000ac   Code   RO         3240    i.USART_Init        stm32f10x_usart.o
    0x08004718   0x08004718   0x00000008   Code   RO         3247    i.USART_ReceiveData  stm32f10x_usart.o
    0x08004720   0x08004720   0x00000008   Code   RO         4491    i.USBWakeUp_IRQHandler  hw_config.o
    0x08004728   0x08004728   0x0000003c   Code   RO         4492    i.USB_Cable_Config  hw_config.o
    0x08004764   0x08004764   0x00000028   Code   RO         4027    i.USB_Init          usb_init.o
    0x0800478c   0x0800478c   0x0000004c   Code   RO         4493    i.USB_Interrupts_Config  hw_config.o
    0x080047d8   0x080047d8   0x00000150   Code   RO         4645    i.USB_Istr          usb_istr.o
    0x08004928   0x08004928   0x00000004   Code   RO         4494    i.USB_LP_CAN1_RX0_IRQHandler  hw_config.o
    0x0800492c   0x0800492c   0x0000004c   Code   RO         4495    i.USB_Port_Set      hw_config.o
    0x08004978   0x08004978   0x00000020   Code   RO         4461    i.USB_SIL_Init      usb_sil.o
    0x08004998   0x08004998   0x00000024   Code   RO         4462    i.USB_SIL_Read      usb_sil.o
    0x080049bc   0x080049bc   0x00000058   Code   RO         4496    i.USB_To_USART_Send_Data  hw_config.o
    0x08004a14   0x08004a14   0x00000028   Code   RO         4497    i.USB_USART_SendData  hw_config.o
    0x08004a3c   0x08004a3c   0x00000002   Code   RO          280    i.UsageFault_Handler  stm32f10x_it.o
    0x08004a3e   0x08004a3e   0x00000002   PAD
    0x08004a40   0x08004a40   0x0000002c   Code   RO         4084    i.UserToPMABufferCopy  usb_mem.o
    0x08004a6c   0x08004a6c   0x00000054   Code   RO         4665    i.Virtual_Com_Port_Data_Setup  usb_prop.o
    0x08004ac0   0x08004ac0   0x0000000c   Code   RO         4666    i.Virtual_Com_Port_GetConfigDescriptor  usb_prop.o
    0x08004acc   0x08004acc   0x0000000c   Code   RO         4667    i.Virtual_Com_Port_GetDeviceDescriptor  usb_prop.o
    0x08004ad8   0x08004ad8   0x0000001c   Code   RO         4668    i.Virtual_Com_Port_GetLineCoding  usb_prop.o
    0x08004af4   0x08004af4   0x00000020   Code   RO         4669    i.Virtual_Com_Port_GetStringDescriptor  usb_prop.o
    0x08004b14   0x08004b14   0x0000000e   Code   RO         4670    i.Virtual_Com_Port_Get_Interface_Setting  usb_prop.o
    0x08004b22   0x08004b22   0x00000002   PAD
    0x08004b24   0x08004b24   0x00000024   Code   RO         4671    i.Virtual_Com_Port_NoData_Setup  usb_prop.o
    0x08004b48   0x08004b48   0x000000e0   Code   RO         4672    i.Virtual_Com_Port_Reset  usb_prop.o
    0x08004c28   0x08004c28   0x00000018   Code   RO         4673    i.Virtual_Com_Port_SetConfiguration  usb_prop.o
    0x08004c40   0x08004c40   0x0000000c   Code   RO         4674    i.Virtual_Com_Port_SetDeviceAddress  usb_prop.o
    0x08004c4c   0x08004c4c   0x0000001c   Code   RO         4675    i.Virtual_Com_Port_SetLineCoding  usb_prop.o
    0x08004c68   0x08004c68   0x00000018   Code   RO         4676    i.Virtual_Com_Port_Status_In  usb_prop.o
    0x08004c80   0x08004c80   0x00000002   Code   RO         4677    i.Virtual_Com_Port_Status_Out  usb_prop.o
    0x08004c82   0x08004c82   0x00000002   PAD
    0x08004c84   0x08004c84   0x00000024   Code   RO         4678    i.Virtual_Com_Port_init  usb_prop.o
    0x08004ca8   0x08004ca8   0x0000002c   Code   RO         4850    i._LineModes        solgui_gbasic.o
    0x08004cd4   0x08004cd4   0x0000001c   Code   RO         5064    i._OptionsDisplay_Judge  solgui_widget.o
    0x08004cf0   0x08004cf0   0x00000014   Code   RO         5065    i._OptionsDisplay_coorY  solgui_widget.o
    0x08004d04   0x08004d04   0x00000050   Code   RO         5066    i._Pow_10           solgui_widget.o
    0x08004d54   0x08004d54   0x0000015c   Code   RO            4    i._UI_MENU          main.o
    0x08004eb0   0x08004eb0   0x00000028   Code   RO         5465    i.__ARM_fpclassify  m_ws.l(fpclassify.o)
    0x08004ed8   0x08004ed8   0x0000038e   Code   RO         5000    i.__SOLGUI_printf   solgui_printf.o
    0x08005266   0x08005266   0x000000aa   Code   RO         5467    i.__kernel_poly     m_ws.l(poly.o)
    0x08005310   0x08005310   0x00000010   Code   RO         5451    i.__mathlib_dbl_divzero  m_ws.l(dunder.o)
    0x08005320   0x08005320   0x00000006   Code   RO         5452    i.__mathlib_dbl_infnan  m_ws.l(dunder.o)
    0x08005326   0x08005326   0x00000004   Code   RO         5453    i.__mathlib_dbl_infnan2  m_ws.l(dunder.o)
    0x0800532a   0x0800532a   0x0000000c   Code   RO         5454    i.__mathlib_dbl_invalid  m_ws.l(dunder.o)
    0x08005336   0x08005336   0x0000000e   Code   RO         5455    i.__mathlib_dbl_overflow  m_ws.l(dunder.o)
    0x08005344   0x08005344   0x00000010   Code   RO         5457    i.__mathlib_dbl_underflow  m_ws.l(dunder.o)
    0x08005354   0x08005354   0x0000000e   Code   RO         5241    i._is_digit         c_w.l(__printf_wp.o)
    0x08005362   0x08005362   0x00000002   Code   RO          456    i._sys_exit         usart.o
    0x08005364   0x08005364   0x0000003c   Code   RO          400    i.delay_init        delay.o
    0x080053a0   0x080053a0   0x00000034   Code   RO          401    i.delay_ms          delay.o
    0x080053d4   0x080053d4   0x00000034   Code   RO          402    i.delay_us          delay.o
    0x08005408   0x08005408   0x00000018   Code   RO          457    i.fputc             usart.o
    0x08005420   0x08005420   0x0000035c   Code   RO         5328    i.log               m_ws.l(log.o)
    0x0800577c   0x0800577c   0x000002ac   Code   RO            5    i.main              main.o
    0x08005a28   0x08005a28   0x000009d8   Code   RO         5338    i.pow               m_ws.l(pow.o)
    0x08006400   0x08006400   0x00000094   Code   RO         5347    i.round             m_ws.l(round.o)
    0x08006494   0x08006494   0x0000004c   Code   RO         5471    i.sqrt              m_ws.l(sqrt.o)
    0x080064e0   0x080064e0   0x0000006c   Code   RO          458    i.uart_init         usart.o
    0x0800654c   0x0800654c   0x00000034   Code   RO         4498    i.usb_printf        hw_config.o
    0x08006580   0x08006580   0x0000002c   Code   RO         5561    locale$$code        c_w.l(lc_numeric_c.o)
    0x080065ac   0x080065ac   0x0000002c   Code   RO         5578    locale$$code        c_w.l(lc_ctype_c.o)
    0x080065d8   0x080065d8   0x00000062   Code   RO         5265    x$fpl$d2f           fz_ws.l(d2f.o)
    0x0800663a   0x0800663a   0x00000002   PAD
    0x0800663c   0x0800663c   0x00000150   Code   RO         5267    x$fpl$dadd          fz_ws.l(daddsub_clz.o)
    0x0800678c   0x0800678c   0x00000010   Code   RO         5426    x$fpl$dcheck1       fz_ws.l(dcheck1.o)
    0x0800679c   0x0800679c   0x00000018   Code   RO         5428    x$fpl$dcmpinf       fz_ws.l(dcmpi.o)
    0x080067b4   0x080067b4   0x000002b0   Code   RO         5274    x$fpl$ddiv          fz_ws.l(ddiv.o)
    0x08006a64   0x08006a64   0x00000078   Code   RO         5430    x$fpl$deqf          fz_ws.l(deqf.o)
    0x08006adc   0x08006adc   0x0000005e   Code   RO         5277    x$fpl$dfix          fz_ws.l(dfix.o)
    0x08006b3a   0x08006b3a   0x00000002   PAD
    0x08006b3c   0x08006b3c   0x0000005a   Code   RO         5281    x$fpl$dfixu         fz_ws.l(dfixu.o)
    0x08006b96   0x08006b96   0x0000002e   Code   RO         5286    x$fpl$dflt          fz_ws.l(dflt_clz.o)
    0x08006bc4   0x08006bc4   0x00000026   Code   RO         5285    x$fpl$dfltu         fz_ws.l(dflt_clz.o)
    0x08006bea   0x08006bea   0x00000002   PAD
    0x08006bec   0x08006bec   0x00000078   Code   RO         5291    x$fpl$dleqf         fz_ws.l(dleqf.o)
    0x08006c64   0x08006c64   0x00000154   Code   RO         5293    x$fpl$dmul          fz_ws.l(dmul.o)
    0x08006db8   0x08006db8   0x0000009c   Code   RO         5432    x$fpl$dnaninf       fz_ws.l(dnaninf.o)
    0x08006e54   0x08006e54   0x0000000c   Code   RO         5434    x$fpl$dretinf       fz_ws.l(dretinf.o)
    0x08006e60   0x08006e60   0x0000006c   Code   RO         5295    x$fpl$drleqf        fz_ws.l(drleqf.o)
    0x08006ecc   0x08006ecc   0x000000b4   Code   RO         5436    x$fpl$drnd          fz_ws.l(drnd.o)
    0x08006f80   0x08006f80   0x00000016   Code   RO         5268    x$fpl$drsb          fz_ws.l(daddsub_clz.o)
    0x08006f96   0x08006f96   0x00000002   PAD
    0x08006f98   0x08006f98   0x000001cc   Code   RO         5517    x$fpl$dsqrt         fz_ws.l(dsqrt_noumaal.o)
    0x08007164   0x08007164   0x000001d4   Code   RO         5269    x$fpl$dsub          fz_ws.l(daddsub_clz.o)
    0x08007338   0x08007338   0x00000056   Code   RO         5297    x$fpl$f2d           fz_ws.l(f2d.o)
    0x0800738e   0x0800738e   0x00000002   PAD
    0x08007390   0x08007390   0x000000c4   Code   RO         5299    x$fpl$fadd          fz_ws.l(faddsub_clz.o)
    0x08007454   0x08007454   0x00000184   Code   RO         5306    x$fpl$fdiv          fz_ws.l(fdiv.o)
    0x080075d8   0x080075d8   0x00000036   Code   RO         5309    x$fpl$ffix          fz_ws.l(ffix.o)
    0x0800760e   0x0800760e   0x00000002   PAD
    0x08007610   0x08007610   0x00000030   Code   RO         5318    x$fpl$fflt          fz_ws.l(fflt_clz.o)
    0x08007640   0x08007640   0x00000026   Code   RO         5317    x$fpl$ffltu         fz_ws.l(fflt_clz.o)
    0x08007666   0x08007666   0x00000002   PAD
    0x08007668   0x08007668   0x00000102   Code   RO         5323    x$fpl$fmul          fz_ws.l(fmul.o)
    0x0800776a   0x0800776a   0x0000008c   Code   RO         5438    x$fpl$fnaninf       fz_ws.l(fnaninf.o)
    0x080077f6   0x080077f6   0x0000000a   Code   RO         5440    x$fpl$fretinf       fz_ws.l(fretinf.o)
    0x08007800   0x08007800   0x00000014   Code   RO         5300    x$fpl$frsb          fz_ws.l(faddsub_clz.o)
    0x08007814   0x08007814   0x000000ea   Code   RO         5301    x$fpl$fsub          fz_ws.l(faddsub_clz.o)
    0x080078fe   0x080078fe   0x00000004   Code   RO         5442    x$fpl$printf1       fz_ws.l(printf1.o)
    0x08007902   0x08007902   0x00000004   Code   RO         5444    x$fpl$printf2       fz_ws.l(printf2.o)
    0x08007906   0x08007906   0x00000064   Code   RO         5519    x$fpl$retnan        fz_ws.l(retnan.o)
    0x0800796a   0x0800796a   0x0000005c   Code   RO         5325    x$fpl$scalbn        fz_ws.l(scalbn.o)
    0x080079c6   0x080079c6   0x00000030   Code   RO         5573    x$fpl$trapveneer    fz_ws.l(trapv.o)
    0x080079f6   0x080079f6   0x00000000   Code   RO         5450    x$fpl$usenofp       fz_ws.l(usenofp.o)
    0x080079f6   0x080079f6   0x00000012   Data   RO         4600    .constdata          usb_desc.o
    0x08007a08   0x08007a08   0x00000043   Data   RO         4601    .constdata          usb_desc.o
    0x08007a4b   0x08007a4b   0x00000004   Data   RO         4602    .constdata          usb_desc.o
    0x08007a4f   0x08007a4f   0x00000026   Data   RO         4603    .constdata          usb_desc.o
    0x08007a75   0x08007a75   0x00000032   Data   RO         4604    .constdata          usb_desc.o
    0x08007aa7   0x08007aa7   0x0000001b   Data   RO         5070    .constdata          solgui_widget.o
    0x08007ac2   0x08007ac2   0x0000001b   Data   RO         5071    .constdata          solgui_widget.o
    0x08007add   0x08007add   0x0000001d   Data   RO         5072    .constdata          solgui_widget.o
    0x08007afa   0x08007afa   0x0000000f   Data   RO         5073    .constdata          solgui_widget.o
    0x08007b09   0x08007b09   0x00000003   Data   RO         5074    .constdata          solgui_widget.o
    0x08007b0c   0x08007b0c   0x00000350   Data   RO         5187    .constdata          font6x8_ascii.o
    0x08007e5c   0x08007e5c   0x000003b6   Data   RO         5205    .constdata          font8x10_ascii.o
    0x08008212   0x08008212   0x00000011   Data   RO         5249    .constdata          c_w.l(__printf_flags_ss_wp.o)
    0x08008223   0x08008223   0x00000005   PAD
    0x08008228   0x08008228   0x00000038   Data   RO         5329    .constdata          m_ws.l(log.o)
    0x08008260   0x08008260   0x00000088   Data   RO         5339    .constdata          m_ws.l(pow.o)
    0x080082e8   0x080082e8   0x00000008   Data   RO         5371    .constdata          c_w.l(_printf_wctomb.o)
    0x080082f0   0x080082f0   0x00000028   Data   RO         5400    .constdata          c_w.l(_printf_hex_int_ll_ptr.o)
    0x08008318   0x08008318   0x00000008   Data   RO         5469    .constdata          m_ws.l(qnan.o)
    0x08008320   0x08008320   0x00000026   Data   RO         5503    .constdata          c_w.l(_printf_fp_hex.o)
    0x08008346   0x08008346   0x00000002   PAD
    0x08008348   0x08008348   0x00000094   Data   RO         5536    .constdata          c_w.l(bigflt0.o)
    0x080083dc   0x080083dc   0x00000005   Data   RO            8    .conststring        main.o
    0x080083e1   0x080083e1   0x00000003   PAD
    0x080083e4   0x080083e4   0x00000006   Data   RO         5075    .conststring        solgui_widget.o
    0x080083ea   0x080083ea   0x00000002   PAD
    0x080083ec   0x080083ec   0x00000006   Data   RO         5076    .conststring        solgui_widget.o
    0x080083f2   0x080083f2   0x00000002   PAD
    0x080083f4   0x080083f4   0x00000007   Data   RO         5077    .conststring        solgui_widget.o
    0x080083fb   0x080083fb   0x00000001   PAD
    0x080083fc   0x080083fc   0x00000007   Data   RO         5078    .conststring        solgui_widget.o
    0x08008403   0x08008403   0x00000001   PAD
    0x08008404   0x08008404   0x00000005   Data   RO         5079    .conststring        solgui_widget.o
    0x08008409   0x08008409   0x00000003   PAD
    0x0800840c   0x0800840c   0x00000020   Data   RO         5700    Region$$Table       anon$$obj.o
    0x0800842c   0x0800842c   0x0000001c   Data   RO         5560    locale$$data        c_w.l(lc_numeric_c.o)
    0x08008448   0x08008448   0x00000110   Data   RO         5577    locale$$data        c_w.l(lc_ctype_c.o)


    Execution Region ER_RW (Exec base: 0x20000000, Load base: 0x08008558, Size: 0x00000294, Max: 0xffffffff, ABSOLUTE, COMPRESSED[0x0000014c])

    Exec Addr    Load Addr    Size         Type   Attr      Idx    E Section Name        Object

    0x20000000   COMPRESSED   0x000000a4   Data   RW            9    .data               main.o
    0x200000a4   COMPRESSED   0x00000014   Data   RW          364    .data               system_stm32f10x.o
    0x200000b8   COMPRESSED   0x00000004   Data   RW          403    .data               delay.o
    0x200000bc   COMPRESSED   0x00000002   Data   RW          460    .data               usart.o
    0x200000be   COMPRESSED   0x00000002   PAD
    0x200000c0   COMPRESSED   0x00000004   Data   RW          461    .data               usart.o
    0x200000c4   COMPRESSED   0x00000014   Data   RW         2109    .data               stm32f10x_rcc.o
    0x200000d8   COMPRESSED   0x00000004   Data   RW         3924    .data               usb_core.o
    0x200000dc   COMPRESSED   0x00000001   Data   RW         4029    .data               usb_init.o
    0x200000dd   COMPRESSED   0x00000003   PAD
    0x200000e0   COMPRESSED   0x0000000c   Data   RW         4030    .data               usb_init.o
    0x200000ec   COMPRESSED   0x00000002   Data   RW         4032    .data               usb_init.o
    0x200000ee   COMPRESSED   0x00000004   Data   RW         4055    .data               usb_int.o
    0x200000f2   COMPRESSED   0x00000002   Data   RW         4500    .data               hw_config.o
    0x200000f4   COMPRESSED   0x0000001a   Data   RW         4605    .data               usb_desc.o
    0x2000010e   COMPRESSED   0x00000002   PAD
    0x20000110   COMPRESSED   0x00000004   Data   RW         4621    .data               usb_endp.o
    0x20000114   COMPRESSED   0x0000000c   Data   RW         4646    .data               usb_istr.o
    0x20000120   COMPRESSED   0x0000001c   Data   RW         4647    .data               usb_istr.o
    0x2000013c   COMPRESSED   0x0000001c   Data   RW         4648    .data               usb_istr.o
    0x20000158   COMPRESSED   0x0000006c   Data   RW         4679    .data               usb_prop.o
    0x200001c4   COMPRESSED   0x00000002   Data   RW         4680    .data               usb_prop.o
    0x200001c6   COMPRESSED   0x00000002   PAD
    0x200001c8   COMPRESSED   0x00000024   Data   RW         4681    .data               usb_prop.o
    0x200001ec   COMPRESSED   0x00000004   Data   RW         4774    .data               usb_pwr.o
    0x200001f0   COMPRESSED   0x00000001   Data   RW         4775    .data               usb_pwr.o
    0x200001f1   COMPRESSED   0x00000003   PAD
    0x200001f4   COMPRESSED   0x00000008   Data   RW         4776    .data               usb_pwr.o
    0x200001fc   COMPRESSED   0x0000000f   Data   RW         4918    .data               solgui_menu.o
    0x2000020b   COMPRESSED   0x00000001   PAD
    0x2000020c   COMPRESSED   0x00000010   Data   RW         5001    .data               solgui_printf.o
    0x2000021c   COMPRESSED   0x00000010   Data   RW         5080    .data               solgui_widget.o
    0x2000022c   COMPRESSED   0x00000010   Data   RW         5081    .data               solgui_widget.o
    0x2000023c   COMPRESSED   0x00000010   Data   RW         5082    .data               solgui_widget.o
    0x2000024c   COMPRESSED   0x00000010   Data   RW         5083    .data               solgui_widget.o
    0x2000025c   COMPRESSED   0x00000010   Data   RW         5084    .data               solgui_widget.o
    0x2000026c   COMPRESSED   0x00000018   Data   RW         5085    .data               solgui_widget.o
    0x20000284   COMPRESSED   0x00000010   Data   RW         5086    .data               solgui_widget.o


    Execution Region ER_ZI (Exec base: 0x20000294, Load base: 0x080086a4, Size: 0x00001184, Max: 0xffffffff, ABSOLUTE)

    Exec Addr    Load Addr    Size         Type   Attr      Idx    E Section Name        Object

    0x20000294        -       0x000000c8   Zero   RW          459    .bss                usart.o
    0x2000035c        -       0x0000001c   Zero   RW         4028    .bss                usb_init.o
    0x20000378        -       0x00000594   Zero   RW         4499    .bss                hw_config.o
    0x2000090c        -       0x00000040   Zero   RW         4620    .bss                usb_endp.o
    0x2000094c        -       0x00000020   Zero   RW         4773    .bss                usb_pwr.o
    0x2000096c        -       0x00000400   Zero   RW         4817    .bss                solgui_common.o
    0x20000d6c        -       0x0000000c   Zero   RW         5068    .bss                solgui_widget.o
    0x20000d78        -       0x00000039   Zero   RW         5069    .bss                solgui_widget.o
    0x20000db1   0x080086a4   0x00000003   PAD
    0x20000db4        -       0x00000060   Zero   RW         5522    .bss                c_w.l(libspace.o)
    0x20000e14   0x080086a4   0x00000004   PAD
    0x20000e18        -       0x00000200   Zero   RW          508    HEAP                startup_stm32f10x_hd.o
    0x20001018        -       0x00000400   Zero   RW          507    STACK               startup_stm32f10x_hd.o


==============================================================================

Image component sizes


      Code (inc. data)   RO Data    RW Data    ZI Data      Debug   Object Name

       228         14          0          0          0       1739   adc.o
        56          6          0          0          0        492   beep.o
         0          0          0          0          0        654   control.o
       164         26          0          4          0       1671   delay.o
        24          0          0          0          0       1692   exti.o
         0          0        848          0          0        619   font6x8_ascii.o
         0          0        950          0          0        644   font8x10_ascii.o
       812        268          0          2       1428       9795   hw_config.o
       168         18          0          0          0       1030   key.o
        64          8          0          0          0        491   led.o
      1078        206          5        164          0     271082   main.o
       244         10          0          0          0       2366   max44009.o
       144         16          0          0          0       1993   misc.o
       604         66          0          0          0       4250   myiic.o
       590          8          0          0          0       2933   oled.o
       128         20          0          0       1024       2815   solgui_common.o
       404          0          0          0          0       2592   solgui_gbasic.o
        18          0          0          0          0        992   solgui_hardware.o
       300         48          0         15          0       4844   solgui_menu.o
      1156          6          0         16          0       6593   solgui_printf.o
      1664        106        132        120         69       9098   solgui_widget.o
        64         26        304          0       1536        788   startup_stm32f10x_hd.o
       364         22          0          0          0       8518   stm32f10x_adc.o
       124         10          0          0          0       1485   stm32f10x_exti.o
       272          6          0          0          0       4286   stm32f10x_gpio.o
        18          0          0          0          0       3586   stm32f10x_it.o
       248         44          0         20          0       6025   stm32f10x_rcc.o
       222         42          0          0          0       4393   stm32f10x_tim.o
       310          6          0          0          0       4966   stm32f10x_usart.o
         0          0          0          0          0         32   sys.o
       248         24          0         20          0       1681   system_stm32f10x.o
        92          0          0          0          0        652   timer.o
       234         22          0          6        200       4012   usart.o
      2186        284          0          4          0      15351   usb_core.o
         0          0        177         26          0       1059   usb_desc.o
       192         18          0          4         64       2256   usb_endp.o
        40         18          0         15         28       4114   usb_init.o
       348         30          0          4          0       1704   usb_int.o
       336         26          0         68          0       1587   usb_istr.o
        76         12          0          0          0       1820   usb_mem.o
       568        102          0        146          0      11301   usb_prop.o
       352         42          0         13         32       3600   usb_pwr.o
       582        100          0          0          0       9753   usb_regs.o
        68          8          0          0          0       1494   usb_sil.o

    ----------------------------------------------------------------------
     14820       1668       2460        660       4384     422848   Object Totals
         0          0         32          0          0          0   (incl. Generated)
        30          0         12         13          3          0   (incl. Padding)

    ----------------------------------------------------------------------

      Code (inc. data)   RO Data    RW Data    ZI Data      Debug   Library Member Name

        24          4          0          0          0         84   __2printf.o
        90          0          0          0          0          0   __dczerorl2.o
         8          0          0          0          0         68   __main.o
       392          4         17          0          0         92   __printf_flags_ss_wp.o
        14          0          0          0          0         68   __printf_wp.o
         0          0          0          0          0          0   __rtentry.o
        12          0          0          0          0          0   __rtentry2.o
         6          0          0          0          0          0   __rtentry4.o
        52          8          0          0          0          0   __scatter.o
        28          0          0          0          0          0   __scatter_zi.o
         6          0          0          0          0          0   _printf_a.o
         6          0          0          0          0          0   _printf_c.o
        44          0          0          0          0        108   _printf_char.o
        48          6          0          0          0         96   _printf_char_common.o
        36          4          0          0          0         80   _printf_char_file.o
        40          0          0          0          0         68   _printf_charcount.o
         6          0          0          0          0          0   _printf_d.o
       120         16          0          0          0         92   _printf_dec.o
         6          0          0          0          0          0   _printf_e.o
         6          0          0          0          0          0   _printf_f.o
      1054          0          0          0          0        216   _printf_fp_dec.o
       764          8         38          0          0        100   _printf_fp_hex.o
       128         16          0          0          0         84   _printf_fp_infnan.o
         6          0          0          0          0          0   _printf_g.o
       148          4         40          0          0        160   _printf_hex_int_ll_ptr.o
         6          0          0          0          0          0   _printf_i.o
       178          0          0          0          0         88   _printf_intcommon.o
        10          0          0          0          0          0   _printf_l.o
         6          0          0          0          0          0   _printf_lc.o
        10          0          0          0          0          0   _printf_ll.o
         6          0          0          0          0          0   _printf_lld.o
         6          0          0          0          0          0   _printf_lli.o
         6          0          0          0          0          0   _printf_llo.o
         6          0          0          0          0          0   _printf_llu.o
         6          0          0          0          0          0   _printf_llx.o
       124         16          0          0          0         92   _printf_longlong_dec.o
         6          0          0          0          0          0   _printf_ls.o
         6          0          0          0          0          0   _printf_n.o
         6          0          0          0          0          0   _printf_o.o
       112         10          0          0          0        124   _printf_oct_int_ll.o
         6          0          0          0          0          0   _printf_p.o
        78          0          0          0          0        108   _printf_pad.o
         0          0          0          0          0          0   _printf_percent.o
         4          0          0          0          0          0   _printf_percent_end.o
         6          0          0          0          0          0   _printf_s.o
        82          0          0          0          0         80   _printf_str.o
        36          0          0          0          0         84   _printf_truncate.o
         6          0          0          0          0          0   _printf_u.o
        44          0          0          0          0        108   _printf_wchar.o
       188          6          8          0          0         92   _printf_wctomb.o
         6          0          0          0          0          0   _printf_x.o
        22          0          0          0          0        100   _rserrno.o
        10          0          0          0          0         68   _sputc.o
        64          0          0          0          0         92   _wcrtomb.o
       228          4        148          0          0         96   bigflt0.o
      1936        128          0          0          0        672   btod.o
        18          0          0          0          0         80   exit.o
         8          0          0          0          0         68   ferror.o
         6          0          0          0          0        152   heapauxi.o
        44         10        272          0          0         76   lc_ctype_c.o
        44         10         28          0          0         76   lc_numeric_c.o
         2          0          0          0          0          0   libinit.o
        30          0          0          0          0          0   libinit2.o
         2          0          0          0          0          0   libshutdown.o
         2          0          0          0          0          0   libshutdown2.o
         8          4          0          0         96         68   libspace.o
       138          0          0          0          0         80   lludiv10.o
        16          4          0          0          0         76   rt_ctype_table.o
         8          4          0          0          0         68   rt_errno_addr_intlibspace.o
         8          4          0          0          0         68   rt_locale_intlibspace.o
        68          0          0          0          0         68   rt_memclr.o
        78          0          0          0          0         80   rt_memclr_w.o
         2          0          0          0          0          0   rtexit.o
        10          0          0          0          0          0   rtexit2.o
       128          0          0          0          0         68   strcmpv7m.o
        62          0          0          0          0         76   strlen.o
        74          0          0          0          0         80   sys_stackheap_outer.o
         2          0          0          0          0         68   use_no_semi.o
         2          0          0          0          0         68   use_no_semi_2.o
        36          4          0          0          0         76   vsprintf.o
        98          4          0          0          0         92   d2f.o
       826         16          0          0          0        348   daddsub_clz.o
        16          4          0          0          0         68   dcheck1.o
        24          0          0          0          0         68   dcmpi.o
       688        140          0          0          0        208   ddiv.o
       120          4          0          0          0         92   deqf.o
        94          4          0          0          0         92   dfix.o
        90          4          0          0          0         92   dfixu.o
        84          0          0          0          0        136   dflt_clz.o
       120          4          0          0          0         92   dleqf.o
       340         12          0          0          0        104   dmul.o
       156          4          0          0          0         92   dnaninf.o
        12          0          0          0          0         68   dretinf.o
       108          0          0          0          0         80   drleqf.o
       180          4          0          0          0         80   drnd.o
       460         56          0          0          0        120   dsqrt_noumaal.o
        86          4          0          0          0         84   f2d.o
       450          8          0          0          0        236   faddsub_clz.o
       388         76          0          0          0         96   fdiv.o
        54          4          0          0          0         84   ffix.o
        86          0          0          0          0        136   fflt_clz.o
       258          4          0          0          0         84   fmul.o
       140          4          0          0          0         84   fnaninf.o
        10          0          0          0          0         68   fretinf.o
         4          0          0          0          0         68   printf1.o
         4          0          0          0          0         68   printf2.o
       100          0          0          0          0         68   retnan.o
        92          0          0          0          0         68   scalbn.o
        48          0          0          0          0         68   trapv.o
         0          0          0          0          0          0   usenofp.o
        68         10          0          0          0        408   dunder.o
        40          0          0          0          0         68   fpclassify.o
       860         52         56          0          0        256   log.o
       170          0          0          0          0         96   poly.o
      2520        190        136          0          0        324   pow.o
         0          0          8          0          0          0   qnan.o
       148         12          0          0          0         88   round.o
        76          0          0          0          0         84   sqrt.o

    ----------------------------------------------------------------------
     16098        894        758          0        100       8884   Library Totals
        30          0          7          0          4          0   (incl. Padding)

    ----------------------------------------------------------------------

      Code (inc. data)   RO Data    RW Data    ZI Data      Debug   Library Name

      7050        274        551          0         96       4516   c_w.l
      5136        356          0          0          0       3044   fz_ws.l
      3882        264        200          0          0       1324   m_ws.l

    ----------------------------------------------------------------------
     16098        894        758          0        100       8884   Library Totals

    ----------------------------------------------------------------------

==============================================================================


      Code (inc. data)   RO Data    RW Data    ZI Data      Debug   

     30918       2562       3218        660       4484     417116   Grand Totals
     30918       2562       3218        332       4484     417116   ELF Image Totals (compressed)
     30918       2562       3218        332          0          0   ROM Totals

==============================================================================

    Total RO  Size (Code + RO Data)                34136 (  33.34kB)
    Total RW  Size (RW Data + ZI Data)              5144 (   5.02kB)
    Total ROM Size (Code + RO Data + RW Data)      34468 (  33.66kB)

==============================================================================

